,INST,EN_TIME,EN_ID,EN_TT,EN_Q,EN_PRICE,EN_CODE,EN_VAR,EX_TIME,EX_ID,EX_TT,EX_Q,EX_PRICE,EX_CODE,EX_VAR,P&L,ROI,P&L %,ROI %,Equity Curve,Drawdown %
0,NSE_FO:NIFTY25JAN2318200CE [LOCAL],2023-01-01 09:15:00+05:30,59190048f89a44bf8cea7d414dddd803,SELL,50,267.45,INTRADAY,MARKET,2023-01-01 15:30:00+05:30,c60a2802717c46fea0fe457de73b3d7c,BUY,50,267.45,INTRADAY,MARKET,-0.0,-0.0,-0.0,-0.0,50000.0,0.0
1,NSE_FO:NIFTY25JAN2318200PE [LOCAL],2023-01-01 09:15:00+05:30,f273121d24664b47865bab1ecb43bf62,SELL,50,255.65,INTRADAY,MARKET,2023-01-01 15:30:00+05:30,c634d214159e4cbb9ef4b5af603ea4ca,BUY,50,255.65,INTRADAY,MARKET,-0.0,-0.0,-0.0,-0.0,50000.0,0.0
2,NSE_FO:NIFTY25JAN2318250CE [LOCAL],2023-01-02 09:15:00+05:30,bfabd158d4604d77a8c87bf47ba53b35,SELL,50,237.5,INTRADAY,MARKET,2023-01-02 15:30:00+05:30,d459a71de75a4b4abb4e81844e650b7e,BUY,50,259.8,INTRADAY,MARKET,-1115.0,-1115.0,-9.39,-2.23,48885.0,-2.23
3,NSE_FO:NIFTY25JAN2318250PE [LOCAL],2023-01-02 09:15:00+05:30,ce4f65783554445abd158a17a61519df,SELL,50,277.0,INTRADAY,MARKET,2023-01-02 15:30:00+05:30,926f0da964964c3f9902765234ba167d,BUY,50,239.05,INTRADAY,MARKET,1897.5,782.5,13.7,1.57,50782.5,0.0
4,NSE_FO:NIFTY25JAN2318250CE [LOCAL],2023-01-03 09:15:00+05:30,53066760429d4ce5a59118e626202ac4,SELL,50,240.0,INTRADAY,MARKET,2023-01-03 15:30:00+05:30,5773196c3dc54d28b183360c7f1ddf3a,BUY,50,275.4,INTRADAY,MARKET,-1770.0,-987.5,-14.75,-1.98,49012.5,-3.49
5,NSE_FO:NIFTY25JAN2318250PE [LOCAL],2023-01-03 09:15:00+05:30,316297fca87e47649646a5174c3e3cc8,SELL,50,250.0,INTRADAY,MARKET,2023-01-03 15:30:00+05:30,f76a706359d947809a32248e29424442,BUY,50,198.2,INTRADAY,MARKET,2590.0,1602.5,20.72,3.21,51602.5,0.0
6,NSE_FO:NIFTY25JAN2318350CE [LOCAL],2023-01-04 09:15:00+05:30,75178f473f334c0e9e56e30bbbe2f78f,SELL,50,198.0,INTRADAY,MARKET,2023-01-04 15:30:00+05:30,0ae2002621fa4dd3903399b030dd5ea0,BUY,50,131.2,INTRADAY,MARKET,3340.0,4942.5,33.74,9.88,54942.5,0.0
7,NSE_FO:NIFTY25JAN2318350PE [LOCAL],2023-01-04 09:15:00+05:30,fc17f4cfcf2b4fd5b0a9b23c9b461472,SELL,50,265.15,INTRADAY,MARKET,2023-01-04 15:30:00+05:30,dde12e9d30a347eabe22fd4e5f174723,BUY,50,368.0,INTRADAY,MARKET,-5142.5,-200.0,-38.79,-0.4,49800.0,-9.36
8,NSE_FO:NIFTY25JAN2318200CE [LOCAL],2023-01-05 09:15:00+05:30,114f05cc2b004b28bff84f02a755500c,SELL,50,209.9,INTRADAY,MARKET,2023-01-05 15:30:00+05:30,da5df676603947a49098e96440f73aa1,BUY,50,157.7,INTRADAY,MARKET,2610.0,2410.0,24.87,4.82,52410.0,-4.61
9,NSE_FO:NIFTY25JAN2318200PE [LOCAL],2023-01-05 09:15:00+05:30,091f4b23ecd642f69d1d771698e36e60,SELL,50,274.2,INTRADAY,MARKET,2023-01-05 15:30:00+05:30,ba1c8a118a874f92b8703f645a862bd7,BUY,50,300.05,INTRADAY,MARKET,-1292.5,1117.5,-9.43,2.23,51117.5,-6.96
10,NSE_FO:NIFTY25JAN2318100CE [LOCAL],2023-01-06 09:15:00+05:30,d8a82370638b4b14a37320d8c2ca78f2,SELL,50,208.0,INTRADAY,MARKET,2023-01-06 15:30:00+05:30,3f1b74976cc94fec9ece1d26596ab960,BUY,50,143.2,INTRADAY,MARKET,3240.0,4357.5,31.15,8.71,54357.5,-1.06
11,NSE_FO:NIFTY25JAN2318100PE [LOCAL],2023-01-06 09:15:00+05:30,255315a8c41449f1830c5895e4eab0df,SELL,50,243.6,INTRADAY,MARKET,2023-01-06 15:30:00+05:30,a88037dae63446eea2ad78436f25b9ef,BUY,50,295.85,INTRADAY,MARKET,-2612.5,1745.0,-21.45,3.49,51745.0,-5.82
12,NSE_FO:NIFTY25JAN2318050CE [LOCAL],2023-01-09 09:15:00+05:30,7b3ca7b03391406fbe5d63844f5651b9,SELL,50,199.8,INTRADAY,MARKET,2023-01-09 15:30:00+05:30,112579206c184a068fce4da599b66694,BUY,50,265.0,INTRADAY,MARKET,-3260.0,-1515.0,-32.63,-3.03,48485.0,-11.75
13,NSE_FO:NIFTY25JAN2318050PE [LOCAL],2023-01-09 09:15:00+05:30,2eb02a793eb64a50bd77ec09ac4ca7e1,SELL,50,216.65,INTRADAY,MARKET,2023-01-09 15:30:00+05:30,aae93c53056a4a3699e947126ea33646,BUY,50,143.5,INTRADAY,MARKET,3657.5,2142.5,33.76,4.29,52142.5,-5.1
14,NSE_FO:NIFTY25JAN2318200CE [LOCAL],2023-01-10 09:15:00+05:30,804786207ccb4d408f3b668467177c68,SELL,50,174.75,INTRADAY,MARKET,2023-01-10 15:30:00+05:30,b88ab93ed07447098ee42f3d4258f0a8,BUY,50,108.45,INTRADAY,MARKET,3315.0,5457.5,37.94,10.91,55457.5,0.0
15,NSE_FO:NIFTY25JAN2318200PE [LOCAL],2023-01-10 09:15:00+05:30,d518114e7c314dd8860131a715051e49,SELL,50,208.3,INTRADAY,MARKET,2023-01-10 15:30:00+05:30,e926a386758c43e4bba4c6f9a37026e7,BUY,50,321.45,INTRADAY,MARKET,-5657.5,-200.0,-54.32,-0.4,49800.0,-10.2
16,NSE_FO:NIFTY25JAN2318000CE [LOCAL],2023-01-11 09:15:00+05:30,b41765091fb1475faf35f3a7296db8a5,SELL,50,204.55,INTRADAY,MARKET,2023-01-11 15:30:00+05:30,f0532cfae4dc4d998d8d7fdce94b5eb6,BUY,50,174.0,INTRADAY,MARKET,1527.5,1327.5,14.94,2.66,51327.5,-7.45
17,NSE_FO:NIFTY25JAN2318000PE [LOCAL],2023-01-11 09:15:00+05:30,61183d72a5714b469c3363d9197b5f7c,SELL,50,211.0,INTRADAY,MARKET,2023-01-11 15:30:00+05:30,5750a69c9fd04990b6cd1aa7f3478669,BUY,50,221.4,INTRADAY,MARKET,-520.0,807.5,-4.93,1.62,50807.5,-8.38
18,NSE_FO:NIFTY25JAN2318000CE [LOCAL],2023-01-12 09:15:00+05:30,8fde09526f09482e8cd0d40c9e2a9ba4,SELL,50,180.0,INTRADAY,MARKET,2023-01-12 15:30:00+05:30,3b87e51977c54c01b175cb62c4fb93f8,BUY,50,145.75,INTRADAY,MARKET,1712.5,2520.0,19.03,5.04,52520.0,-5.3
19,NSE_FO:NIFTY25JAN2318000PE [LOCAL],2023-01-12 09:15:00+05:30,9b8550c315564eb1834a110d1387b02e,SELL,50,207.9,INTRADAY,MARKET,2023-01-12 15:30:00+05:30,657746bdd5a944cd8ccefe0a2951807a,BUY,50,230.65,INTRADAY,MARKET,-1137.5,1382.5,-10.94,2.77,51382.5,-7.35
20,NSE_FO:NIFTY25JAN2317950CE [LOCAL],2023-01-13 09:15:00+05:30,f4de9b58d6a4410e87514518173bb4fd,SELL,50,177.0,INTRADAY,MARKET,2023-01-13 15:30:00+05:30,fa1b57969e994d69932c283143a21d37,BUY,50,202.0,INTRADAY,MARKET,-1250.0,132.5,-14.12,0.27,50132.5,-9.6
21,NSE_FO:NIFTY25JAN2317950PE [LOCAL],2023-01-13 09:15:00+05:30,ca7876fe715f4c1c95ac15227f14b0a8,SELL,50,199.95,INTRADAY,MARKET,2023-01-13 15:30:00+05:30,fd9cc2a7a7dc4a98a6b2c2b9d880ee97,BUY,50,137.0,INTRADAY,MARKET,3147.5,3280.0,31.48,6.56,53280.0,-3.93
22,NSE_FO:NIFTY25JAN2318150CE [LOCAL],2023-01-16 09:15:00+05:30,f380a8ee506748389e5e2bd8fbd2ffd4,SELL,50,121.0,INTRADAY,MARKET,2023-01-16 15:30:00+05:30,62b307c847854bdd80185ac8efa88c70,BUY,50,69.55,INTRADAY,MARKET,2572.5,5852.5,42.52,11.71,55852.5,0.0
23,NSE_FO:NIFTY25JAN2318150PE [LOCAL],2023-01-16 09:15:00+05:30,f83be00bf8f54ea080e73ef22d9fc888,SELL,50,230.55,INTRADAY,MARKET,2023-01-16 15:30:00+05:30,b59be9dd92184e4480ae33a40a6a44a2,BUY,50,278.15,INTRADAY,MARKET,-2380.0,3472.5,-20.65,6.94,53472.5,-4.26
24,NSE_FO:NIFTY25JAN2318000CE [LOCAL],2023-01-17 09:15:00+05:30,5560f17b0c8446079833e00e4a89fdd9,SELL,50,125.8,INTRADAY,MARKET,2023-01-17 15:30:00+05:30,f15f8cbce7fa471ebd9b4dbdadb75b7e,BUY,50,192.65,INTRADAY,MARKET,-3342.5,130.0,-53.14,0.26,50130.0,-10.25
25,NSE_FO:NIFTY25JAN2318000PE [LOCAL],2023-01-17 09:15:00+05:30,5e552b2b743b4037b5ee6e2fa097a3b9,SELL,50,196.8,INTRADAY,MARKET,2023-01-17 15:30:00+05:30,e23090703d294665a8955ef636a91fd9,BUY,50,100.35,INTRADAY,MARKET,4822.5,4952.5,49.01,9.9,54952.5,-1.61
26,NSE_FO:NIFTY25JAN2318150CE [LOCAL],2023-01-18 09:15:00+05:30,d4517b3e42f84cfba33167372704e4b4,SELL,50,110.05,INTRADAY,MARKET,2023-01-18 15:30:00+05:30,a4e6cf43a8c74b7dbe50111103d5ee47,BUY,50,144.3,INTRADAY,MARKET,-1712.5,3240.0,-31.12,6.48,53240.0,-4.68
27,NSE_FO:NIFTY25JAN2318150PE [LOCAL],2023-01-18 09:15:00+05:30,a9aa721217eb4504b1cc754a23e4d2e3,SELL,50,156.05,INTRADAY,MARKET,2023-01-18 15:30:00+05:30,16cc2c094e0345668451087d0ce95538,BUY,50,107.7,INTRADAY,MARKET,2417.5,5657.5,30.98,11.31,55657.5,-0.35
28,NSE_FO:NIFTY25JAN2318200CE [LOCAL],2023-01-19 09:15:00+05:30,3779d2061da24a2dabd0157d0ee2601e,SELL,50,109.6,INTRADAY,MARKET,2023-01-19 15:30:00+05:30,be25f19e5b0d4ecba7ad5f7292bd0262,BUY,50,68.3,INTRADAY,MARKET,2065.0,7722.5,37.68,15.45,57722.5,0.0
29,NSE_FO:NIFTY25JAN2318200PE [LOCAL],2023-01-19 09:15:00+05:30,473d238f909748ec99b5bc54582a5989,SELL,50,150.0,INTRADAY,MARKET,2023-01-19 15:30:00+05:30,298ce17743814212bc2e4499188955b6,BUY,50,157.5,INTRADAY,MARKET,-375.0,7347.5,-5.0,14.7,57347.5,-0.65
30,NSE_FO:NIFTY25JAN2318200CE [LOCAL],2023-01-20 09:15:00+05:30,a8c92e1aa38b4b41ac9cf402233cad75,SELL,50,69.15,INTRADAY,MARKET,2023-01-20 15:30:00+05:30,d6df526014bf43d7bb4d50162ee41fed,BUY,50,35.75,INTRADAY,MARKET,1670.0,9017.5,48.3,18.04,59017.5,0.0
31,NSE_FO:NIFTY25JAN2318200PE [LOCAL],2023-01-20 09:15:00+05:30,b5c9eaa1d7644477be575060fe2c61a4,SELL,50,150.0,INTRADAY,MARKET,2023-01-20 15:30:00+05:30,5aec4d87674d4cb4ae64baa9fe1cc26e,BUY,50,179.85,INTRADAY,MARKET,-1492.5,7525.0,-19.9,15.05,57525.0,-2.53
32,NSE_FO:NIFTY25JAN2318200CE [LOCAL],2023-01-23 09:15:00+05:30,8796794bd29f4f518be3ed366474662e,SELL,50,46.8,INTRADAY,MARKET,2023-01-23 15:30:00+05:30,82da763bf299474589181bfc9ff656fa,BUY,50,39.65,INTRADAY,MARKET,357.5,7882.5,15.28,15.77,57882.5,-1.92
33,NSE_FO:NIFTY25JAN2318200PE [LOCAL],2023-01-23 09:15:00+05:30,6a28e7b9687b47b2860f6efe9eccd4ae,SELL,50,125.25,INTRADAY,MARKET,2023-01-23 15:30:00+05:30,ed6d4e9b7dbd4862b53aba02fab24d8e,BUY,50,88.5,INTRADAY,MARKET,1837.5,9720.0,29.34,19.44,59720.0,0.0
34,NSE_FO:NIFTY25JAN2318300CE [LOCAL],2023-01-24 09:15:00+05:30,bcbcd5b99faa4ff1a9e12c0905cb29c3,SELL,50,16.95,INTRADAY,MARKET,2023-01-24 15:30:00+05:30,ffb501ba2ad14051bda87fd4655ee50b,BUY,50,3.6,INTRADAY,MARKET,667.5,10387.5,78.76,20.77,60387.5,0.0
35,NSE_FO:NIFTY25JAN2318300PE [LOCAL],2023-01-24 09:15:00+05:30,e0ee7167c14c499a9fc218d3b0918f6a,SELL,50,146.05,INTRADAY,MARKET,2023-01-24 15:30:00+05:30,1ffa240fbc6c4f57bccb0b769cf44fb5,BUY,50,171.55,INTRADAY,MARKET,-1275.0,9112.5,-17.46,18.22,59112.5,-2.11
36,NSE_FO:NIFTY25JAN2318200CE [LOCAL],2023-01-25 09:15:00+05:30,5eeea49204e849c6bdf7cb790a24e921,SELL,50,12.7,INTRADAY,MARKET,2023-01-25 15:30:00+05:30,25f1e870a892463d9522982f23160ea7,BUY,50,0.1,INTRADAY,MARKET,630.0,9742.5,99.21,19.48,59742.5,-1.07
37,NSE_FO:NIFTY25JAN2318200PE [LOCAL],2023-01-25 09:15:00+05:30,fd008d224384459188a9b6968eb35858,SELL,50,106.1,INTRADAY,MARKET,2023-01-25 15:30:00+05:30,6d2d4f4eb6f440c18100ac70d0e10ab5,BUY,50,308.3,INTRADAY,MARKET,-10110.0,-367.5,-190.57,-0.74,49632.5,-17.81
38,NSE_FO:NIFTY23FEB2318000CE [LOCAL],2023-01-27 09:15:00+05:30,0ac0e2ddc99741a4b22cc36f6a959928,SELL,50,273.8,INTRADAY,MARKET,2023-01-27 15:30:00+05:30,92d68d1bd06e47ec9916dccef884557b,BUY,50,186.0,INTRADAY,MARKET,4390.0,4022.5,32.07,8.04,54022.5,-10.54
39,NSE_FO:NIFTY23FEB2318000PE [LOCAL],2023-01-27 09:15:00+05:30,5f8d76371d0a499994622fec28fef062,SELL,50,291.1,INTRADAY,MARKET,2023-01-27 15:30:00+05:30,3f46fba4119840a996a420d5a78b62c0,BUY,50,494.7,INTRADAY,MARKET,-10180.0,-6157.5,-69.94,-12.32,43842.5,-27.4
40,NSE_FO:NIFTY23FEB2317650CE [LOCAL],2023-01-30 09:15:00+05:30,465c1f9142d846bc8911ba3bbe6338b0,SELL,50,352.35,INTRADAY,MARKET,2023-01-30 15:30:00+05:30,0a630f88015d468a965974c67d3d3b03,BUY,50,367.25,INTRADAY,MARKET,-745.0,-6902.5,-4.23,-13.8,43097.5,-28.63
41,NSE_FO:NIFTY23FEB2317650PE [LOCAL],2023-01-30 09:15:00+05:30,8ad22182396f4ed3acf24b2ee8badf1c,SELL,50,304.0,INTRADAY,MARKET,2023-01-30 15:30:00+05:30,344da83b7d7540d3926fc76897215249,BUY,50,276.6,INTRADAY,MARKET,1370.0,-5532.5,9.01,-11.06,44467.5,-26.36
42,NSE_FO:NIFTY23FEB2317850CE [LOCAL],2023-01-31 09:15:00+05:30,fd307dba677c4f238a90457e9d72f455,SELL,50,280.55,INTRADAY,MARKET,2023-01-31 15:30:00+05:30,73411c089992406bb5ce609bd9fbc064,BUY,50,273.95,INTRADAY,MARKET,330.0,-5202.5,2.35,-10.4,44797.5,-25.82
43,NSE_FO:NIFTY23FEB2317850PE [LOCAL],2023-01-31 09:15:00+05:30,dc68b8bd97004237a5e65dae7da66b97,SELL,50,340.0,INTRADAY,MARKET,2023-01-31 15:30:00+05:30,798bc0f2c99d405cb5aaf1e7e4d8cd3e,BUY,50,309.55,INTRADAY,MARKET,1522.5,-3680.0,8.96,-7.36,46320.0,-23.3
44,NSE_FO:NIFTY23FEB2317900CE [LOCAL],2023-02-01 09:15:00+05:30,fc0d287100924afb8f9c2146d3e87ffa,SELL,50,285.0,INTRADAY,MARKET,2023-02-01 15:30:00+05:30,2de7c433c4724a499fa7c55b9d8725a9,BUY,50,177.1,INTRADAY,MARKET,5395.0,1715.0,37.86,3.43,51715.0,-14.36
45,NSE_FO:NIFTY23FEB2317900PE [LOCAL],2023-02-01 09:15:00+05:30,76d94705f4be4f72bcb4b91d3cef150a,SELL,50,314.5,INTRADAY,MARKET,2023-02-01 15:30:00+05:30,c3bf914e866240fb85f884b07b2fe85d,BUY,50,380.9,INTRADAY,MARKET,-3320.0,-1605.0,-21.11,-3.21,48395.0,-19.86
46,NSE_FO:NIFTY23FEB2317600CE [LOCAL],2023-02-02 09:15:00+05:30,0fa2ca5451464b4bbe4fa51b3b516abb,SELL,50,289.15,INTRADAY,MARKET,2023-02-02 15:30:00+05:30,811f2f22db8d438b99063e60c3d61f35,BUY,50,297.1,INTRADAY,MARKET,-397.5,-2002.5,-2.75,-4.0,47997.5,-20.52
47,NSE_FO:NIFTY23FEB2317600PE [LOCAL],2023-02-02 09:15:00+05:30,5768a7e29e224e2f9abdb270892fdc42,SELL,50,288.35,INTRADAY,MARKET,2023-02-02 15:30:00+05:30,fb0d3f8dc13c44e788fb38970430daf1,BUY,50,219.9,INTRADAY,MARKET,3422.5,1420.0,23.74,2.84,51420.0,-14.85
48,NSE_FO:NIFTY23FEB2317800CE [LOCAL],2023-02-03 09:15:00+05:30,8bceaba0e8dc4fa7bbe7b3c2761cab44,SELL,50,227.3,INTRADAY,MARKET,2023-02-03 15:30:00+05:30,54847ae3736945f9b62ebd46e1592ddc,BUY,50,279.2,INTRADAY,MARKET,-2595.0,-1175.0,-22.83,-2.35,48825.0,-19.15
49,NSE_FO:NIFTY23FEB2317800PE [LOCAL],2023-02-03 09:15:00+05:30,007b9963d6a548968c92707b8f841f78,SELL,50,265.65,INTRADAY,MARKET,2023-02-03 15:30:00+05:30,8d024f1bdc884203b8f18df4a4cb9ad5,BUY,50,174.9,INTRADAY,MARKET,4537.5,3362.5,34.16,6.72,53362.5,-11.63
50,NSE_FO:NIFTY23FEB2317900CE [LOCAL],2023-02-06 09:15:00+05:30,2dc96724972044d08d5ca42af8dc5182,SELL,50,208.75,INTRADAY,MARKET,2023-02-06 15:30:00+05:30,4d7d044c5416461e8ec457ba7467b190,BUY,50,158.0,INTRADAY,MARKET,2537.5,5900.0,24.31,11.8,55900.0,-7.43
51,NSE_FO:NIFTY23FEB2317900PE [LOCAL],2023-02-06 09:15:00+05:30,c8f44c554519403494701fcaaad48e7b,SELL,50,231.0,INTRADAY,MARKET,2023-02-06 15:30:00+05:30,3d6d0e844191455a8e45d7941c641188,BUY,50,253.0,INTRADAY,MARKET,-1100.0,4800.0,-9.52,9.6,54800.0,-9.25
52,NSE_FO:NIFTY23FEB2317900CE [LOCAL],2023-02-07 09:15:00+05:30,4d70febb62ab49a2b7eac471c73a21b6,SELL,50,165.0,INTRADAY,MARKET,2023-02-07 15:30:00+05:30,c4b3ba195e1747ed925d0b47b8f7c19d,BUY,50,138.75,INTRADAY,MARKET,1312.5,6112.5,15.91,12.22,56112.5,-7.08
53,NSE_FO:NIFTY23FEB2317900PE [LOCAL],2023-02-07 09:15:00+05:30,d4b25a6e09ba463a976f27a9335da354,SELL,50,241.95,INTRADAY,MARKET,2023-02-07 15:30:00+05:30,2b7aa743472545679403d921b644f868,BUY,50,250.25,INTRADAY,MARKET,-415.0,5697.5,-3.43,11.4,55697.5,-7.77
54,NSE_FO:NIFTY23FEB2317850CE [LOCAL],2023-02-08 09:15:00+05:30,06c72d2fda5a486babbd0c0d04976aa3,SELL,50,167.4,INTRADAY,MARKET,2023-02-08 15:30:00+05:30,edd33abc9ab6493e8eeeb7bc931b0905,BUY,50,202.45,INTRADAY,MARKET,-1752.5,3945.0,-20.94,7.89,53945.0,-10.67
55,NSE_FO:NIFTY23FEB2317850PE [LOCAL],2023-02-08 09:15:00+05:30,95923a0965a84fcbb2bb2aaf57ca94c5,SELL,50,207.0,INTRADAY,MARKET,2023-02-08 15:30:00+05:30,2ce902f4efd34b22898f034cae16fe6e,BUY,50,149.2,INTRADAY,MARKET,2890.0,6835.0,27.92,13.67,56835.0,-5.88
56,NSE_FO:NIFTY23FEB2318000CE [LOCAL],2023-02-09 09:15:00+05:30,f57716a0a0f04c4fb8576758e81f4e1b,SELL,50,125.0,INTRADAY,MARKET,2023-02-09 15:30:00+05:30,e48a1613d58845f08e991d5dadb31f65,BUY,50,127.65,INTRADAY,MARKET,-132.5,6702.5,-2.12,13.4,56702.5,-6.1
57,NSE_FO:NIFTY23FEB2318000PE [LOCAL],2023-02-09 09:15:00+05:30,2db1054f1fe34e1a92aa3c1e84a01c61,SELL,50,220.05,INTRADAY,MARKET,2023-02-09 15:30:00+05:30,ef7a8fa3bee24f628f23b3aed50488e4,BUY,50,186.5,INTRADAY,MARKET,1677.5,8380.0,15.25,16.76,58380.0,-3.32
58,NSE_FO:NIFTY23FEB2317950CE [LOCAL],2023-02-10 09:15:00+05:30,e70b60b6d4f845c9a2c78ff2f1747324,SELL,50,115.05,INTRADAY,MARKET,2023-02-10 15:30:00+05:30,4447a7e2215440f987b98e0f890b586d,BUY,50,113.25,INTRADAY,MARKET,90.0,8470.0,1.56,16.94,58470.0,-3.18
59,NSE_FO:NIFTY23FEB2317950PE [LOCAL],2023-02-10 09:15:00+05:30,526b6e18922f4b50af18c350c25d5336,SELL,50,174.95,INTRADAY,MARKET,2023-02-10 15:30:00+05:30,8b7048ebfd20484786ed65ebe3640c51,BUY,50,178.0,INTRADAY,MARKET,-152.5,8317.5,-1.74,16.63,58317.5,-3.43
60,NSE_FO:NIFTY23FEB2317950CE [LOCAL],2023-02-13 09:15:00+05:30,6336fe983d2240448c15d1e73ea149b0,SELL,50,100.95,INTRADAY,MARKET,2023-02-13 15:30:00+05:30,cc343209be3e4cfc994a38fffb59a16a,BUY,50,75.6,INTRADAY,MARKET,1267.5,9585.0,25.11,19.17,59585.0,-1.33
61,NSE_FO:NIFTY23FEB2317950PE [LOCAL],2023-02-13 09:15:00+05:30,50b1799d021942f1ad640a11305e54b3,SELL,50,184.95,INTRADAY,MARKET,2023-02-13 15:30:00+05:30,4a8d84cfed2e457eb70e566e59739a61,BUY,50,228.25,INTRADAY,MARKET,-2165.0,7420.0,-23.41,14.84,57420.0,-4.91
62,NSE_FO:NIFTY23FEB2317950CE [LOCAL],2023-02-14 09:15:00+05:30,c1a3bb3b8dd44bf1bf53bfecdefa818f,SELL,50,84.95,INTRADAY,MARKET,2023-02-14 15:30:00+05:30,4cd3e99649e6452991a2869e3affab63,BUY,50,128.05,INTRADAY,MARKET,-2155.0,5265.0,-50.74,10.53,55265.0,-8.48
63,NSE_FO:NIFTY23FEB2317950PE [LOCAL],2023-02-14 09:15:00+05:30,cf5b83c1ca4345ff8206b3fdd009775b,SELL,50,213.7,INTRADAY,MARKET,2023-02-14 15:30:00+05:30,6cde58a8f9cc4e7195c6928531836e40,BUY,50,138.8,INTRADAY,MARKET,3745.0,9010.0,35.05,18.02,59010.0,-2.28
64,NSE_FO:NIFTY23FEB2318000CE [LOCAL],2023-02-15 09:15:00+05:30,b364e2567244443d8ab1936838e6f350,SELL,50,104.0,INTRADAY,MARKET,2023-02-15 15:30:00+05:30,a92a314e770148ab97cce337ebf66764,BUY,50,133.4,INTRADAY,MARKET,-1470.0,7540.0,-28.27,15.08,57540.0,-4.72
65,NSE_FO:NIFTY23FEB2318000PE [LOCAL],2023-02-15 09:15:00+05:30,cc4f908d850d40d6af860c0bd6360a30,SELL,50,181.95,INTRADAY,MARKET,2023-02-15 15:30:00+05:30,21776042b1754f568989b3ad8a7a63c9,BUY,50,99.35,INTRADAY,MARKET,4130.0,11670.0,45.4,23.34,61670.0,0.0
66,NSE_FO:NIFTY23FEB2318200CE [LOCAL],2023-02-16 09:15:00+05:30,736f98d3e65c418596f818088e6a7c35,SELL,50,55.0,INTRADAY,MARKET,2023-02-16 15:30:00+05:30,96b115d9d69d432487168878948106d2,BUY,50,42.45,INTRADAY,MARKET,627.5,12297.5,22.82,24.6,62297.5,0.0
67,NSE_FO:NIFTY23FEB2318200PE [LOCAL],2023-02-16 09:15:00+05:30,6a99b85a7ccd4ca7963e879541148d23,SELL,50,171.0,INTRADAY,MARKET,2023-02-16 15:30:00+05:30,db068589b1d64b5ab12956d060098464,BUY,50,185.5,INTRADAY,MARKET,-725.0,11572.5,-8.48,23.14,61572.5,-1.16
68,NSE_FO:NIFTY23FEB2318050CE [LOCAL],2023-02-17 09:15:00+05:30,db09cfe258844ae3a6e15353e663a663,SELL,50,89.9,INTRADAY,MARKET,2023-02-17 15:30:00+05:30,9689612d45734ea59987402919349248,BUY,50,55.5,INTRADAY,MARKET,1720.0,13292.5,38.26,26.58,63292.5,0.0
69,NSE_FO:NIFTY23FEB2318050PE [LOCAL],2023-02-17 09:15:00+05:30,8f7ca9d17784459b959d7b2ccc610e90,SELL,50,116.0,INTRADAY,MARKET,2023-02-17 15:30:00+05:30,5075374214fa412188e170e2edb6a788,BUY,50,149.1,INTRADAY,MARKET,-1655.0,11637.5,-28.53,23.28,61637.5,-2.61
70,NSE_FO:NIFTY23FEB2318050CE [LOCAL],2023-02-20 09:15:00+05:30,569052c32a6e411489d2fcbec780b28e,SELL,50,55.05,INTRADAY,MARKET,2023-02-20 15:30:00+05:30,c193f4949c1d40e0b9268ff08e8d81f6,BUY,50,26.9,INTRADAY,MARKET,1407.5,13045.0,51.14,26.09,63045.0,-0.39
71,NSE_FO:NIFTY23FEB2318050PE [LOCAL],2023-02-20 09:15:00+05:30,0057c18c5b4e484983141afb3550af80,SELL,50,149.0,INTRADAY,MARKET,2023-02-20 15:30:00+05:30,660a7f309086496a84017f4225efe1ec,BUY,50,211.5,INTRADAY,MARKET,-3125.0,9920.0,-41.95,19.84,59920.0,-5.33
72,NSE_FO:NIFTY23FEB2318000CE [LOCAL],2023-02-21 09:15:00+05:30,658156ba22f44257b6f4c12a36a4e933,SELL,50,36.0,INTRADAY,MARKET,2023-02-21 15:30:00+05:30,1a76dc122f974adca80b8e00bd796d9c,BUY,50,17.3,INTRADAY,MARKET,935.0,10855.0,51.94,21.71,60855.0,-3.85
73,NSE_FO:NIFTY23FEB2318000PE [LOCAL],2023-02-21 09:15:00+05:30,14e5e89905fa4d43bf5454dca1e7b95d,SELL,50,150.05,INTRADAY,MARKET,2023-02-21 15:30:00+05:30,d7036200834948dc8cab45f5097d1b3a,BUY,50,186.95,INTRADAY,MARKET,-1845.0,9010.0,-24.59,18.02,59010.0,-6.77
74,NSE_FO:NIFTY23FEB2317850CE [LOCAL],2023-02-22 09:15:00+05:30,efa28948d7e641489f6cebec0f03f600,SELL,50,50.0,INTRADAY,MARKET,2023-02-22 15:30:00+05:30,55a1d695063b429a8a466a9916723084,BUY,50,4.7,INTRADAY,MARKET,2265.0,11275.0,90.6,22.55,61275.0,-3.19
75,NSE_FO:NIFTY23FEB2317850PE [LOCAL],2023-02-22 09:15:00+05:30,3b110db7f7054ae19d908062ad429d51,SELL,50,99.1,INTRADAY,MARKET,2023-02-22 15:30:00+05:30,0f6d002be99240e79c39df90493725bb,BUY,50,288.75,INTRADAY,MARKET,-9482.5,1792.5,-191.37,3.58,51792.5,-18.17
76,NSE_FO:NIFTY23FEB2317650CE [LOCAL],2023-02-23 09:15:00+05:30,50097de7c30c4ce8888df813a51f21a8,SELL,50,26.0,INTRADAY,MARKET,2023-02-23 15:30:00+05:30,7e81696fd84447458accfef2f324651d,BUY,50,0.15,INTRADAY,MARKET,1292.5,3085.0,99.42,6.17,53085.0,-16.13
77,NSE_FO:NIFTY23FEB2317650PE [LOCAL],2023-02-23 09:15:00+05:30,58e25a10dbd843a090b6ba181e383dbe,SELL,50,100.55,INTRADAY,MARKET,2023-02-23 15:30:00+05:30,b24bfb5a4983407a944237bf4b52157a,BUY,50,143.05,INTRADAY,MARKET,-2125.0,960.0,-42.27,1.92,50960.0,-19.48
78,NSE_FO:NIFTY29MAR2317700CE [LOCAL],2023-02-24 09:15:00+05:30,853d15ee23d0489ca0e7d03db6aee0f3,SELL,50,247.0,INTRADAY,MARKET,2023-02-24 15:30:00+05:30,1571cd2463b743e080a8dad59205c69e,BUY,50,180.25,INTRADAY,MARKET,3337.5,4297.5,27.02,8.6,54297.5,-14.21
79,NSE_FO:NIFTY29MAR2317700PE [LOCAL],2023-02-24 09:15:00+05:30,9fe080cd4f164c30b3f632c29b631787,SELL,50,278.3,INTRADAY,MARKET,2023-02-24 15:30:00+05:30,bc57f5b2a4024caaa75478a6fdd30e47,BUY,50,310.15,INTRADAY,MARKET,-1592.5,2705.0,-11.44,5.41,52705.0,-16.73
80,NSE_FO:NIFTY29MAR2317550CE [LOCAL],2023-02-27 09:15:00+05:30,60fcfc54fcd842b2a394b1ae04db3f9c,SELL,50,227.35,INTRADAY,MARKET,2023-02-27 15:30:00+05:30,5706ea64f9284106844e69829df62119,BUY,50,212.0,INTRADAY,MARKET,767.5,3472.5,6.75,6.94,53472.5,-15.52
81,NSE_FO:NIFTY29MAR2317550PE [LOCAL],2023-02-27 09:15:00+05:30,163f1edaedd049cd9c07ea10ec195c50,SELL,50,275.0,INTRADAY,MARKET,2023-02-27 15:30:00+05:30,55c6b68574da40ac872e2d54fb586263,BUY,50,254.7,INTRADAY,MARKET,1015.0,4487.5,7.38,8.98,54487.5,-13.91
82,NSE_FO:NIFTY29MAR2317500CE [LOCAL],2023-02-28 09:15:00+05:30,76812ca0ca2a4094b0975dab0b500d7a,SELL,50,240.0,INTRADAY,MARKET,2023-02-28 15:30:00+05:30,6a9e37e603b742f986b1495bdf9c4aed,BUY,50,240.0,INTRADAY,MARKET,-0.0,4487.5,-0.0,8.98,54487.5,-13.91
83,NSE_FO:NIFTY29MAR2317500PE [LOCAL],2023-02-28 09:15:00+05:30,852291ba16e94e3383f02873393a522d,SELL,50,232.55,INTRADAY,MARKET,2023-02-28 15:30:00+05:30,54d207689d3a418fa8313d5bcf213fea,BUY,50,232.55,INTRADAY,MARKET,-0.0,4487.5,-0.0,8.98,54487.5,-13.91
84,NSE_FO:NIFTY29MAR2317450CE [LOCAL],2023-03-01 09:15:00+05:30,aa5e13794e5c42ebaa4424d55890e9ac,SELL,50,217.75,INTRADAY,MARKET,2023-03-01 15:30:00+05:30,694c45a25d45475f934ce6a5c5f9d7fd,BUY,50,260.0,INTRADAY,MARKET,-2112.5,2375.0,-19.4,4.75,52375.0,-17.25
85,NSE_FO:NIFTY29MAR2317450PE [LOCAL],2023-03-01 09:15:00+05:30,3c8163e3e775496cbdeb101e04794497,SELL,50,263.8,INTRADAY,MARKET,2023-03-01 15:30:00+05:30,8f0b757470934900ac40bafccfcc84ea,BUY,50,183.2,INTRADAY,MARKET,4030.0,6405.0,30.55,12.81,56405.0,-10.88
86,NSE_FO:NIFTY29MAR2317500CE [LOCAL],2023-03-02 09:15:00+05:30,51c686eb336b4a0eb0ab22827477a5d3,SELL,50,218.4,INTRADAY,MARKET,2023-03-02 15:30:00+05:30,16358cd4178a47dc812fed434228560d,BUY,50,162.85,INTRADAY,MARKET,2777.5,9182.5,25.43,18.37,59182.5,-6.49
87,NSE_FO:NIFTY29MAR2317500PE [LOCAL],2023-03-02 09:15:00+05:30,488dfcd925504c2cabba76089cbbc8c0,SELL,50,211.45,INTRADAY,MARKET,2023-03-02 15:30:00+05:30,5c9b07507a38444198cb23b9ecd3a59c,BUY,50,262.8,INTRADAY,MARKET,-2567.5,6615.0,-24.28,13.23,56615.0,-10.55
88,NSE_FO:NIFTY29MAR2317550CE [LOCAL],2023-03-03 09:15:00+05:30,223529759e9949da93b4c6082a740ff3,SELL,50,170.0,INTRADAY,MARKET,2023-03-03 15:30:00+05:30,71eee242bd0b471daf503cdd9d67207a,BUY,50,261.45,INTRADAY,MARKET,-4572.5,2042.5,-53.79,4.08,52042.5,-17.77
89,NSE_FO:NIFTY29MAR2317550PE [LOCAL],2023-03-03 09:15:00+05:30,4e22a82125c24061a1fbb2d9dce733fc,SELL,50,232.95,INTRADAY,MARKET,2023-03-03 15:30:00+05:30,69ef4c7d8e6a45d1886f24f16fc772cb,BUY,50,147.8,INTRADAY,MARKET,4257.5,6300.0,36.55,12.6,56300.0,-11.05
90,NSE_FO:NIFTY29MAR2317800CE [LOCAL],2023-03-06 09:15:00+05:30,5114cb0d4b584a93b3f9d2df00e287b1,SELL,50,153.55,INTRADAY,MARKET,2023-03-06 15:30:00+05:30,784e718cfcc243469bb049c7cf6bf05d,BUY,50,169.7,INTRADAY,MARKET,-807.5,5492.5,-10.52,10.98,55492.5,-12.32
91,NSE_FO:NIFTY29MAR2317800PE [LOCAL],2023-03-06 09:15:00+05:30,e5f20752ea3d448c9db1e63880993823,SELL,50,212.45,INTRADAY,MARKET,2023-03-06 15:30:00+05:30,8e945355acbc4707af864a9613ffb782,BUY,50,197.65,INTRADAY,MARKET,740.0,6232.5,6.97,12.46,56232.5,-11.15
92,NSE_FO:NIFTY29MAR2317750CE [LOCAL],2023-03-08 09:15:00+05:30,c6d2f93d972043818024108bf2f4e033,SELL,50,160.0,INTRADAY,MARKET,2023-03-08 15:30:00+05:30,b176eedd1add421dbce1f18d115e79f3,BUY,50,210.65,INTRADAY,MARKET,-2532.5,3700.0,-31.66,7.4,53700.0,-15.16
93,NSE_FO:NIFTY29MAR2317750PE [LOCAL],2023-03-08 09:15:00+05:30,00f2869965474a9b84b452d528558c64,SELL,50,205.0,INTRADAY,MARKET,2023-03-08 15:30:00+05:30,d92c4f3574cc465e933b0d825d58e41e,BUY,50,165.6,INTRADAY,MARKET,1970.0,5670.0,19.22,11.34,55670.0,-12.04
94,NSE_FO:NIFTY29MAR2317850CE [LOCAL],2023-03-09 09:15:00+05:30,785cd22fcf4043b78613197324fa8023,SELL,50,163.9,INTRADAY,MARKET,2023-03-09 15:30:00+05:30,50429a7198a94ac0b1e4f12082948250,BUY,50,96.6,INTRADAY,MARKET,3365.0,9035.0,41.06,18.07,59035.0,-6.73
95,NSE_FO:NIFTY29MAR2317850PE [LOCAL],2023-03-09 09:15:00+05:30,0d2b851745ec40ddb6a8c81ec5cd4a31,SELL,50,203.95,INTRADAY,MARKET,2023-03-09 15:30:00+05:30,87d282ab72874d11960d2d2f07c29cc4,BUY,50,305.15,INTRADAY,MARKET,-5060.0,3975.0,-49.62,7.95,53975.0,-14.72
96,NSE_FO:NIFTY29MAR2317550CE [LOCAL],2023-03-10 09:15:00+05:30,d2d8512751284dbc88d572135fc4d681,SELL,50,181.05,INTRADAY,MARKET,2023-03-10 15:30:00+05:30,61654c12859e45158ff29ba1052c93eb,BUY,50,138.75,INTRADAY,MARKET,2115.0,6090.0,23.36,12.18,56090.0,-11.38
97,NSE_FO:NIFTY29MAR2317550PE [LOCAL],2023-03-10 09:15:00+05:30,d3b62df54eb94cdf9f9119903c3e594d,SELL,50,244.95,INTRADAY,MARKET,2023-03-10 15:30:00+05:30,e70be0ac349641ae998210f9d17538d0,BUY,50,240.0,INTRADAY,MARKET,247.5,6337.5,2.02,12.68,56337.5,-10.99
98,NSE_FO:NIFTY29MAR2317500CE [LOCAL],2023-03-13 09:15:00+05:30,3315e60f3c24433ab25024a10f4fb8d5,SELL,50,175.0,INTRADAY,MARKET,2023-03-13 15:30:00+05:30,5c18b05a1be84d169ee15036934e6dc8,BUY,50,95.0,INTRADAY,MARKET,4000.0,10337.5,45.71,20.67,60337.5,-4.67
99,NSE_FO:NIFTY29MAR2317500PE [LOCAL],2023-03-13 09:15:00+05:30,10b47c17e5b94314b4831f90931f6306,SELL,50,201.0,INTRADAY,MARKET,2023-03-13 15:30:00+05:30,525c64916c4748fab336cd98c38489da,BUY,50,400.6,INTRADAY,MARKET,-9980.0,357.5,-99.3,0.72,50357.5,-20.44
100,NSE_FO:NIFTY29MAR2317250CE [LOCAL],2023-03-14 09:15:00+05:30,42bcb65d53cf4e7a92b7de5fb8dfac42,SELL,50,199.95,INTRADAY,MARKET,2023-03-14 15:30:00+05:30,52d2bdfad9bd4b2cb47306a9fc62fde6,BUY,50,156.6,INTRADAY,MARKET,2167.5,2525.0,21.68,5.05,52525.0,-17.01
101,NSE_FO:NIFTY29MAR2317250PE [LOCAL],2023-03-14 09:15:00+05:30,c62f7954568f4ce79738c4d5eecd9d7e,SELL,50,244.25,INTRADAY,MARKET,2023-03-14 15:30:00+05:30,1c672abaa72a40cd959e74b62636f8f0,BUY,50,261.3,INTRADAY,MARKET,-852.5,1672.5,-6.98,3.34,51672.5,-18.36
102,NSE_FO:NIFTY29MAR2317250CE [LOCAL],2023-03-15 09:15:00+05:30,53e52099deee48d9856f7f69e3bc802f,SELL,50,175.0,INTRADAY,MARKET,2023-03-15 15:30:00+05:30,0ee40264df2b43b88cebb7434cde5fa9,BUY,50,107.8,INTRADAY,MARKET,3360.0,5032.5,38.4,10.06,55032.5,-13.05
103,NSE_FO:NIFTY29MAR2317250PE [LOCAL],2023-03-15 09:15:00+05:30,bb946facff4941b7bb1eefcba4c38a63,SELL,50,240.0,INTRADAY,MARKET,2023-03-15 15:30:00+05:30,f6ab01e29dfe4b9f99d51f2ef3029396,BUY,50,330.0,INTRADAY,MARKET,-4500.0,532.5,-37.5,1.06,50532.5,-20.16
104,NSE_FO:NIFTY29MAR2317100CE [LOCAL],2023-03-16 09:15:00+05:30,f5be33e3e2b148dd833d6b62ce3b1cd2,SELL,50,170.9,INTRADAY,MARKET,2023-03-16 15:30:00+05:30,3fa7603f980c41b9821c1249d665d64f,BUY,50,170.5,INTRADAY,MARKET,20.0,552.5,0.23,1.1,50552.5,-20.13
105,NSE_FO:NIFTY29MAR2317100PE [LOCAL],2023-03-16 09:15:00+05:30,fd631ee5d8d24dd8ab236821d9d67dd4,SELL,50,246.15,INTRADAY,MARKET,2023-03-16 15:30:00+05:30,60325cc485f84aeda6d85c0a4954457c,BUY,50,238.65,INTRADAY,MARKET,375.0,927.5,3.05,1.86,50927.5,-19.54
106,NSE_FO:NIFTY29MAR2317200CE [LOCAL],2023-03-17 09:15:00+05:30,05192d380ec74592b8ad42431bdf2514,SELL,50,169.95,INTRADAY,MARKET,2023-03-17 15:30:00+05:30,3f2838903e42470889439b507a3c4a6a,BUY,50,161.45,INTRADAY,MARKET,425.0,1352.5,5.0,2.7,51352.5,-18.86
107,NSE_FO:NIFTY29MAR2317200PE [LOCAL],2023-03-17 09:15:00+05:30,d9b7f0ee0d054e7ea0435fd087c1583f,SELL,50,225.0,INTRADAY,MARKET,2023-03-17 15:30:00+05:30,db83b6be7fa34c819f0062906bb49cd9,BUY,50,173.1,INTRADAY,MARKET,2595.0,3947.5,23.07,7.9,53947.5,-14.76
108,NSE_FO:NIFTY29MAR2317150CE [LOCAL],2023-03-20 09:15:00+05:30,294c88b2b22b481d82a283b7e384a0e3,SELL,50,185.55,INTRADAY,MARKET,2023-03-20 15:30:00+05:30,859d1ac004c346e0898277cb3867ed65,BUY,50,114.2,INTRADAY,MARKET,3567.5,7515.0,38.45,15.03,57515.0,-9.13
109,NSE_FO:NIFTY29MAR2317150PE [LOCAL],2023-03-20 09:15:00+05:30,6fd6a40ba9e349989081e23138c108b8,SELL,50,190.0,INTRADAY,MARKET,2023-03-20 15:30:00+05:30,2543be27f3d84f859eba67bbf924c506,BUY,50,233.25,INTRADAY,MARKET,-2162.5,5352.5,-22.76,10.7,55352.5,-12.54
110,NSE_FO:NIFTY29MAR2317150CE [LOCAL],2023-03-21 09:15:00+05:30,6e5a0b1392b44a95a112f0218d87098e,SELL,50,131.0,INTRADAY,MARKET,2023-03-21 15:30:00+05:30,f932978414274710b764e77d7e8c2107,BUY,50,151.8,INTRADAY,MARKET,-1040.0,4312.5,-15.88,8.62,54312.5,-14.19
111,NSE_FO:NIFTY29MAR2317150PE [LOCAL],2023-03-21 09:15:00+05:30,f86d4e9443c04e86b4a1f02d43bb387d,SELL,50,182.85,INTRADAY,MARKET,2023-03-21 15:30:00+05:30,fdbad584a1b14d2cb37986d1d15d33e1,BUY,50,147.2,INTRADAY,MARKET,1782.5,6095.0,19.5,12.19,56095.0,-11.37
112,NSE_FO:NIFTY29MAR2317300CE [LOCAL],2023-03-22 09:15:00+05:30,cf1a7b5535b74da5bb60d666d061d398,SELL,50,92.9,INTRADAY,MARKET,2023-03-22 15:30:00+05:30,a289d105680741989a9b4c844da11952,BUY,50,86.25,INTRADAY,MARKET,332.5,6427.5,7.16,12.86,56427.5,-10.85
113,NSE_FO:NIFTY29MAR2317300PE [LOCAL],2023-03-22 09:15:00+05:30,fc828e9f7fcc40f4979da54c12b5b0d3,SELL,50,200.0,INTRADAY,MARKET,2023-03-22 15:30:00+05:30,f406baff8a5441daa7a06185dcea4ae7,BUY,50,194.6,INTRADAY,MARKET,270.0,6697.5,2.7,13.4,56697.5,-10.42
114,NSE_FO:NIFTY29MAR2317200CE [LOCAL],2023-03-23 09:15:00+05:30,7462156e9c5b494d837d26b0a1ab18c8,SELL,50,105.0,INTRADAY,MARKET,2023-03-23 15:30:00+05:30,901017709e9c40f8b5d180bd102ac2e4,BUY,50,63.4,INTRADAY,MARKET,2080.0,8777.5,39.62,17.56,58777.5,-7.13
115,NSE_FO:NIFTY29MAR2317200PE [LOCAL],2023-03-23 09:15:00+05:30,16d2703be91c4eaca9a46c8ee16bbd6b,SELL,50,181.0,INTRADAY,MARKET,2023-03-23 15:30:00+05:30,c831f081a85e4b4cb43cd181082d0c78,BUY,50,183.25,INTRADAY,MARKET,-112.5,8665.0,-1.24,17.33,58665.0,-7.31
116,NSE_FO:NIFTY29MAR2317200CE [LOCAL],2023-03-24 09:15:00+05:30,1a4b4b7f8ecb444e8b6da457454c0b97,SELL,50,66.0,INTRADAY,MARKET,2023-03-24 15:30:00+05:30,e596cb3d81ed48b0a9a48a761ec5799c,BUY,50,27.7,INTRADAY,MARKET,1915.0,10580.0,58.03,21.16,60580.0,-4.29
117,NSE_FO:NIFTY29MAR2317200PE [LOCAL],2023-03-24 09:15:00+05:30,63be2301913f4a2ea4cb4581e943bb32,SELL,50,170.0,INTRADAY,MARKET,2023-03-24 15:30:00+05:30,77476f3533274767a151610910b33fc7,BUY,50,258.5,INTRADAY,MARKET,-4425.0,6155.0,-52.06,12.31,56155.0,-11.28
118,NSE_FO:NIFTY29MAR2317100CE [LOCAL],2023-03-27 09:15:00+05:30,1a972337c6b84cd699007ebe5d1eb18f,SELL,50,52.0,INTRADAY,MARKET,2023-03-27 15:30:00+05:30,f62cfe3e43094de69ffc2939f48ca0bf,BUY,50,46.0,INTRADAY,MARKET,300.0,6455.0,11.54,12.91,56455.0,-10.8
119,NSE_FO:NIFTY29MAR2317100PE [LOCAL],2023-03-27 09:15:00+05:30,241b9a4749ef4f859760e0d964b4e369,SELL,50,210.6,INTRADAY,MARKET,2023-03-27 15:30:00+05:30,7532d1e78ec9420db10b9f170dd5e6ee,BUY,50,123.35,INTRADAY,MARKET,4362.5,10817.5,41.43,21.64,60817.5,-3.91
120,NSE_FO:NIFTY29MAR2317150CE [LOCAL],2023-03-28 09:15:00+05:30,39f55b13bc864f56b6b3ad1c3a288940,SELL,50,35.3,INTRADAY,MARKET,2023-03-28 15:30:00+05:30,5b940d9e57b34534975103980e865364,BUY,50,5.8,INTRADAY,MARKET,1475.0,12292.5,83.57,24.58,62292.5,-1.58
121,NSE_FO:NIFTY29MAR2317150PE [LOCAL],2023-03-28 09:15:00+05:30,aeb9e2986d9b410cbc517685499aac5a,SELL,50,123.45,INTRADAY,MARKET,2023-03-28 15:30:00+05:30,76be565659b948aeb56ce25a83a8b30b,BUY,50,195.45,INTRADAY,MARKET,-3600.0,8692.5,-58.32,17.39,58692.5,-7.27
122,NSE_FO:NIFTY29MAR2317100CE [LOCAL],2023-03-29 09:15:00+05:30,3115eebcb25c4c398261c86e3f0643d8,SELL,50,9.0,INTRADAY,MARKET,2023-03-29 15:30:00+05:30,190db943a88b4dea898cdde97e1d7113,BUY,50,2.8,INTRADAY,MARKET,310.0,9002.5,68.89,18.0,59002.5,-6.78
123,NSE_FO:NIFTY29MAR2317100PE [LOCAL],2023-03-29 09:15:00+05:30,4d4ae0ba9554435e820f82373521ac11,SELL,50,140.0,INTRADAY,MARKET,2023-03-29 15:30:00+05:30,8a29499503ee4822a5364bee7e2954d3,BUY,50,14.25,INTRADAY,MARKET,6287.5,15290.0,89.82,30.58,65290.0,0.0
124,NSE_FO:NIFTY27APR2317300CE [LOCAL],2023-03-31 09:15:00+05:30,439df565c0014c89b6571bd7cda3ace2,SELL,50,230.35,INTRADAY,MARKET,2023-03-31 15:30:00+05:30,e82b92cdaa3341d9ae559e5dd060c471,BUY,50,304.35,INTRADAY,MARKET,-3700.0,11590.0,-32.13,23.18,61590.0,-5.67
125,NSE_FO:NIFTY27APR2317300PE [LOCAL],2023-03-31 09:15:00+05:30,e2bd789d4ccf40ac83c473eafcd950e1,SELL,50,210.25,INTRADAY,MARKET,2023-03-31 15:30:00+05:30,e9b32ba1739144d8ad4be017bb90ff42,BUY,50,163.2,INTRADAY,MARKET,2352.5,13942.5,22.38,27.88,63942.5,-2.06
