,INST,EN_TIME,EN_ID,EN_TT,EN_Q,EN_PRICE,EN_CODE,EN_VAR,EX_TIME,EX_ID,EX_TT,EX_Q,EX_PRICE,EX_CODE,EX_VAR,P&L,ROI,P&L %,ROI %,Equity Curve,Drawdown %
0,NSE_EQ:SBIN,2023-01-02 09:45:00+05:30,13fbcc976c8c43e681b7c6caf8297f07,BUY,5,617.35,INTRADAY,MARKET,2023-01-02 12:45:00+05:30,3ee42452b6ac4c4fbead5561946dd7fd,SELL,5,613.65,INTRADAY,MARKET,-18.5,-18.5,-0.6,-0.04,49981.5,-0.04
1,NSE_EQ:SBIN,2023-01-02 12:45:00+05:30,69b03fd8013946ea8c85c4fdd7d32cc8,SELL,5,613.65,INTRADAY,MARKET,2023-01-02 15:30:00+05:30,cfda8b8f7dbf474995b43bf939901a68,BUY,5,612.6,INTRADAY,MARKET,5.25,-13.25,0.17,-0.03,49986.75,-0.03
2,NSE_EQ:SBIN,2023-01-03 09:30:00+05:30,8f0f3d3f7e684fa5a74297513ce57359,BUY,5,614.1,INTRADAY,MARKET,2023-01-03 12:15:00+05:30,c5e8631055ed4eb4b8c6c91ed7d8633c,SELL,5,611.55,INTRADAY,MARKET,-12.75,-26.0,-0.42,-0.05,49974.0,-0.05
3,NSE_EQ:SBIN,2023-01-03 12:15:00+05:30,35fb7e1e865146d7a96d0540785fa77c,SELL,5,611.55,INTRADAY,MARKET,2023-01-03 14:00:00+05:30,9c12bbef17c943b98404fd2774f69771,BUY,5,613.8,INTRADAY,MARKET,-11.25,-37.25,-0.37,-0.07,49962.75,-0.07
4,NSE_EQ:SBIN,2023-01-03 14:00:00+05:30,dd04a1e1e560480a82047f316e087121,BUY,5,613.8,INTRADAY,MARKET,2023-01-03 15:30:00+05:30,42e24ec977a6448db0034df7b221d9e1,SELL,5,612.95,INTRADAY,MARKET,-4.25,-41.5,-0.14,-0.08,49958.5,-0.08
5,NSE_EQ:SBIN,2023-01-04 09:45:00+05:30,0a69ae8d0681437aa48cf60ae1171426,SELL,5,610.05,INTRADAY,MARKET,2023-01-04 14:30:00+05:30,fe2d58784fbf4178b01ac11f9314fae0,BUY,5,606.05,INTRADAY,MARKET,20.0,-21.5,0.66,-0.04,49978.5,-0.04
6,NSE_EQ:SBIN,2023-01-04 14:30:00+05:30,ec88734f710a448092ce718718a8cea7,BUY,5,606.05,INTRADAY,MARKET,2023-01-04 15:00:00+05:30,7f9bedc100b64f529e779a55cbb51a2d,SELL,5,605.35,INTRADAY,MARKET,-3.5,-25.0,-0.12,-0.05,49975.0,-0.05
7,NSE_EQ:SBIN,2023-01-04 15:00:00+05:30,1f0d86d1f2f2421fb5bf77ecc0c48265,SELL,5,605.35,INTRADAY,MARKET,2023-01-04 15:30:00+05:30,486143f849804f3aaec5cfd8f6485cc4,BUY,5,605.95,INTRADAY,MARKET,-3.0,-28.0,-0.1,-0.06,49972.0,-0.06
8,NSE_EQ:SBIN,2023-01-05 09:30:00+05:30,620ee87b9d1f4f2cadfdfb38a0d93151,BUY,5,608.85,INTRADAY,MARKET,2023-01-05 12:30:00+05:30,534cf11f59bc476eaaad0ff0625eb550,SELL,5,606.75,INTRADAY,MARKET,-10.5,-38.5,-0.34,-0.08,49961.5,-0.08
9,NSE_EQ:SBIN,2023-01-05 12:30:00+05:30,8826352808b145f1a84fa5b3fb5a00b9,SELL,5,606.75,INTRADAY,MARKET,2023-01-05 15:30:00+05:30,4bc517b0f9ee45f791ff7864c6d70c49,BUY,5,605.75,INTRADAY,MARKET,5.0,-33.5,0.16,-0.07,49966.5,-0.07
10,NSE_EQ:SBIN,2023-01-06 09:30:00+05:30,973bf914cdca4a7299b4a49e9567ecf4,BUY,5,604.9,INTRADAY,MARKET,2023-01-06 10:45:00+05:30,39e2c076c42940e19de3848b051d731c,SELL,5,603.6,INTRADAY,MARKET,-6.5,-40.0,-0.21,-0.08,49960.0,-0.08
11,NSE_EQ:SBIN,2023-01-06 10:45:00+05:30,377446b74ffd4cf4bee2eb3cfbcdd47e,SELL,5,603.6,INTRADAY,MARKET,2023-01-06 15:30:00+05:30,b30fc6fef36f4bf99c50ed671f6728a0,BUY,5,601.8,INTRADAY,MARKET,9.0,-31.0,0.3,-0.06,49969.0,-0.06
12,NSE_EQ:SBIN,2023-01-09 09:30:00+05:30,162e3d6da45646ec815f6a5ec93d7ade,BUY,5,602.75,INTRADAY,MARKET,2023-01-09 14:00:00+05:30,4c624438a5be4f6b9a049dbf8a251fc0,SELL,5,606.35,INTRADAY,MARKET,18.0,-13.0,0.6,-0.03,49987.0,-0.03
13,NSE_EQ:SBIN,2023-01-09 14:00:00+05:30,c067b6d35d7144219aee6ec8204f9062,SELL,5,606.35,INTRADAY,MARKET,2023-01-09 15:15:00+05:30,a9151de1008f4c56987e5fd0768e7294,BUY,5,608.05,INTRADAY,MARKET,-8.5,-21.5,-0.28,-0.04,49978.5,-0.04
14,NSE_EQ:SBIN,2023-01-09 15:15:00+05:30,bffea34fdd1249e8a7cd5b017c25ae83,BUY,5,608.05,INTRADAY,MARKET,2023-01-09 15:30:00+05:30,eca20afb97904d338e6d157e76811c87,SELL,5,608.3,INTRADAY,MARKET,1.25,-20.25,0.04,-0.04,49979.75,-0.04
15,NSE_EQ:SBIN,2023-01-10 09:45:00+05:30,ac2b8130a67945668c7c12d0f12914df,SELL,5,602.9,INTRADAY,MARKET,2023-01-10 14:30:00+05:30,4288c6dccd5c4646ba665dd76f514e38,BUY,5,593.7,INTRADAY,MARKET,46.0,25.75,1.53,0.05,50025.75,0.0
16,NSE_EQ:SBIN,2023-01-10 14:30:00+05:30,b0f28e041b874c278bec9c4e6718ba3a,BUY,5,593.7,INTRADAY,MARKET,2023-01-10 15:30:00+05:30,d3ab9ba8a5a0473eb19ef2d704cb15bd,SELL,5,595.5,INTRADAY,MARKET,9.0,34.75,0.3,0.07,50034.75,0.0
17,NSE_EQ:SBIN,2023-01-11 13:15:00+05:30,e52296d5714041f0926ee153e8ed4736,SELL,5,596.3,INTRADAY,MARKET,2023-01-11 15:30:00+05:30,6d1590912ad343afae6d4eb2068d3d51,BUY,5,597.0,INTRADAY,MARKET,-3.5,31.25,-0.12,0.06,50031.25,-0.01
18,NSE_EQ:SBIN,2023-01-12 09:15:00+05:30,4fbe8d6e6d764b1b997b2d1498e6de79,BUY,5,597.9,INTRADAY,MARKET,2023-01-12 09:30:00+05:30,ed3790d046d34e77b879905d27fb42f5,SELL,5,595.15,INTRADAY,MARKET,-13.75,17.5,-0.46,0.03,50017.5,-0.03
19,NSE_EQ:SBIN,2023-01-12 09:30:00+05:30,cdd89fb702144bc9a2410fd6ef400634,SELL,5,595.15,INTRADAY,MARKET,2023-01-12 14:30:00+05:30,deed4dac31094fb9a422c99b2da4a79e,BUY,5,594.5,INTRADAY,MARKET,3.25,20.75,0.11,0.04,50020.75,-0.03
20,NSE_EQ:SBIN,2023-01-12 14:30:00+05:30,004f4fd6bb7e44d0956d50f339bca3db,BUY,5,594.5,INTRADAY,MARKET,2023-01-12 15:30:00+05:30,03eb5a01505a4f93b1873f34cfa77c36,SELL,5,594.95,INTRADAY,MARKET,2.25,23.0,0.08,0.05,50023.0,-0.02
21,NSE_EQ:SBIN,2023-01-13 12:00:00+05:30,c975d9127c884ea5baf06080b2aa4fb1,SELL,5,595.3,INTRADAY,MARKET,2023-01-13 13:00:00+05:30,6d914d0f94d1488b83e0703b43788872,BUY,5,600.4,INTRADAY,MARKET,-25.5,-2.5,-0.86,-0.0,49997.5,-0.07
22,NSE_EQ:SBIN,2023-01-13 13:00:00+05:30,f23b0c9e41f1428ea45f3b4cce664057,BUY,5,600.4,INTRADAY,MARKET,2023-01-13 15:30:00+05:30,cbc6c5806cd74265941b441c12153792,SELL,5,600.7,INTRADAY,MARKET,1.5,-1.0,0.05,-0.0,49999.0,-0.07
23,NSE_EQ:SBIN,2023-01-16 12:45:00+05:30,4c0af9effdea44dbad7a482bac8fd196,SELL,5,601.65,INTRADAY,MARKET,2023-01-16 13:30:00+05:30,43c97e4a84c544debafa34c43a31cc4b,BUY,5,604.95,INTRADAY,MARKET,-16.5,-17.5,-0.55,-0.03,49982.5,-0.1
24,NSE_EQ:SBIN,2023-01-16 13:30:00+05:30,42498866adea4a45aaad3d3788492ed2,BUY,5,604.95,INTRADAY,MARKET,2023-01-16 15:30:00+05:30,f06843037d384a8c91e61ea9462761c5,SELL,5,603.05,INTRADAY,MARKET,-9.5,-27.0,-0.31,-0.05,49973.0,-0.12
25,NSE_EQ:SBIN,2023-01-17 09:30:00+05:30,9983397c95634edcbba0b1d1d587328f,SELL,5,603.65,INTRADAY,MARKET,2023-01-17 10:15:00+05:30,8fd3af12698c4db9927747e4f4ce2cf7,BUY,5,605.35,INTRADAY,MARKET,-8.5,-35.5,-0.28,-0.07,49964.5,-0.14
26,NSE_EQ:SBIN,2023-01-17 10:15:00+05:30,92ff25ce64cc4a8695d0dfa68c2df895,BUY,5,605.35,INTRADAY,MARKET,2023-01-17 12:15:00+05:30,653874a488b44d45b612d139a2f1f065,SELL,5,597.95,INTRADAY,MARKET,-37.0,-72.5,-1.22,-0.14,49927.5,-0.21
27,NSE_EQ:SBIN,2023-01-17 12:15:00+05:30,21ad528217544002ad3e850397bc5ac5,SELL,5,597.95,INTRADAY,MARKET,2023-01-17 15:30:00+05:30,be565aa07d8e425a9972ff8f2b97c2c0,BUY,5,593.45,INTRADAY,MARKET,22.5,-50.0,0.75,-0.1,49950.0,-0.17
28,NSE_EQ:SBIN,2023-01-18 09:30:00+05:30,6d9c083d623d4ce18d3b03c9c1012aeb,BUY,5,589.5,INTRADAY,MARKET,2023-01-18 10:45:00+05:30,3e355304a9774c46936c6af85284e757,SELL,5,590.4,INTRADAY,MARKET,4.5,-45.5,0.15,-0.09,49954.5,-0.16
29,NSE_EQ:SBIN,2023-01-18 10:45:00+05:30,1e1e8e07bcbe462b8cf187cc86298297,SELL,5,590.4,INTRADAY,MARKET,2023-01-18 12:45:00+05:30,68d65736f1de4554a172e0389c55da6b,BUY,5,590.5,INTRADAY,MARKET,-0.5,-46.0,-0.02,-0.09,49954.0,-0.16
30,NSE_EQ:SBIN,2023-01-18 12:45:00+05:30,8ffc4399bd8c408f917067dc9aa59c34,BUY,5,590.5,INTRADAY,MARKET,2023-01-18 13:00:00+05:30,61bd5b31c11d48089dfaf611b5b51106,SELL,5,589.2,INTRADAY,MARKET,-6.5,-52.5,-0.22,-0.1,49947.5,-0.17
31,NSE_EQ:SBIN,2023-01-18 13:00:00+05:30,139c760b0b714af2902bc1688149007e,SELL,5,589.2,INTRADAY,MARKET,2023-01-18 13:45:00+05:30,bdd16bdf482a4449adca11017b66aa3b,BUY,5,593.35,INTRADAY,MARKET,-20.75,-73.25,-0.7,-0.15,49926.75,-0.22
32,NSE_EQ:SBIN,2023-01-18 13:45:00+05:30,ec6dea20cd734751b349ea531c1446c9,BUY,5,593.35,INTRADAY,MARKET,2023-01-18 15:30:00+05:30,c216d79d4de74751bede30d88e317f47,SELL,5,591.0,INTRADAY,MARKET,-11.75,-85.0,-0.4,-0.17,49915.0,-0.24
33,NSE_EQ:SBIN,2023-01-19 09:30:00+05:30,c8ad55318af846e0800552582babbdc3,SELL,5,588.95,INTRADAY,MARKET,2023-01-19 12:15:00+05:30,2a600133de234adfaf0e2bcabec6ba5a,BUY,5,589.75,INTRADAY,MARKET,-4.0,-89.0,-0.14,-0.18,49911.0,-0.25
34,NSE_EQ:SBIN,2023-01-19 12:15:00+05:30,d6bde3ee88544226ae51a7f79fcca925,BUY,5,589.75,INTRADAY,MARKET,2023-01-19 13:00:00+05:30,6236b6655b984b3a9e477f2927d065a2,SELL,5,588.3,INTRADAY,MARKET,-7.25,-96.25,-0.25,-0.19,49903.75,-0.26
35,NSE_EQ:SBIN,2023-01-19 13:00:00+05:30,496ac2346e394a96927a2d601bd3c0c1,SELL,5,588.3,INTRADAY,MARKET,2023-01-19 15:30:00+05:30,3d48f7a83db745bc8dea09ec0a26a24e,BUY,5,589.55,INTRADAY,MARKET,-6.25,-102.5,-0.21,-0.2,49897.5,-0.27
36,NSE_EQ:SBIN,2023-01-20 09:15:00+05:30,9abc560cd3414727ab75e4d5f5d33c00,BUY,5,593.8,INTRADAY,MARKET,2023-01-20 12:45:00+05:30,7b15c77c7e23423bb9947b433510f2c9,SELL,5,594.75,INTRADAY,MARKET,4.75,-97.75,0.16,-0.2,49902.25,-0.26
37,NSE_EQ:SBIN,2023-01-20 12:45:00+05:30,1034f36daa674b0ba56f6aeeea14a549,SELL,5,594.75,INTRADAY,MARKET,2023-01-20 14:00:00+05:30,a779f5148d5640e4a5337c6e046504e1,BUY,5,594.15,INTRADAY,MARKET,3.0,-94.75,0.1,-0.19,49905.25,-0.26
38,NSE_EQ:SBIN,2023-01-20 14:00:00+05:30,19633419411c457b95cc1c1dfab22b05,BUY,5,594.15,INTRADAY,MARKET,2023-01-20 14:15:00+05:30,b280d0c350484d62a50b2a9c2b487992,SELL,5,593.6,INTRADAY,MARKET,-2.75,-97.5,-0.09,-0.19,49902.5,-0.26
39,NSE_EQ:SBIN,2023-01-20 14:15:00+05:30,bd11f795433141699005bb90c01abdfe,SELL,5,593.6,INTRADAY,MARKET,2023-01-20 15:30:00+05:30,341238d81cac46d5866068d8f32ddc2d,BUY,5,592.6,INTRADAY,MARKET,5.0,-92.5,0.17,-0.18,49907.5,-0.25
40,NSE_EQ:SBIN,2023-01-23 09:30:00+05:30,1b640e773c144eefb53685a307c2bad8,BUY,5,597.7,INTRADAY,MARKET,2023-01-23 14:45:00+05:30,e06f9d89cb0a47eb9ee16572af125152,SELL,5,599.0,INTRADAY,MARKET,6.5,-86.0,0.22,-0.17,49914.0,-0.24
41,NSE_EQ:SBIN,2023-01-23 14:45:00+05:30,d0fc7a62d3204e27bd7ca2a0ffd3697d,SELL,5,599.0,INTRADAY,MARKET,2023-01-23 15:30:00+05:30,5741e46655584836b28e35046acfccd1,BUY,5,601.0,INTRADAY,MARKET,-10.0,-96.0,-0.33,-0.19,49904.0,-0.26
42,NSE_EQ:SBIN,2023-01-24 09:30:00+05:30,2002d7a042db453c9614816c24858b08,BUY,5,603.2,INTRADAY,MARKET,2023-01-24 12:00:00+05:30,863bae03a05243b39db5aae24f61c51b,SELL,5,598.0,INTRADAY,MARKET,-26.0,-122.0,-0.86,-0.24,49878.0,-0.31
43,NSE_EQ:SBIN,2023-01-24 12:00:00+05:30,9bb63f67767b459db6d49c2f4ce74eb5,SELL,5,598.0,INTRADAY,MARKET,2023-01-24 15:30:00+05:30,1deaff03da864dfc9907104ccfbd8345,BUY,5,593.9,INTRADAY,MARKET,20.5,-101.5,0.69,-0.2,49898.5,-0.27
44,NSE_EQ:SBIN,2023-01-25 14:45:00+05:30,4840d8e006a7411b9243d49d85dc46ce,BUY,5,571.8,INTRADAY,MARKET,2023-01-25 15:15:00+05:30,e559d0c427e24f6e80c33a4ccd51fd1e,SELL,5,569.0,INTRADAY,MARKET,-14.0,-115.5,-0.49,-0.23,49884.5,-0.3
45,NSE_EQ:SBIN,2023-01-25 15:15:00+05:30,9ba479085ce64d329488cb8ca295680f,SELL,5,569.0,INTRADAY,MARKET,2023-01-25 15:30:00+05:30,1f8abdc6784142a99025a63590868c19,BUY,5,567.7,INTRADAY,MARKET,6.5,-109.0,0.23,-0.22,49891.0,-0.29
46,NSE_EQ:SBIN,2023-01-30 09:15:00+05:30,541860eb16d74db693815d8adcf83043,BUY,5,536.0,INTRADAY,MARKET,2023-01-30 11:00:00+05:30,ea5c946b9b1049c0a95d7a3f43b5f241,SELL,5,533.85,INTRADAY,MARKET,-10.75,-119.75,-0.4,-0.24,49880.25,-0.31
47,NSE_EQ:SBIN,2023-01-30 11:00:00+05:30,41a380b5366746e59b5937951bf23242,SELL,5,533.85,INTRADAY,MARKET,2023-01-30 15:15:00+05:30,bb752ec17d234f118552c055cd214fe8,BUY,5,540.85,INTRADAY,MARKET,-35.0,-154.75,-1.31,-0.31,49845.25,-0.38
48,NSE_EQ:SBIN,2023-01-30 15:15:00+05:30,de4b1832474f484d832944e635c6aaa2,BUY,5,540.85,INTRADAY,MARKET,2023-01-30 15:30:00+05:30,cfc151f545c5484aa369b556c03282b5,SELL,5,541.3,INTRADAY,MARKET,2.25,-152.5,0.08,-0.3,49847.5,-0.37
49,NSE_EQ:SBIN,2023-01-31 14:30:00+05:30,4cbef08b4c2f451fa67f6df7729224ab,SELL,5,551.7,INTRADAY,MARKET,2023-01-31 15:30:00+05:30,2e95fa5658ac4e7299c36862dafde73c,BUY,5,556.95,INTRADAY,MARKET,-26.25,-178.75,-0.95,-0.36,49821.25,-0.43
50,NSE_EQ:SBIN,2023-02-01 09:30:00+05:30,7d7d80196dc943bfa6851ca09a56c86b,BUY,5,556.7,INTRADAY,MARKET,2023-02-01 12:15:00+05:30,e122d0bd903f4dd5b938779334cb6c45,SELL,5,551.8,INTRADAY,MARKET,-24.5,-203.25,-0.88,-0.41,49796.75,-0.48
51,NSE_EQ:SBIN,2023-02-01 12:15:00+05:30,6f61772e26a547f4a625d32b312d8b89,SELL,5,551.8,INTRADAY,MARKET,2023-02-01 12:45:00+05:30,4bd74338ee6d4bd888528ec68775e604,BUY,5,556.55,INTRADAY,MARKET,-23.75,-227.0,-0.86,-0.45,49773.0,-0.52
52,NSE_EQ:SBIN,2023-02-01 12:45:00+05:30,bc01b399d93c489ea13e5fe969ae996c,BUY,5,556.55,INTRADAY,MARKET,2023-02-01 14:00:00+05:30,a3550222a03c470b8bd38be2b3240a4a,SELL,5,538.25,INTRADAY,MARKET,-91.5,-318.5,-3.29,-0.64,49681.5,-0.71
53,NSE_EQ:SBIN,2023-02-01 14:00:00+05:30,d48f8332e71248faad03793af445e793,SELL,5,538.25,INTRADAY,MARKET,2023-02-01 15:30:00+05:30,f3d61c54c42846d092cfeb061927fe78,BUY,5,527.0,INTRADAY,MARKET,56.25,-262.25,2.09,-0.52,49737.75,-0.59
54,NSE_EQ:SBIN,2023-02-02 11:45:00+05:30,c7315169361f489ebc70034590577223,BUY,5,522.0,INTRADAY,MARKET,2023-02-02 13:00:00+05:30,113498e6a9b6442ca566c56087670a0f,SELL,5,524.0,INTRADAY,MARKET,10.0,-252.25,0.38,-0.5,49747.75,-0.57
55,NSE_EQ:SBIN,2023-02-02 13:00:00+05:30,5dda7c1caaf74582bc06085953b9cffc,SELL,5,524.0,INTRADAY,MARKET,2023-02-02 13:15:00+05:30,8cd3c5b55c8b485787d74e3c195e352f,BUY,5,521.6,INTRADAY,MARKET,12.0,-240.25,0.46,-0.48,49759.75,-0.55
56,NSE_EQ:SBIN,2023-02-02 13:15:00+05:30,52387b7461894b1d84ca68426fea6106,BUY,5,521.6,INTRADAY,MARKET,2023-02-02 13:45:00+05:30,e37dbd0cf9d54dc2a61edd0fd5dac198,SELL,5,519.9,INTRADAY,MARKET,-8.5,-248.75,-0.33,-0.5,49751.25,-0.57
57,NSE_EQ:SBIN,2023-02-02 13:45:00+05:30,3270abfee4ea443289e2459c308e8dc9,SELL,5,519.9,INTRADAY,MARKET,2023-02-02 14:30:00+05:30,814d1efda142479685a0e48093ae3a11,BUY,5,528.05,INTRADAY,MARKET,-40.75,-289.5,-1.57,-0.58,49710.5,-0.65
58,NSE_EQ:SBIN,2023-02-02 14:30:00+05:30,f68d0c94574a495fa526c5bf2fbbbaea,BUY,5,528.05,INTRADAY,MARKET,2023-02-02 15:30:00+05:30,e2ca57eeeb294d2ea375cd6bbf5b5dd0,SELL,5,532.05,INTRADAY,MARKET,20.0,-269.5,0.76,-0.54,49730.5,-0.61
59,NSE_EQ:SBIN,2023-02-03 11:15:00+05:30,6452950960e740fd873ee94c4e6f654c,SELL,5,525.55,INTRADAY,MARKET,2023-02-03 13:30:00+05:30,20382e2877f5479fb877e9b809451ea3,BUY,5,531.7,INTRADAY,MARKET,-30.75,-300.25,-1.17,-0.6,49699.75,-0.67
60,NSE_EQ:SBIN,2023-02-03 13:30:00+05:30,74605309a3f14675984ff9a7708e9fa6,BUY,5,531.7,INTRADAY,MARKET,2023-02-03 15:30:00+05:30,5fc7701a58d647e385c3ff911a6b245c,SELL,5,545.1,INTRADAY,MARKET,67.0,-233.25,2.52,-0.47,49766.75,-0.54
61,NSE_EQ:SBIN,2023-02-06 11:15:00+05:30,b821a66ecbf444849177f41669c45974,SELL,5,542.75,INTRADAY,MARKET,2023-02-06 12:45:00+05:30,358525d4f7e741ea93e9971a21fa0dfa,BUY,5,545.1,INTRADAY,MARKET,-11.75,-245.0,-0.43,-0.49,49755.0,-0.56
62,NSE_EQ:SBIN,2023-02-06 12:45:00+05:30,eedef5a715e043cf83298759ae0ea40d,BUY,5,545.1,INTRADAY,MARKET,2023-02-06 13:00:00+05:30,79e15094540e452883e57d3330feadcc,SELL,5,546.25,INTRADAY,MARKET,5.75,-239.25,0.21,-0.48,49760.75,-0.55
63,NSE_EQ:SBIN,2023-02-06 13:00:00+05:30,03719fc208c74c6d92ec8a7fc99ce8ff,SELL,5,546.25,INTRADAY,MARKET,2023-02-06 13:30:00+05:30,02dfe5391aa841efa228e4b2198c12b7,BUY,5,545.55,INTRADAY,MARKET,3.5,-235.75,0.13,-0.47,49764.25,-0.54
64,NSE_EQ:SBIN,2023-02-06 13:30:00+05:30,3d37e82e89d94b8f8c87fa24df95ce3a,BUY,5,545.55,INTRADAY,MARKET,2023-02-06 15:30:00+05:30,d93fde56ffa94eaf84504b3c061b8c02,SELL,5,543.55,INTRADAY,MARKET,-10.0,-245.75,-0.37,-0.49,49754.25,-0.56
65,NSE_EQ:SBIN,2023-02-07 09:15:00+05:30,85f6a037c37b4451806e9f4f1ffbbe9a,SELL,5,548.0,INTRADAY,MARKET,2023-02-07 10:30:00+05:30,30493f7315154005bf74ea8c7e62c54f,BUY,5,547.9,INTRADAY,MARKET,0.5,-245.25,0.02,-0.49,49754.75,-0.56
66,NSE_EQ:SBIN,2023-02-07 10:30:00+05:30,a427d8b924c24dc381115ba3135c9b07,BUY,5,547.9,INTRADAY,MARKET,2023-02-07 13:15:00+05:30,7bfd0bdff832441d9e697c58698bf245,SELL,5,543.1,INTRADAY,MARKET,-24.0,-269.25,-0.88,-0.54,49730.75,-0.61
67,NSE_EQ:SBIN,2023-02-07 13:15:00+05:30,275098f27382461c8a23a3f40e1dd5fc,SELL,5,543.1,INTRADAY,MARKET,2023-02-07 15:30:00+05:30,92b8bca7b44641b28a3d58254229bca3,BUY,5,546.2,INTRADAY,MARKET,-15.5,-284.75,-0.57,-0.57,49715.25,-0.64
68,NSE_EQ:SBIN,2023-02-08 09:30:00+05:30,80d88e8941c248d68e44a36f241ac260,BUY,5,551.15,INTRADAY,MARKET,2023-02-08 11:45:00+05:30,c8f957e3423448599551939dd67b7d42,SELL,5,549.8,INTRADAY,MARKET,-6.75,-291.5,-0.24,-0.58,49708.5,-0.65
69,NSE_EQ:SBIN,2023-02-08 11:45:00+05:30,dd77ce14f354465f9f3013838f712f06,SELL,5,549.8,INTRADAY,MARKET,2023-02-08 14:00:00+05:30,79c406e1a190404a83d5536a8f6025cf,BUY,5,548.4,INTRADAY,MARKET,7.0,-284.5,0.25,-0.57,49715.5,-0.64
70,NSE_EQ:SBIN,2023-02-08 14:00:00+05:30,dbb39b71ac7a4b6d91c5b27668d57b7b,BUY,5,548.4,INTRADAY,MARKET,2023-02-08 14:15:00+05:30,a414280898664f56b5435cd8c840cdae,SELL,5,548.9,INTRADAY,MARKET,2.5,-282.0,0.09,-0.56,49718.0,-0.63
71,NSE_EQ:SBIN,2023-02-08 14:15:00+05:30,cf669872f7fa4409980d53e4a5b8694c,SELL,5,548.9,INTRADAY,MARKET,2023-02-08 14:45:00+05:30,0875998505dd4c65abb94683e82c3254,BUY,5,548.95,INTRADAY,MARKET,-0.25,-282.25,-0.01,-0.56,49717.75,-0.63
72,NSE_EQ:SBIN,2023-02-08 14:45:00+05:30,02a1bf5c154049e88cdcca9abe5c6ce8,BUY,5,548.95,INTRADAY,MARKET,2023-02-08 15:30:00+05:30,052ebe5329af4949a0993bafc6eab3f3,SELL,5,550.4,INTRADAY,MARKET,7.25,-275.0,0.26,-0.55,49725.0,-0.62
73,NSE_EQ:SBIN,2023-02-09 10:00:00+05:30,29aa7e2858d24bf4a06d2b8291e20708,SELL,5,547.2,INTRADAY,MARKET,2023-02-09 12:45:00+05:30,139d399f22294ab9a5a19fe7d3998a60,BUY,5,546.55,INTRADAY,MARKET,3.25,-271.75,0.12,-0.54,49728.25,-0.61
74,NSE_EQ:SBIN,2023-02-09 12:45:00+05:30,e345f246c4b447a1bdb59d896a5cc41e,BUY,5,546.55,INTRADAY,MARKET,2023-02-09 13:15:00+05:30,d746d373f8d6456494a5f0e1aa13e691,SELL,5,547.25,INTRADAY,MARKET,3.5,-268.25,0.13,-0.54,49731.75,-0.61
75,NSE_EQ:SBIN,2023-02-09 13:15:00+05:30,3636a3770d854a6492e3c786666f150f,SELL,5,547.25,INTRADAY,MARKET,2023-02-09 13:45:00+05:30,7541f3a97f3a4d10a75a4b86ca00734c,BUY,5,549.0,INTRADAY,MARKET,-8.75,-277.0,-0.32,-0.55,49723.0,-0.62
76,NSE_EQ:SBIN,2023-02-09 13:45:00+05:30,36b11045f3744a40afa2c2fb08894f60,BUY,5,549.0,INTRADAY,MARKET,2023-02-09 15:30:00+05:30,3114c9c127d945ec97dd301627689f9c,SELL,5,551.0,INTRADAY,MARKET,10.0,-267.0,0.36,-0.53,49733.0,-0.6
77,NSE_EQ:SBIN,2023-02-10 13:15:00+05:30,d3058c1d293d49de8a098ee4e58c6008,SELL,5,553.45,INTRADAY,MARKET,2023-02-10 15:30:00+05:30,ad9a048df2d54016ae7438d6ce17719d,BUY,5,552.9,INTRADAY,MARKET,2.75,-264.25,0.1,-0.53,49735.75,-0.6
78,NSE_EQ:SBIN,2023-02-13 14:30:00+05:30,65fc0908e0a14694be4ecac761851a1e,BUY,5,536.9,INTRADAY,MARKET,2023-02-13 15:30:00+05:30,ea64df1967254802abe2e5633b3f107e,SELL,5,537.1,INTRADAY,MARKET,1.0,-263.25,0.04,-0.53,49736.75,-0.6
79,NSE_EQ:SBIN,2023-02-14 09:45:00+05:30,4922c032b4444deca7f8e69488125dd3,SELL,5,532.6,INTRADAY,MARKET,2023-02-14 12:45:00+05:30,85f6bb1a57cc4c66ac7d2672acd3321a,BUY,5,534.7,INTRADAY,MARKET,-10.5,-273.75,-0.39,-0.55,49726.25,-0.62
80,NSE_EQ:SBIN,2023-02-14 12:45:00+05:30,30bdfa2a26d74328ae567b7b0aa6793e,BUY,5,534.7,INTRADAY,MARKET,2023-02-14 15:30:00+05:30,29bf0dac06bc4b2a935f9d97b54ed2f4,SELL,5,541.0,INTRADAY,MARKET,31.5,-242.25,1.18,-0.48,49757.75,-0.55
81,NSE_EQ:SBIN,2023-02-15 11:00:00+05:30,f219b2e5c09748a7b4bae5cb07a29dc3,SELL,5,541.9,INTRADAY,MARKET,2023-02-15 11:45:00+05:30,b87dcca1276c412cba819e1ac55e9b1c,BUY,5,543.45,INTRADAY,MARKET,-7.75,-250.0,-0.29,-0.5,49750.0,-0.57
82,NSE_EQ:SBIN,2023-02-15 11:45:00+05:30,4a85b6195a8f468090bd6f5f6ca9eed4,BUY,5,543.45,INTRADAY,MARKET,2023-02-15 13:00:00+05:30,413943fa1ffb43b69eafa86cf024b231,SELL,5,541.2,INTRADAY,MARKET,-11.25,-261.25,-0.41,-0.52,49738.75,-0.59
83,NSE_EQ:SBIN,2023-02-15 13:00:00+05:30,acd97013c23b4afeab883521856c2651,SELL,5,541.2,INTRADAY,MARKET,2023-02-15 15:15:00+05:30,d1ad788f7e9d481f9d6a0a2bb613d5fd,BUY,5,542.05,INTRADAY,MARKET,-4.25,-265.5,-0.16,-0.53,49734.5,-0.6
84,NSE_EQ:SBIN,2023-02-15 15:15:00+05:30,977ac539d0fc4292ad24cde463b8a7db,BUY,5,542.05,INTRADAY,MARKET,2023-02-15 15:30:00+05:30,b70ebe7406ab4c5d8e6a820159b64957,SELL,5,542.8,INTRADAY,MARKET,3.75,-261.75,0.14,-0.52,49738.25,-0.59
85,NSE_EQ:SBIN,2023-02-16 12:00:00+05:30,14285a63000d4ce18ca07c09cde4e4d2,SELL,5,543.05,INTRADAY,MARKET,2023-02-16 13:45:00+05:30,c464564f77724ebfa090150219786a75,BUY,5,542.9,INTRADAY,MARKET,0.75,-261.0,0.03,-0.52,49739.0,-0.59
86,NSE_EQ:SBIN,2023-02-16 13:45:00+05:30,f6ffbe1dd595467292596016592934c6,BUY,5,542.9,INTRADAY,MARKET,2023-02-16 15:15:00+05:30,a616da364b8244fe87011116f66889cb,SELL,5,540.35,INTRADAY,MARKET,-12.75,-273.75,-0.47,-0.55,49726.25,-0.62
87,NSE_EQ:SBIN,2023-02-16 15:15:00+05:30,9c3af5bbab5649278fe5a6fb7239cf31,SELL,5,540.35,INTRADAY,MARKET,2023-02-16 15:30:00+05:30,2bb1b0d73c44473fa5a101722517c5d5,BUY,5,539.0,INTRADAY,MARKET,6.75,-267.0,0.25,-0.53,49733.0,-0.6
88,NSE_EQ:SBIN,2023-02-20 09:30:00+05:30,66e8e370b92b4e4aa33c26ea57819776,BUY,5,531.9,INTRADAY,MARKET,2023-02-20 11:00:00+05:30,0a3afcebf0c54990be0b862237119489,SELL,5,529.3,INTRADAY,MARKET,-13.0,-280.0,-0.49,-0.56,49720.0,-0.63
89,NSE_EQ:SBIN,2023-02-20 11:00:00+05:30,4881e27c49d94941ad0f961253df872f,SELL,5,529.3,INTRADAY,MARKET,2023-02-20 15:30:00+05:30,9dc82600d4364a8d952404b93289ad37,BUY,5,525.2,INTRADAY,MARKET,20.5,-259.5,0.77,-0.52,49740.5,-0.59
90,NSE_EQ:SBIN,2023-02-21 10:30:00+05:30,a0aa3aa98052467b8eef3caf29f14d5e,BUY,5,527.9,INTRADAY,MARKET,2023-02-21 13:15:00+05:30,731afb3cd8834cb1876d65446043f518,SELL,5,525.2,INTRADAY,MARKET,-13.5,-273.0,-0.51,-0.55,49727.0,-0.62
91,NSE_EQ:SBIN,2023-02-21 13:15:00+05:30,889113f2a9bf46e3aea991514e2c77a3,SELL,5,525.2,INTRADAY,MARKET,2023-02-21 15:30:00+05:30,c15408fa2399474b8d4d726d58475119,BUY,5,523.8,INTRADAY,MARKET,7.0,-266.0,0.27,-0.53,49734.0,-0.6
92,NSE_EQ:SBIN,2023-02-22 14:45:00+05:30,5dfb914d903c45a6862c75d0b7df7c2e,BUY,5,516.15,INTRADAY,MARKET,2023-02-22 15:30:00+05:30,6380d8af43414fdf95c3052d39d4531e,SELL,5,516.75,INTRADAY,MARKET,3.0,-263.0,0.12,-0.53,49737.0,-0.6
93,NSE_EQ:SBIN,2023-02-23 10:00:00+05:30,563205223cb84e079fd33c1e4271e578,SELL,5,516.8,INTRADAY,MARKET,2023-02-23 10:15:00+05:30,cd47a991d0674bd5ba885f4f5ee46a0f,BUY,5,519.2,INTRADAY,MARKET,-12.0,-275.0,-0.46,-0.55,49725.0,-0.62
94,NSE_EQ:SBIN,2023-02-23 10:15:00+05:30,11b857e47a1e4255b18a1dbf7b4dfff4,BUY,5,519.2,INTRADAY,MARKET,2023-02-23 13:15:00+05:30,17c084964f1348aa87cd6e0c96d5a8a6,SELL,5,520.5,INTRADAY,MARKET,6.5,-268.5,0.25,-0.54,49731.5,-0.61
95,NSE_EQ:SBIN,2023-02-23 13:15:00+05:30,373d7ea7ee064cd6a1020fb214756571,SELL,5,520.5,INTRADAY,MARKET,2023-02-23 14:00:00+05:30,7cb84a157e014c1ebd1636152b73ebb0,BUY,5,522.1,INTRADAY,MARKET,-8.0,-276.5,-0.31,-0.55,49723.5,-0.62
96,NSE_EQ:SBIN,2023-02-23 14:00:00+05:30,32e5af0a43004ee18e7b574ac53b9d75,BUY,5,522.1,INTRADAY,MARKET,2023-02-23 15:30:00+05:30,f35a9d4226164bf683dd7df28e1ffd91,SELL,5,523.0,INTRADAY,MARKET,4.5,-272.0,0.17,-0.54,49728.0,-0.61
97,NSE_EQ:SBIN,2023-02-24 12:30:00+05:30,08b237ff2296482b9e8043901acbc9c2,SELL,5,521.8,INTRADAY,MARKET,2023-02-24 15:30:00+05:30,f5e668c50f8544d9a94f9ce29cda5c3f,BUY,5,521.5,INTRADAY,MARKET,1.5,-270.5,0.06,-0.54,49729.5,-0.61
98,NSE_EQ:SBIN,2023-02-27 09:30:00+05:30,40e7830fe96f402aac20754a8a5a1d2b,BUY,5,524.75,INTRADAY,MARKET,2023-02-27 15:30:00+05:30,a64710c3809e4d9da543346b0ebc2066,SELL,5,527.5,INTRADAY,MARKET,13.75,-256.75,0.52,-0.51,49743.25,-0.58
99,NSE_EQ:SBIN,2023-02-28 09:30:00+05:30,ffea022502ec49e580365f3c1067c95d,SELL,5,523.6,INTRADAY,MARKET,2023-02-28 12:45:00+05:30,0cd32abf475c4536b6792a29494a3dc8,BUY,5,525.8,INTRADAY,MARKET,-11.0,-267.75,-0.42,-0.54,49732.25,-0.6
100,NSE_EQ:SBIN,2023-02-28 12:45:00+05:30,2b9707a5f4f8425cb4decbeb5e921576,BUY,5,525.8,INTRADAY,MARKET,2023-02-28 14:15:00+05:30,370a6d8c900f4012b23764c9fb5a6304,SELL,5,522.15,INTRADAY,MARKET,-18.25,-286.0,-0.69,-0.57,49714.0,-0.64
101,NSE_EQ:SBIN,2023-02-28 14:15:00+05:30,c6f01d7a9e614576bdeb51015749d019,SELL,5,522.15,INTRADAY,MARKET,2023-02-28 15:30:00+05:30,292b22f452294e3cbb0a16c315195e58,BUY,5,522.45,INTRADAY,MARKET,-1.5,-287.5,-0.06,-0.57,49712.5,-0.64
102,NSE_EQ:SBIN,2023-03-01 09:30:00+05:30,4631ce90f65e41be9a09d64de269fc90,BUY,5,527.3,INTRADAY,MARKET,2023-03-01 15:30:00+05:30,3713da767c164c969065b7b57ad31b88,SELL,5,536.25,INTRADAY,MARKET,44.75,-242.75,1.7,-0.49,49757.25,-0.55
103,NSE_EQ:SBIN,2023-03-02 13:00:00+05:30,06e425205fff48f482bf679dcd765ea0,SELL,5,535.85,INTRADAY,MARKET,2023-03-02 15:30:00+05:30,4229373678ab4a98babb57ca0543bfd2,BUY,5,534.4,INTRADAY,MARKET,7.25,-235.5,0.27,-0.47,49764.5,-0.54
104,NSE_EQ:SBIN,2023-03-03 09:30:00+05:30,90a8743b9d894cd98bae407322e19b90,BUY,5,552.0,INTRADAY,MARKET,2023-03-03 15:00:00+05:30,f6abc8b679b5425aa15693b4d6d5f722,SELL,5,562.5,INTRADAY,MARKET,52.5,-183.0,1.9,-0.37,49817.0,-0.44
105,NSE_EQ:SBIN,2023-03-03 15:00:00+05:30,6d0b9fda2f3e4f63951b9d2a303dd5b0,SELL,5,562.5,INTRADAY,MARKET,2023-03-03 15:30:00+05:30,875e28d9c7104002a01550e09d45d090,BUY,5,560.95,INTRADAY,MARKET,7.75,-175.25,0.28,-0.35,49824.75,-0.42
106,NSE_EQ:SBIN,2023-03-06 09:15:00+05:30,d443930f8282450c9f86810201f080a4,BUY,5,564.9,INTRADAY,MARKET,2023-03-06 12:30:00+05:30,229cfbe344c94db3b6660f9e765e8935,SELL,5,560.25,INTRADAY,MARKET,-23.25,-198.5,-0.82,-0.4,49801.5,-0.47
107,NSE_EQ:SBIN,2023-03-06 12:30:00+05:30,ad62fe7a2a3f48949a4868bc33067561,SELL,5,560.25,INTRADAY,MARKET,2023-03-06 15:30:00+05:30,f1bb8d4eaa3d4d4695fb957481c51533,BUY,5,561.8,INTRADAY,MARKET,-7.75,-206.25,-0.28,-0.41,49793.75,-0.48
108,NSE_EQ:SBIN,2023-03-08 12:30:00+05:30,5f9045d363ef4c85913e6fa8c32b301d,BUY,5,560.25,INTRADAY,MARKET,2023-03-08 13:00:00+05:30,9438f524c8a042169e3242f026a82743,SELL,5,560.35,INTRADAY,MARKET,0.5,-205.75,0.02,-0.41,49794.25,-0.48
109,NSE_EQ:SBIN,2023-03-08 13:00:00+05:30,3ce14eea144a496291c36f79dfb4d5d6,SELL,5,560.35,INTRADAY,MARKET,2023-03-08 13:30:00+05:30,3a46d0282b8e4577b27938d84f644ac6,BUY,5,560.55,INTRADAY,MARKET,-1.0,-206.75,-0.04,-0.41,49793.25,-0.48
110,NSE_EQ:SBIN,2023-03-08 13:30:00+05:30,13ccb4fede3042a3baf3467f79e07a54,BUY,5,560.55,INTRADAY,MARKET,2023-03-08 15:30:00+05:30,a69ec7a74aa04963b3f8d1026986e3c4,SELL,5,563.5,INTRADAY,MARKET,14.75,-192.0,0.53,-0.38,49808.0,-0.45
111,NSE_EQ:SBIN,2023-03-09 11:00:00+05:30,8f4554e9bd7446ab8dd430ba5fd8522a,SELL,5,562.5,INTRADAY,MARKET,2023-03-09 12:45:00+05:30,a0a859b2a71644e8b7eea3090c096d65,BUY,5,561.9,INTRADAY,MARKET,3.0,-189.0,0.11,-0.38,49811.0,-0.45
112,NSE_EQ:SBIN,2023-03-09 12:45:00+05:30,7e5b4930546649dfb51f1f010efa290e,BUY,5,561.9,INTRADAY,MARKET,2023-03-09 13:30:00+05:30,dddb2149da1944ddaa5da233a7fc7ab1,SELL,5,562.35,INTRADAY,MARKET,2.25,-186.75,0.08,-0.37,49813.25,-0.44
113,NSE_EQ:SBIN,2023-03-09 13:30:00+05:30,376b3d92be6f4cc7a0cc6a25bf5c15ee,SELL,5,562.35,INTRADAY,MARKET,2023-03-09 15:30:00+05:30,c98b45b109454c9590e46b4c729f7028,BUY,5,558.7,INTRADAY,MARKET,18.25,-168.5,0.65,-0.34,49831.5,-0.41
114,NSE_EQ:SBIN,2023-03-13 09:30:00+05:30,62d0d51bc0814bfbba143bda05ed1d3c,BUY,5,550.15,INTRADAY,MARKET,2023-03-13 11:15:00+05:30,fbc6ce3fdf4a477f98c1f09dea2eb64b,SELL,5,544.1,INTRADAY,MARKET,-30.25,-198.75,-1.1,-0.4,49801.25,-0.47
115,NSE_EQ:SBIN,2023-03-13 11:15:00+05:30,7bd57c6aaccf44d79640ce04186f553c,SELL,5,544.1,INTRADAY,MARKET,2023-03-13 15:30:00+05:30,fac3bdea2fd546fb809ccd612fbc0d3c,BUY,5,530.0,INTRADAY,MARKET,70.5,-128.25,2.59,-0.26,49871.75,-0.33
116,NSE_EQ:SBIN,2023-03-14 13:30:00+05:30,0d304fc5f26f436e8402da8fdd4d41d6,BUY,5,524.35,INTRADAY,MARKET,2023-03-14 14:30:00+05:30,e1b5d6e785684c88900447ab53aad1a4,SELL,5,523.6,INTRADAY,MARKET,-3.75,-132.0,-0.14,-0.26,49868.0,-0.33
117,NSE_EQ:SBIN,2023-03-14 14:30:00+05:30,ee4904cfa9004849b86ba1c360e7ed70,SELL,5,523.6,INTRADAY,MARKET,2023-03-14 15:30:00+05:30,bb800cb41bb24a4b8e2638654829fad6,BUY,5,526.0,INTRADAY,MARKET,-12.0,-144.0,-0.46,-0.29,49856.0,-0.36
118,NSE_EQ:SBIN,2023-03-15 09:30:00+05:30,d33ee34b6866470893da389bbfc3bc13,BUY,5,529.3,INTRADAY,MARKET,2023-03-15 12:30:00+05:30,f15c24e35a7c42c2b84264e970452042,SELL,5,526.9,INTRADAY,MARKET,-12.0,-156.0,-0.45,-0.31,49844.0,-0.38
119,NSE_EQ:SBIN,2023-03-15 12:30:00+05:30,11191795f09b46778638939412b554c8,SELL,5,526.9,INTRADAY,MARKET,2023-03-15 15:30:00+05:30,81b7cef44e4b4be593526b25863681f2,BUY,5,517.15,INTRADAY,MARKET,48.75,-107.25,1.85,-0.21,49892.75,-0.28
120,NSE_EQ:SBIN,2023-03-16 11:45:00+05:30,ee3ec023fb004809ae7cf8e7536effcd,BUY,5,521.6,INTRADAY,MARKET,2023-03-16 13:45:00+05:30,4e69ec34d0cd4cdfacb998fccf9c82f2,SELL,5,520.4,INTRADAY,MARKET,-6.0,-113.25,-0.23,-0.23,49886.75,-0.3
121,NSE_EQ:SBIN,2023-03-16 13:45:00+05:30,3cc373ddcb694c3f8bd7b760cfa26878,SELL,5,520.4,INTRADAY,MARKET,2023-03-16 14:15:00+05:30,52e1acb73e984f23b71d9d6fe2c174a6,BUY,5,526.45,INTRADAY,MARKET,-30.25,-143.5,-1.16,-0.29,49856.5,-0.36
122,NSE_EQ:SBIN,2023-03-16 14:15:00+05:30,1219e41144274674b56deba76ab919c7,BUY,5,526.45,INTRADAY,MARKET,2023-03-16 15:30:00+05:30,f4f77e7715af423fb9aa65307c19d389,SELL,5,525.65,INTRADAY,MARKET,-4.0,-147.5,-0.15,-0.3,49852.5,-0.36
123,NSE_EQ:SBIN,2023-03-17 11:15:00+05:30,8f35d30b7d944a4c9406a578bab7f897,SELL,5,521.5,INTRADAY,MARKET,2023-03-17 14:00:00+05:30,335fe6148dc747da8d28f8582a0cd80a,BUY,5,523.65,INTRADAY,MARKET,-10.75,-158.25,-0.41,-0.32,49841.75,-0.39
124,NSE_EQ:SBIN,2023-03-17 14:00:00+05:30,30909e38db2d4f6e96fe406764b3a51e,BUY,5,523.65,INTRADAY,MARKET,2023-03-17 15:30:00+05:30,ed412b689e1644bb803ea220f9955ecf,SELL,5,531.0,INTRADAY,MARKET,36.75,-121.5,1.4,-0.24,49878.5,-0.31
125,NSE_EQ:SBIN,2023-03-20 09:30:00+05:30,bc91ddf2764a4fb2b0f4b67af8bdfd72,SELL,5,522.2,INTRADAY,MARKET,2023-03-20 15:15:00+05:30,1810c07184d34afd824f5f172c7c9220,BUY,5,519.55,INTRADAY,MARKET,13.25,-108.25,0.51,-0.22,49891.75,-0.29
126,NSE_EQ:SBIN,2023-03-20 15:15:00+05:30,b9a8ab88704f44a5a419ec10115b9fcf,BUY,5,519.55,INTRADAY,MARKET,2023-03-20 15:30:00+05:30,823d643bf6774b7398320f345b6ae140,SELL,5,519.65,INTRADAY,MARKET,0.5,-107.75,0.02,-0.22,49892.25,-0.28
127,NSE_EQ:SBIN,2023-03-21 12:00:00+05:30,c03c690a346841c48543d49810d62a20,SELL,5,517.5,INTRADAY,MARKET,2023-03-21 12:45:00+05:30,f4078a359ed9495893a3974c3efb768c,BUY,5,518.85,INTRADAY,MARKET,-6.75,-114.5,-0.26,-0.23,49885.5,-0.3
128,NSE_EQ:SBIN,2023-03-21 12:45:00+05:30,3d8062b553f642f3bdc44064183392ad,BUY,5,518.85,INTRADAY,MARKET,2023-03-21 13:15:00+05:30,20964acd90224f1eb40306513fef52c3,SELL,5,521.25,INTRADAY,MARKET,12.0,-102.5,0.46,-0.2,49897.5,-0.27
129,NSE_EQ:SBIN,2023-03-21 13:15:00+05:30,2344af8d2dab4924a6dc4d085360d71e,SELL,5,521.25,INTRADAY,MARKET,2023-03-21 14:00:00+05:30,d869c37cb903472ca898ca76f8dda03a,BUY,5,521.05,INTRADAY,MARKET,1.0,-101.5,0.04,-0.2,49898.5,-0.27
130,NSE_EQ:SBIN,2023-03-21 14:00:00+05:30,560ccd2f54584a5a807a9586adcef759,BUY,5,521.05,INTRADAY,MARKET,2023-03-21 15:30:00+05:30,cf732133b2f04f08a07a2f764c9b3dff,SELL,5,521.9,INTRADAY,MARKET,4.25,-97.25,0.16,-0.19,49902.75,-0.26
131,NSE_EQ:SBIN,2023-03-22 12:45:00+05:30,e2726cf17d854a8bbe93ea1fd9c9f79f,SELL,5,524.5,INTRADAY,MARKET,2023-03-22 13:45:00+05:30,7449e4d18b2f4a87830df6334439736e,BUY,5,525.4,INTRADAY,MARKET,-4.5,-101.75,-0.17,-0.2,49898.25,-0.27
132,NSE_EQ:SBIN,2023-03-22 13:45:00+05:30,f76bcd94b8704033948fd1bb83633d42,BUY,5,525.4,INTRADAY,MARKET,2023-03-22 14:30:00+05:30,dbd082dfec984bb1a3c5acad1cb2e1d7,SELL,5,523.2,INTRADAY,MARKET,-11.0,-112.75,-0.42,-0.23,49887.25,-0.29
133,NSE_EQ:SBIN,2023-03-22 14:30:00+05:30,9708185a2df4429397ef65b827ee151d,SELL,5,523.2,INTRADAY,MARKET,2023-03-22 15:30:00+05:30,35ff5b35bf1c49c8a209b37c98759251,BUY,5,521.1,INTRADAY,MARKET,10.5,-102.25,0.4,-0.2,49897.75,-0.27
134,NSE_EQ:SBIN,2023-03-23 12:30:00+05:30,28604ce24d7848c89be093782cdbea09,BUY,5,517.7,INTRADAY,MARKET,2023-03-23 13:00:00+05:30,c11e6e2d0be84087a342fd362659e2ae,SELL,5,518.9,INTRADAY,MARKET,6.0,-96.25,0.23,-0.19,49903.75,-0.26
135,NSE_EQ:SBIN,2023-03-23 13:00:00+05:30,6b858d324a204a6fb09a2fe3b3c7cff1,SELL,5,518.9,INTRADAY,MARKET,2023-03-23 14:00:00+05:30,ecb920102ff84cc38514c3ea4b30dc9e,BUY,5,518.1,INTRADAY,MARKET,4.0,-92.25,0.15,-0.18,49907.75,-0.25
136,NSE_EQ:SBIN,2023-03-23 14:00:00+05:30,251292e1cbee4606ad9487a6d41980b5,BUY,5,518.1,INTRADAY,MARKET,2023-03-23 14:30:00+05:30,c4143f356e81448c84694d254c8e69be,SELL,5,515.8,INTRADAY,MARKET,-11.5,-103.75,-0.44,-0.21,49896.25,-0.28
137,NSE_EQ:SBIN,2023-03-23 14:30:00+05:30,884aff2c726046f4b53119023e72366b,SELL,5,515.8,INTRADAY,MARKET,2023-03-23 15:30:00+05:30,96ec5e7f91214466a65aff5eaa817263,BUY,5,511.95,INTRADAY,MARKET,19.25,-84.5,0.75,-0.17,49915.5,-0.24
138,NSE_EQ:SBIN,2023-03-24 12:45:00+05:30,a37eb417234b46e79ff804399fb21b89,BUY,5,512.45,INTRADAY,MARKET,2023-03-24 14:15:00+05:30,fa12750e28ca437caf39239ab705750a,SELL,5,510.65,INTRADAY,MARKET,-9.0,-93.5,-0.35,-0.19,49906.5,-0.26
139,NSE_EQ:SBIN,2023-03-24 14:15:00+05:30,55814298a0974faf96e48f639503db0f,SELL,5,510.65,INTRADAY,MARKET,2023-03-24 15:30:00+05:30,075bcd56f4d743be830efe9d6ef57938,BUY,5,505.05,INTRADAY,MARKET,28.0,-65.5,1.1,-0.13,49934.5,-0.2
140,NSE_EQ:SBIN,2023-03-27 11:30:00+05:30,e4031ee4d5c04033a85ab08971ab92a0,BUY,5,506.9,INTRADAY,MARKET,2023-03-27 15:30:00+05:30,b020c40143fe44b9b5e9cb979b3021db,SELL,5,508.95,INTRADAY,MARKET,10.25,-55.25,0.4,-0.11,49944.75,-0.18
141,NSE_EQ:SBIN,2023-03-28 09:30:00+05:30,0ac6f2201ceb4215a83fb2c64a859d7f,SELL,5,510.25,INTRADAY,MARKET,2023-03-28 15:15:00+05:30,1635ba60752f4d10946ab40b2dbc9ba8,BUY,5,507.8,INTRADAY,MARKET,12.25,-43.0,0.48,-0.09,49957.0,-0.16
142,NSE_EQ:SBIN,2023-03-28 15:15:00+05:30,ded00fe68c9942b0988f91eb6d1be6d5,BUY,5,507.8,INTRADAY,MARKET,2023-03-28 15:30:00+05:30,0a1a891fe2904e848be6b65290fc8543,SELL,5,509.0,INTRADAY,MARKET,6.0,-37.0,0.24,-0.07,49963.0,-0.14
143,NSE_EQ:SBIN,2023-03-29 12:30:00+05:30,e7249b8065144486923201b9effd8412,SELL,5,508.65,INTRADAY,MARKET,2023-03-29 13:30:00+05:30,995aa0f821d74b4e91b6d4da41aafc4b,BUY,5,511.3,INTRADAY,MARKET,-13.25,-50.25,-0.52,-0.1,49949.75,-0.17
144,NSE_EQ:SBIN,2023-03-29 13:30:00+05:30,e93e415776254ce6857e20aa50874a9a,BUY,5,511.3,INTRADAY,MARKET,2023-03-29 15:30:00+05:30,3ddda3544dae49b383becf442d42dc96,SELL,5,517.0,INTRADAY,MARKET,28.5,-21.75,1.11,-0.04,49978.25,-0.11
145,NSE_EQ:SBIN,2023-03-31 12:30:00+05:30,b683ee4b70bc43ceb74ec247025e6923,SELL,5,521.35,INTRADAY,MARKET,2023-03-31 13:00:00+05:30,3bebeb2222724049989f37c0fbe1f140,BUY,5,521.55,INTRADAY,MARKET,-1.0,-22.75,-0.04,-0.05,49977.25,-0.11
146,NSE_EQ:SBIN,2023-03-31 13:00:00+05:30,7937bd0ce8a4484bb5c3dfe65a6fef5c,BUY,5,521.55,INTRADAY,MARKET,2023-03-31 15:30:00+05:30,8d4d1fa8e9ad4c0f8f68d91661e022e1,SELL,5,524.4,INTRADAY,MARKET,14.25,-8.5,0.55,-0.02,49991.5,-0.09
