,INST,EN_TIME,EN_ID,EN_TT,EN_Q,EN_PRICE,EN_CODE,EN_VAR,EX_TIME,EX_ID,EX_TT,EX_Q,EX_PRICE,EX_CODE,EX_VAR,P&L,ROI,P&L %,ROI %,Equity Curve,Drawdown %
0,NSE_FO:BANKNIFTY05JAN2343000CE [LOCAL],2023-01-01 09:20:00+05:30,246eaeaf5aeb4a0485f9da6d7905304e,BUY,15,362.05,INTRADAY,MARKET,2023-01-01 15:15:00+05:30,53341600655d492680b6c8d6a2e718a1,SELL,15,362.05,INTRADAY,MARKET,0.0,0.0,0.0,0.0,50000.0,0.0
1,NSE_FO:BANKNIFTY05JAN2343200CE [LOCAL],2023-01-01 09:20:00+05:30,4f7701e9c0af4ec1bf4983c42d5c1836,BUY,15,265.2,INTRADAY,MARKET,2023-01-01 15:15:00+05:30,fc53aceef9fa4a96bdf7fd4e555877ba,SELL,15,265.2,INTRADAY,MARKET,0.0,0.0,0.0,0.0,50000.0,0.0
2,NSE_FO:BANKNIFTY05JAN2343400CE [LOCAL],2023-01-01 09:20:00+05:30,8035146052fd4535a180920bb005ce6f,SELL,15,194.75,INTRADAY,MARKET,2023-01-01 15:15:00+05:30,8712b4eaeb0c40dc874fbad878bf11c4,BUY,15,194.75,INTRADAY,MARKET,-0.0,-0.0,-0.0,-0.0,50000.0,0.0
3,NSE_FO:BANKNIFTY05JAN2343000CE [LOCAL],2023-01-02 09:15:00+05:30,9e8e10eb596b43ec98a7bc92f3a3ea3d,BUY,15,360.05,INTRADAY,MARKET,2023-01-02 15:15:00+05:30,ee73e0b262b24ffca73ac85600a0a967,SELL,15,416.0,INTRADAY,MARKET,839.25,839.25,15.54,1.68,50839.25,0.0
4,NSE_FO:BANKNIFTY05JAN2343200CE [LOCAL],2023-01-02 09:15:00+05:30,6d93d4feba0a45e8ad08a04ff4e0eb01,BUY,15,259.45,INTRADAY,MARKET,2023-01-02 15:15:00+05:30,cc03ac31008a4e82b49596bf04c73c04,SELL,15,299.0,INTRADAY,MARKET,593.25,1432.5,15.24,2.86,51432.5,0.0
5,NSE_FO:BANKNIFTY05JAN2343400CE [LOCAL],2023-01-02 09:15:00+05:30,b5d150156a9d406c84e20b5804149480,SELL,15,187.5,INTRADAY,MARKET,2023-01-02 15:15:00+05:30,94e4d7bf191243c68f1a5f3723f6a7a6,BUY,15,206.2,INTRADAY,MARKET,-280.5,1152.0,-9.97,2.3,51152.0,-0.55
6,NSE_FO:BANKNIFTY05JAN2343200CE [LOCAL],2023-01-03 09:15:00+05:30,4bf0bdba9299462cbfa8afe48f0b7999,BUY,15,310.55,INTRADAY,MARKET,2023-01-03 15:15:00+05:30,9c1b4089cf104f868120c2aecea58264,SELL,15,384.1,INTRADAY,MARKET,1103.25,2255.25,23.68,4.51,52255.25,0.0
7,NSE_FO:BANKNIFTY05JAN2343400CE [LOCAL],2023-01-03 09:15:00+05:30,cdd31d645173448eabb22e692efdfa07,BUY,15,216.5,INTRADAY,MARKET,2023-01-03 15:15:00+05:30,b2a12f6a6d744b2abc2d5173e42583d9,SELL,15,255.6,INTRADAY,MARKET,586.5,2841.75,18.06,5.68,52841.75,0.0
8,NSE_FO:BANKNIFTY05JAN2343600CE [LOCAL],2023-01-03 09:15:00+05:30,6c7884475dbb4420b55b22e6b85078b4,SELL,15,134.0,INTRADAY,MARKET,2023-01-03 15:15:00+05:30,2a7048e98732462eac09693dd8d84f41,BUY,15,156.05,INTRADAY,MARKET,-330.75,2511.0,-16.46,5.02,52511.0,-0.63
9,NSE_FO:BANKNIFTY05JAN2343400CE [LOCAL],2023-01-04 09:15:00+05:30,38533798f2d745eeb6b338b324d0b952,BUY,15,255.0,INTRADAY,MARKET,2023-01-04 15:15:00+05:30,2b9c887a147d48dea0f0ab3a48dd6517,SELL,15,60.35,INTRADAY,MARKET,-2919.75,-408.75,-76.33,-0.82,49591.25,-6.15
10,NSE_FO:BANKNIFTY05JAN2343600CE [LOCAL],2023-01-04 09:15:00+05:30,8daacb3071d944a59b0c21e2cd501d5d,BUY,15,138.0,INTRADAY,MARKET,2023-01-04 15:15:00+05:30,0e7152c2cc6d4743b5d8c7276f68b6a4,SELL,15,31.9,INTRADAY,MARKET,-1591.5,-2000.25,-76.88,-4.0,47999.75,-9.16
11,NSE_FO:BANKNIFTY05JAN2343800CE [LOCAL],2023-01-04 09:15:00+05:30,4021e032b4604cd5821af58713a606f9,SELL,15,85.0,INTRADAY,MARKET,2023-01-04 15:15:00+05:30,aed20e0404474580a3a05500da22ceff,BUY,15,16.85,INTRADAY,MARKET,1022.25,-978.0,80.18,-1.96,49022.0,-7.23
12,NSE_FO:BANKNIFTY05JAN2343100CE [LOCAL],2023-01-05 09:15:00+05:30,4b595037e652483c9e0efb0a653d69b8,BUY,15,178.4,INTRADAY,MARKET,2023-01-05 15:15:00+05:30,e1d289c4cc8346e9855f14f04d501c81,SELL,15,0.35,INTRADAY,MARKET,-2670.75,-3648.75,-99.8,-7.3,46351.25,-12.28
13,NSE_FO:BANKNIFTY05JAN2343300CE [LOCAL],2023-01-05 09:15:00+05:30,049486f4b377433094a7d6d6d5b6763e,BUY,15,85.0,INTRADAY,MARKET,2023-01-05 15:15:00+05:30,f40204a388a846b5869f2c82de85b45a,SELL,15,0.3,INTRADAY,MARKET,-1270.5,-4919.25,-99.65,-9.84,45080.75,-14.69
14,NSE_FO:BANKNIFTY05JAN2343500CE [LOCAL],2023-01-05 09:15:00+05:30,36faf6fe216c47139db0e7d578b17c43,SELL,15,39.95,INTRADAY,MARKET,2023-01-05 15:15:00+05:30,6309798aa2f647739489101d3a795bbb,BUY,15,0.3,INTRADAY,MARKET,594.75,-4324.5,99.25,-8.65,45675.5,-13.56
15,NSE_FO:BANKNIFTY12JAN2342600CE [LOCAL],2023-01-06 09:15:00+05:30,425b99acd3964e41bbd4b53653df6a80,BUY,15,393.7,INTRADAY,MARKET,2023-01-06 15:15:00+05:30,e029f9bbc2a14a13b5f6e6e491b85519,SELL,15,188.9,INTRADAY,MARKET,-3072.0,-7396.5,-52.02,-14.79,42603.5,-19.38
16,NSE_FO:BANKNIFTY12JAN2342800CE [LOCAL],2023-01-06 09:15:00+05:30,85ca5b1e52114ee4a9e1901e8596ba02,BUY,15,288.0,INTRADAY,MARKET,2023-01-06 15:15:00+05:30,b92e65c48a764580aa043971ab3aec66,SELL,15,130.25,INTRADAY,MARKET,-2366.25,-9762.75,-54.77,-19.53,40237.25,-23.85
17,NSE_FO:BANKNIFTY12JAN2343000CE [LOCAL],2023-01-06 09:15:00+05:30,4b8c80a1cc5042649d35a26d90a514a8,SELL,15,200.95,INTRADAY,MARKET,2023-01-06 15:15:00+05:30,40ab32820cf24afbab02dee9312ed3ec,BUY,15,87.75,INTRADAY,MARKET,1698.0,-8064.75,56.33,-16.13,41935.25,-20.64
18,NSE_FO:BANKNIFTY12JAN2342400CE [LOCAL],2023-01-09 09:15:00+05:30,632bd2f65bd042f185e6843d505952c8,BUY,15,295.15,INTRADAY,MARKET,2023-01-09 15:15:00+05:30,3046a2ecdc124199b5f8d0f40ca3404b,SELL,15,397.5,INTRADAY,MARKET,1535.25,-6529.5,34.68,-13.06,43470.5,-17.73
19,NSE_FO:BANKNIFTY12JAN2342600CE [LOCAL],2023-01-09 09:15:00+05:30,b45b833afd3b4f94a6a82358b505eb77,BUY,15,210.0,INTRADAY,MARKET,2023-01-09 15:15:00+05:30,28d7847a5cde466eb5311bbe8fd7ab50,SELL,15,278.35,INTRADAY,MARKET,1025.25,-5504.25,32.55,-11.01,44495.75,-15.79
20,NSE_FO:BANKNIFTY12JAN2342800CE [LOCAL],2023-01-09 09:15:00+05:30,c5d0780d854c4e6e88889891132347fb,SELL,15,170.1,INTRADAY,MARKET,2023-01-09 15:15:00+05:30,122f0bcd832c4979a977cd9d166548d2,BUY,15,184.75,INTRADAY,MARKET,-219.75,-5724.0,-8.61,-11.45,44276.0,-16.21
21,NSE_FO:BANKNIFTY12JAN2342600CE [LOCAL],2023-01-10 09:15:00+05:30,98b8abaf56ab44838454d0c1a9cb8b55,BUY,15,272.2,INTRADAY,MARKET,2023-01-10 15:15:00+05:30,2fe103eb55d84a5ead726a22b73ed1e4,SELL,15,82.25,INTRADAY,MARKET,-2849.25,-8573.25,-69.78,-17.15,41426.75,-21.6
22,NSE_FO:BANKNIFTY12JAN2342800CE [LOCAL],2023-01-10 09:15:00+05:30,20de2deb9e9e49c888e03b8bb25ceaf8,BUY,15,170.0,INTRADAY,MARKET,2023-01-10 15:15:00+05:30,9c8b02ab06194647912484fb82f7c5cc,SELL,15,51.9,INTRADAY,MARKET,-1771.5,-10344.75,-69.47,-20.69,39655.25,-24.95
23,NSE_FO:BANKNIFTY12JAN2343000CE [LOCAL],2023-01-10 09:15:00+05:30,4126edd1ac1f4effaf6e6aa803f8bb62,SELL,15,96.3,INTRADAY,MARKET,2023-01-10 15:15:00+05:30,060ee359108f443fa862a7fbf97f6e57,BUY,15,33.05,INTRADAY,MARKET,948.75,-9396.0,65.68,-18.79,40604.0,-23.16
24,NSE_FO:BANKNIFTY12JAN2342100CE [LOCAL],2023-01-11 09:15:00+05:30,0d3b312ddda04364a4dd235dc765a6f1,BUY,15,251.0,INTRADAY,MARKET,2023-01-11 15:15:00+05:30,70662f4ac7d449f5bbc0cdb182e3814e,SELL,15,274.1,INTRADAY,MARKET,346.5,-9049.5,9.2,-18.1,40950.5,-22.5
25,NSE_FO:BANKNIFTY12JAN2342300CE [LOCAL],2023-01-11 09:15:00+05:30,2efb33dc0f3b49e7b21b87e22ce9dd59,BUY,15,154.95,INTRADAY,MARKET,2023-01-11 15:15:00+05:30,035ccbafa0ac49c29cffbe0b18d314cb,SELL,15,154.2,INTRADAY,MARKET,-11.25,-9060.75,-0.48,-18.12,40939.25,-22.52
26,NSE_FO:BANKNIFTY12JAN2342500CE [LOCAL],2023-01-11 09:15:00+05:30,a2e3554654b945559705e4a8d4d58380,SELL,15,95.0,INTRADAY,MARKET,2023-01-11 15:15:00+05:30,62314e5f98d4459abfe80562b90308ab,BUY,15,76.25,INTRADAY,MARKET,281.25,-8779.5,19.74,-17.56,41220.5,-21.99
27,NSE_FO:BANKNIFTY12JAN2342200CE [LOCAL],2023-01-12 09:15:00+05:30,d38216ed7b944cc0bfdc12680687b5b9,BUY,15,204.1,INTRADAY,MARKET,2023-01-12 15:15:00+05:30,2b8bddd4e0e944ae8224052da4b55cb2,SELL,15,0.45,INTRADAY,MARKET,-3054.75,-11834.25,-99.78,-23.67,38165.75,-27.77
28,NSE_FO:BANKNIFTY12JAN2342400CE [LOCAL],2023-01-12 09:15:00+05:30,d59100581f7445d3949f1dae8f024d5c,BUY,15,90.0,INTRADAY,MARKET,2023-01-12 15:15:00+05:30,54a6f8f3a06548b19add8511a0c9d754,SELL,15,0.2,INTRADAY,MARKET,-1347.0,-13181.25,-99.78,-26.36,36818.75,-30.32
29,NSE_FO:BANKNIFTY12JAN2342600CE [LOCAL],2023-01-12 09:15:00+05:30,268500acf93341efbfe3a5ff60eddbfb,SELL,15,45.0,INTRADAY,MARKET,2023-01-12 15:15:00+05:30,158044d7718a470d8727f0db2a961c1b,BUY,15,0.2,INTRADAY,MARKET,672.0,-12509.25,99.56,-25.02,37490.75,-29.05
30,NSE_FO:BANKNIFTY19JAN2342200CE [LOCAL],2023-01-13 09:15:00+05:30,2ca5660b4cbe42d7804bb164608cbc5d,BUY,15,410.55,INTRADAY,MARKET,2023-01-13 15:15:00+05:30,3b2b3dba93a14e78befe31435a29f6a2,SELL,15,442.5,INTRADAY,MARKET,479.25,-12030.0,7.78,-24.06,37970.0,-28.14
31,NSE_FO:BANKNIFTY19JAN2342400CE [LOCAL],2023-01-13 09:15:00+05:30,6b3a4cdb64f0432ba78a4a263620f003,BUY,15,299.0,INTRADAY,MARKET,2023-01-13 15:15:00+05:30,7ba60cc7d2b5448ba75d265e996d3dc8,SELL,15,323.6,INTRADAY,MARKET,369.0,-11661.0,8.23,-23.32,38339.0,-27.45
32,NSE_FO:BANKNIFTY19JAN2342600CE [LOCAL],2023-01-13 09:15:00+05:30,06a316e5b6064c75bab660ad8124e0bc,SELL,15,189.15,INTRADAY,MARKET,2023-01-13 15:15:00+05:30,ac00524b234745ac98b6f11b913bee02,BUY,15,226.3,INTRADAY,MARKET,-557.25,-12218.25,-19.64,-24.44,37781.75,-28.5
33,NSE_FO:BANKNIFTY19JAN2342600CE [LOCAL],2023-01-16 09:15:00+05:30,1a6645a77c2a4a74861b44a7665eb722,BUY,15,255.05,INTRADAY,MARKET,2023-01-16 15:15:00+05:30,8bcec0e4f816417e8290869004fca480,SELL,15,126.35,INTRADAY,MARKET,-1930.5,-14148.75,-50.46,-28.3,35851.25,-32.15
34,NSE_FO:BANKNIFTY19JAN2342800CE [LOCAL],2023-01-16 09:15:00+05:30,4bca10abac7f41b7a410a36b8edd5e98,BUY,15,182.05,INTRADAY,MARKET,2023-01-16 15:15:00+05:30,c8a4a44c265d4df5be722ead33d94f3a,SELL,15,78.85,INTRADAY,MARKET,-1548.0,-15696.75,-56.69,-31.39,34303.25,-35.08
35,NSE_FO:BANKNIFTY19JAN2343000CE [LOCAL],2023-01-16 09:15:00+05:30,2976dbc6963f4576825cb6f4aae79e23,SELL,15,110.0,INTRADAY,MARKET,2023-01-16 15:15:00+05:30,2b6a35ad391949a284d93af85bcbf7f4,BUY,15,47.8,INTRADAY,MARKET,933.0,-14763.75,56.55,-29.53,35236.25,-33.32
36,NSE_FO:BANKNIFTY19JAN2342200CE [LOCAL],2023-01-17 09:15:00+05:30,98e64c0b0690495ca155a19667f76551,BUY,15,319.95,INTRADAY,MARKET,2023-01-17 15:15:00+05:30,ac0de86254c44c8d942befe7d697a6ea,SELL,15,261.7,INTRADAY,MARKET,-873.75,-15637.5,-18.21,-31.28,34362.5,-34.97
37,NSE_FO:BANKNIFTY19JAN2342400CE [LOCAL],2023-01-17 09:15:00+05:30,c60907bc4c5b4a0187b03eaa6ab0e94e,BUY,15,195.5,INTRADAY,MARKET,2023-01-17 15:15:00+05:30,91caabcab76b42569bf9d7439924a64f,SELL,15,166.0,INTRADAY,MARKET,-442.5,-16080.0,-15.09,-32.16,33920.0,-35.81
38,NSE_FO:BANKNIFTY19JAN2342600CE [LOCAL],2023-01-17 09:15:00+05:30,edc972ddf59d414092c4f7e3ecc8981e,SELL,15,140.05,INTRADAY,MARKET,2023-01-17 15:15:00+05:30,249ffac7b8534b79aa6212884674d718,BUY,15,99.95,INTRADAY,MARKET,601.5,-15478.5,28.63,-30.96,34521.5,-34.67
39,NSE_FO:BANKNIFTY19JAN2342300CE [LOCAL],2023-01-18 09:15:00+05:30,ebfac7d8dbed481692b9d3f6c91a29f4,BUY,15,220.0,INTRADAY,MARKET,2023-01-18 15:15:00+05:30,26e65f1ede334b24866e3cb1a7dd9914,SELL,15,233.5,INTRADAY,MARKET,202.5,-15276.0,6.14,-30.55,34724.0,-34.29
40,NSE_FO:BANKNIFTY19JAN2342500CE [LOCAL],2023-01-18 09:15:00+05:30,c2e65d2e2a2e4a60ade1127f5bfc2246,BUY,15,114.7,INTRADAY,MARKET,2023-01-18 15:15:00+05:30,53f9c9020e8740a38d2c2173fc4dfb85,SELL,15,121.65,INTRADAY,MARKET,104.25,-15171.75,6.06,-30.34,34828.25,-34.09
41,NSE_FO:BANKNIFTY19JAN2342700CE [LOCAL],2023-01-18 09:15:00+05:30,96c939587d45418c8e5f30eda945ae21,SELL,15,78.0,INTRADAY,MARKET,2023-01-18 15:15:00+05:30,d07662fa21cf40de878e332f86673b8f,BUY,15,52.7,INTRADAY,MARKET,379.5,-14792.25,32.44,-29.58,35207.75,-33.37
42,NSE_FO:BANKNIFTY19JAN2342400CE [LOCAL],2023-01-19 09:15:00+05:30,cb1e1cc724e94554b7cf51f824b6441d,BUY,15,171.35,INTRADAY,MARKET,2023-01-19 15:15:00+05:30,1e8a9e7d5ff6447596510643cc3b1c7a,SELL,15,0.2,INTRADAY,MARKET,-2567.25,-17359.5,-99.88,-34.72,32640.5,-38.23
43,NSE_FO:BANKNIFTY19JAN2342600CE [LOCAL],2023-01-19 09:15:00+05:30,919e842a4cff4dfe9644adb21445641a,BUY,15,60.0,INTRADAY,MARKET,2023-01-19 15:15:00+05:30,9096f05826b3476d9651db0b07468a00,SELL,15,0.15,INTRADAY,MARKET,-897.75,-18257.25,-99.75,-36.51,31742.75,-39.93
44,NSE_FO:BANKNIFTY19JAN2342800CE [LOCAL],2023-01-19 09:15:00+05:30,da30f107c55a446ea197d0a209f04a14,SELL,15,22.0,INTRADAY,MARKET,2023-01-19 15:15:00+05:30,e7e6c7f8bd804edcb6eb5ffd1d0df5d0,BUY,15,0.1,INTRADAY,MARKET,328.5,-17928.75,99.55,-35.86,32071.25,-39.31
45,NSE_FO:BANKNIFTY25JAN2342500CE [LOCAL],2023-01-20 09:15:00+05:30,c7079c5cb3af48f692382c543cca35d8,BUY,15,255.0,INTRADAY,MARKET,2023-01-20 15:15:00+05:30,cf65a6e9bc2e40d189a477f28797c1da,SELL,15,290.0,INTRADAY,MARKET,525.0,-17403.75,13.73,-34.81,32596.25,-38.31
46,NSE_FO:BANKNIFTY25JAN2342700CE [LOCAL],2023-01-20 09:15:00+05:30,bc15b138cc524806ba29ac26cf7c5748,BUY,15,159.65,INTRADAY,MARKET,2023-01-20 15:15:00+05:30,71e94f4f87bc4d7c86060529bffae931,SELL,15,191.5,INTRADAY,MARKET,477.75,-16926.0,19.95,-33.85,33074.0,-37.41
47,NSE_FO:BANKNIFTY25JAN2342900CE [LOCAL],2023-01-20 09:15:00+05:30,60c69ab711b9466e9cd0b7b1c2ce641e,SELL,15,109.0,INTRADAY,MARKET,2023-01-20 15:15:00+05:30,34c00ff8f8f449bfbb371c65c298bef8,BUY,15,116.25,INTRADAY,MARKET,-108.75,-17034.75,-6.65,-34.07,32965.25,-37.62
48,NSE_FO:BANKNIFTY25JAN2342900CE [LOCAL],2023-01-23 09:15:00+05:30,81c7154ae3e147a5ad8fcf0f5c4af1da,BUY,15,165.0,INTRADAY,MARKET,2023-01-23 15:15:00+05:30,350a72b4d9d6404682816be4642affd1,SELL,15,178.95,INTRADAY,MARKET,209.25,-16825.5,8.45,-33.65,33174.5,-37.22
49,NSE_FO:BANKNIFTY25JAN2343100CE [LOCAL],2023-01-23 09:15:00+05:30,d5e3bb0c508c446ca6c1ac9f965a3b78,BUY,15,111.0,INTRADAY,MARKET,2023-01-23 15:15:00+05:30,493e03ab3f884b89a565f4ec4eb66d5b,SELL,15,95.45,INTRADAY,MARKET,-233.25,-17058.75,-14.01,-34.12,32941.25,-37.66
50,NSE_FO:BANKNIFTY25JAN2343300CE [LOCAL],2023-01-23 09:15:00+05:30,f858545944fc494ba225421deb20ae74,SELL,15,64.8,INTRADAY,MARKET,2023-01-23 15:15:00+05:30,9b7552796068480cb7e9af949598d774,BUY,15,44.15,INTRADAY,MARKET,309.75,-16749.0,31.87,-33.5,33251.0,-37.07
51,NSE_FO:BANKNIFTY25JAN2343000CE [LOCAL],2023-01-24 09:15:00+05:30,0e199924f977452eb4152c3358f305e9,BUY,15,145.0,INTRADAY,MARKET,2023-01-24 15:15:00+05:30,446701020b284ec687ba339453a7a639,SELL,15,52.5,INTRADAY,MARKET,-1387.5,-18136.5,-63.79,-36.27,31863.5,-39.7
52,NSE_FO:BANKNIFTY25JAN2343200CE [LOCAL],2023-01-24 09:15:00+05:30,8e0d6af64bf14df7987a34577cccb81e,BUY,15,81.7,INTRADAY,MARKET,2023-01-24 15:15:00+05:30,b02495153f27412b910169e2c0bcf7b0,SELL,15,17.15,INTRADAY,MARKET,-968.25,-19104.75,-79.01,-38.21,30895.25,-41.53
53,NSE_FO:BANKNIFTY25JAN2343400CE [LOCAL],2023-01-24 09:15:00+05:30,e838cdea9c584e0cb6fdb54e8ad1e0d9,SELL,15,35.0,INTRADAY,MARKET,2023-01-24 15:15:00+05:30,221f5768fd0e40ee90470080ba12d0cc,BUY,15,6.25,INTRADAY,MARKET,431.25,-18673.5,82.14,-37.35,31326.5,-40.72
54,NSE_FO:BANKNIFTY25JAN2342700CE [LOCAL],2023-01-25 09:15:00+05:30,d12d08ea9663442b997e618990e402e0,BUY,15,158.0,INTRADAY,MARKET,2023-01-25 15:15:00+05:30,cca9a70f36c64513b2172187d9f32b9c,SELL,15,0.25,INTRADAY,MARKET,-2366.25,-21039.75,-99.84,-42.08,28960.25,-45.19
55,NSE_FO:BANKNIFTY25JAN2342900CE [LOCAL],2023-01-25 09:15:00+05:30,4ab735a9dc0b4c8c8c3587a3f68e73ed,BUY,15,60.0,INTRADAY,MARKET,2023-01-25 15:15:00+05:30,e9b88890d662487e9067b2e8d1843e33,SELL,15,0.25,INTRADAY,MARKET,-896.25,-21936.0,-99.58,-43.87,28064.0,-46.89
56,NSE_FO:BANKNIFTY25JAN2343100CE [LOCAL],2023-01-25 09:15:00+05:30,657cb0599b004add909a1c71ca19dd57,SELL,15,19.9,INTRADAY,MARKET,2023-01-25 15:15:00+05:30,41a4588dfd2947b1850eca635a5ab5be,BUY,15,0.2,INTRADAY,MARKET,295.5,-21640.5,98.99,-43.28,28359.5,-46.33
57,NSE_FO:BANKNIFTY02FEB2341400CE [LOCAL],2023-01-27 09:15:00+05:30,3fdf711842ed4a97bbdba03626660db6,BUY,15,624.05,INTRADAY,MARKET,2023-01-27 15:15:00+05:30,42a8e923994940cc9d5154c7f54c608a,SELL,15,224.1,INTRADAY,MARKET,-5999.25,-27639.75,-64.09,-55.28,22360.25,-57.68
58,NSE_FO:BANKNIFTY02FEB2341600CE [LOCAL],2023-01-27 09:15:00+05:30,10046aba8a9645d2818de5b8e508015a,BUY,15,499.0,INTRADAY,MARKET,2023-01-27 15:15:00+05:30,7e4ed5ea0db54a68b248669c6c7ee0ea,SELL,15,181.85,INTRADAY,MARKET,-4757.25,-32397.0,-63.56,-64.79,17603.0,-66.69
59,NSE_FO:BANKNIFTY02FEB2341800CE [LOCAL],2023-01-27 09:15:00+05:30,907952d986304fd6a7a80a7af69d7c4c,SELL,15,409.1,INTRADAY,MARKET,2023-01-27 15:15:00+05:30,937914d4b7d548229343a66381c54e7a,BUY,15,145.75,INTRADAY,MARKET,3950.25,-28446.75,64.37,-56.89,21553.25,-59.21
60,NSE_FO:BANKNIFTY02FEB2339900CE [LOCAL],2023-01-30 09:15:00+05:30,343445ef3d3b481c9896f62dd6694bd8,BUY,15,737.7,INTRADAY,MARKET,2023-01-30 15:15:00+05:30,ac418b99e6da4020bd004aac094d6cbc,SELL,15,962.65,INTRADAY,MARKET,3374.25,-25072.5,30.49,-50.14,24927.5,-52.83
61,NSE_FO:BANKNIFTY02FEB2340100CE [LOCAL],2023-01-30 09:15:00+05:30,41db36995f344f3ca180438dcf6ddf90,BUY,15,425.0,INTRADAY,MARKET,2023-01-30 15:15:00+05:30,136d9f2e2324403d8abb9bc13936f056,SELL,15,822.35,INTRADAY,MARKET,5960.25,-19112.25,93.49,-38.22,30887.75,-41.55
62,NSE_FO:BANKNIFTY02FEB2340300CE [LOCAL],2023-01-30 09:15:00+05:30,83fda4abc9ab4e3abca3fd70789c8437,SELL,15,450.05,INTRADAY,MARKET,2023-01-30 15:15:00+05:30,da65c048f0ea47ca81a567cbac23ab9b,BUY,15,693.7,INTRADAY,MARKET,-3654.75,-22767.0,-54.14,-45.53,27233.0,-48.46
63,NSE_FO:BANKNIFTY02FEB2340600CE [LOCAL],2023-01-31 09:15:00+05:30,b4114d95abe14ac8826bc4e5c0647d8d,BUY,15,519.4,INTRADAY,MARKET,2023-01-31 15:15:00+05:30,904fa37868d54ee3ae4d03a74bfda681,SELL,15,624.55,INTRADAY,MARKET,1577.25,-21189.75,20.24,-42.38,28810.25,-45.48
64,NSE_FO:BANKNIFTY02FEB2340800CE [LOCAL],2023-01-31 09:15:00+05:30,4abd49aa2ff04ac3ae12e5e3b0d1f756,BUY,15,440.25,INTRADAY,MARKET,2023-01-31 15:15:00+05:30,a28c2f34b8ac40ae874431bd7bccaa6f,SELL,15,509.75,INTRADAY,MARKET,1042.5,-20147.25,15.79,-40.29,29852.75,-43.51
65,NSE_FO:BANKNIFTY02FEB2341000CE [LOCAL],2023-01-31 09:15:00+05:30,b7330c28c91344fe9ad656016494eebe,SELL,15,345.1,INTRADAY,MARKET,2023-01-31 15:15:00+05:30,a90dd2681172431d976df3c825fef7b7,BUY,15,409.0,INTRADAY,MARKET,-958.5,-21105.75,-18.52,-42.21,28894.25,-45.32
66,NSE_FO:BANKNIFTY02FEB2341100CE [LOCAL],2023-02-01 09:15:00+05:30,121b12018fd64c43baa1596eeff3de48,BUY,15,517.15,INTRADAY,MARKET,2023-02-01 15:15:00+05:30,35986a920e8c450099e64d485d5c7de8,SELL,15,127.2,INTRADAY,MARKET,-5849.25,-26955.0,-75.4,-53.91,23045.0,-56.39
67,NSE_FO:BANKNIFTY02FEB2341300CE [LOCAL],2023-02-01 09:15:00+05:30,d6ccf106f06649c696f0fd44005a3de3,BUY,15,424.75,INTRADAY,MARKET,2023-02-01 15:15:00+05:30,cb251c9dd57d405298e8e1604bf291c4,SELL,15,86.6,INTRADAY,MARKET,-5072.25,-32027.25,-79.61,-64.05,17972.75,-65.99
68,NSE_FO:BANKNIFTY02FEB2341500CE [LOCAL],2023-02-01 09:15:00+05:30,e44cc827f0ef44d2832b7b3c4adc94ee,SELL,15,349.95,INTRADAY,MARKET,2023-02-01 15:15:00+05:30,34ce9a07fb7243c282fe230101dce142,BUY,15,58.9,INTRADAY,MARKET,4365.75,-27661.5,83.17,-55.32,22338.5,-57.73
69,NSE_FO:BANKNIFTY02FEB2339900CE [LOCAL],2023-02-02 09:15:00+05:30,bd66f2c74daf4d2eae9e30ebc80c0ac9,BUY,15,324.8,INTRADAY,MARKET,2023-02-02 15:15:00+05:30,0cf2918f511f4d08be189367297c70fd,SELL,15,738.7,INTRADAY,MARKET,6208.5,-21453.0,127.43,-42.91,28547.0,-45.98
70,NSE_FO:BANKNIFTY02FEB2340100CE [LOCAL],2023-02-02 09:15:00+05:30,a2fcf6d5b7ed450bb44004f1d0cd2a8b,BUY,15,199.95,INTRADAY,MARKET,2023-02-02 15:15:00+05:30,167479f1ccf74dd0a6967b2a83eb2ff0,SELL,15,538.35,INTRADAY,MARKET,5076.0,-16377.0,169.24,-32.75,33623.0,-36.37
71,NSE_FO:BANKNIFTY02FEB2340300CE [LOCAL],2023-02-02 09:15:00+05:30,92f9198c33f14d5c9d5092513ab423c9,SELL,15,200.0,INTRADAY,MARKET,2023-02-02 15:15:00+05:30,effd17657896436880b7756562e03e98,BUY,15,339.1,INTRADAY,MARKET,-2086.5,-18463.5,-69.55,-36.93,31536.5,-40.32
72,NSE_FO:BANKNIFTY09FEB2341000CE [LOCAL],2023-02-03 09:15:00+05:30,78552b27dbe14f4e8e14ccd4fb2071da,BUY,15,500.3,INTRADAY,MARKET,2023-02-03 15:15:00+05:30,e67ffbeb60ad4f68ba62eb14ce27343b,SELL,15,731.0,INTRADAY,MARKET,3460.5,-15003.0,46.11,-30.01,34997.0,-33.77
73,NSE_FO:BANKNIFTY09FEB2341200CE [LOCAL],2023-02-03 09:15:00+05:30,07b52b85430c4cc4b400ce764512fcb3,BUY,15,479.9,INTRADAY,MARKET,2023-02-03 15:15:00+05:30,a15e5dd01a4f4416aa1b015860abe194,SELL,15,588.0,INTRADAY,MARKET,1621.5,-13381.5,22.53,-26.76,36618.5,-30.7
74,NSE_FO:BANKNIFTY09FEB2341400CE [LOCAL],2023-02-03 09:15:00+05:30,5240c37b19ff45368d059086bc2c4144,SELL,15,309.5,INTRADAY,MARKET,2023-02-03 15:15:00+05:30,9545acaae14a490ea1cc2fbd0c9c1fba,BUY,15,457.75,INTRADAY,MARKET,-2223.75,-15605.25,-47.9,-31.21,34394.75,-34.91
75,NSE_FO:BANKNIFTY09FEB2341500CE [LOCAL],2023-02-06 09:15:00+05:30,f90b23e7bbe4422eb706480837b88fc6,BUY,15,410.05,INTRADAY,MARKET,2023-02-06 15:15:00+05:30,a71a5fdab95a48d6b3915d172c47fed2,SELL,15,299.2,INTRADAY,MARKET,-1662.75,-17268.0,-27.03,-34.54,32732.0,-38.06
76,NSE_FO:BANKNIFTY09FEB2341700CE [LOCAL],2023-02-06 09:15:00+05:30,4049f95962b64dd0887e24c1f9e85f77,BUY,15,308.4,INTRADAY,MARKET,2023-02-06 15:15:00+05:30,87fc377e3ca14fc193f62c041b451708,SELL,15,213.35,INTRADAY,MARKET,-1425.75,-18693.75,-30.82,-37.39,31306.25,-40.75
77,NSE_FO:BANKNIFTY09FEB2341900CE [LOCAL],2023-02-06 09:15:00+05:30,954a86cc447048f389d041ce870305ad,SELL,15,250.65,INTRADAY,MARKET,2023-02-06 15:15:00+05:30,bc84432b56ad484e90a3ccb46e906071,BUY,15,144.75,INTRADAY,MARKET,1588.5,-17105.25,42.25,-34.21,32894.75,-37.75
78,NSE_FO:BANKNIFTY09FEB2341500CE [LOCAL],2023-02-07 09:15:00+05:30,54f45d300599467786fc9e1520f24ff4,BUY,15,343.4,INTRADAY,MARKET,2023-02-07 15:15:00+05:30,b511523a33e74e51a7c212d3f8e5692b,SELL,15,291.95,INTRADAY,MARKET,-771.75,-17877.0,-14.98,-35.75,32123.0,-39.21
79,NSE_FO:BANKNIFTY09FEB2341700CE [LOCAL],2023-02-07 09:15:00+05:30,8afcd860128a436ca0430117e3de5eb1,BUY,15,171.25,INTRADAY,MARKET,2023-02-07 15:15:00+05:30,2d868b2ac23e42a29691d3073281ab14,SELL,15,197.8,INTRADAY,MARKET,398.25,-17478.75,15.5,-34.96,32521.25,-38.46
80,NSE_FO:BANKNIFTY09FEB2341900CE [LOCAL],2023-02-07 09:15:00+05:30,1802464ef1394cdc8c07eec03f509857,SELL,15,181.3,INTRADAY,MARKET,2023-02-07 15:15:00+05:30,c6edabf7bef5406c9eff7739363193ef,BUY,15,125.2,INTRADAY,MARKET,841.5,-16637.25,30.94,-33.27,33362.75,-36.86
81,NSE_FO:BANKNIFTY09FEB2341500CE [LOCAL],2023-02-08 09:15:00+05:30,a38966e024684428aacb6375e7450632,BUY,15,299.0,INTRADAY,MARKET,2023-02-08 15:15:00+05:30,f3d5b383e19d4fa0badbbe3606a52ea0,SELL,15,235.55,INTRADAY,MARKET,-951.75,-17589.0,-21.22,-35.18,32411.0,-38.66
82,NSE_FO:BANKNIFTY09FEB2341700CE [LOCAL],2023-02-08 09:15:00+05:30,ef14d16294d446d49f76793bd1c4a309,BUY,15,150.55,INTRADAY,MARKET,2023-02-08 15:15:00+05:30,557270da275141b8aff6d97419059487,SELL,15,134.65,INTRADAY,MARKET,-238.5,-17827.5,-10.56,-35.66,32172.5,-39.12
83,NSE_FO:BANKNIFTY09FEB2341900CE [LOCAL],2023-02-08 09:15:00+05:30,a07dd0c903bd4bce9eac5a28077abb9c,SELL,15,131.75,INTRADAY,MARKET,2023-02-08 15:15:00+05:30,8e341033f2e940a292dbb972393a5d2f,BUY,15,66.9,INTRADAY,MARKET,972.75,-16854.75,49.22,-33.71,33145.25,-37.27
84,NSE_FO:BANKNIFTY09FEB2341600CE [LOCAL],2023-02-09 09:15:00+05:30,c1167befc34c4e82ab5ae1738e02386f,BUY,15,198.0,INTRADAY,MARKET,2023-02-09 15:15:00+05:30,2b6a5a61c05349c584cc12fbaebeaf89,SELL,15,0.55,INTRADAY,MARKET,-2961.75,-19816.5,-99.72,-39.63,30183.5,-42.88
85,NSE_FO:BANKNIFTY09FEB2341800CE [LOCAL],2023-02-09 09:15:00+05:30,ffd35bbe47fd425b96c0ea085c907c70,BUY,15,78.95,INTRADAY,MARKET,2023-02-09 15:15:00+05:30,081b3f91ca1c4a11a0aa06962634f0f0,SELL,15,0.2,INTRADAY,MARKET,-1181.25,-20997.75,-99.75,-42.0,29002.25,-45.11
86,NSE_FO:BANKNIFTY09FEB2342000CE [LOCAL],2023-02-09 09:15:00+05:30,a43efd788e884b278400a1ad788c2719,SELL,15,35.2,INTRADAY,MARKET,2023-02-09 15:15:00+05:30,7e44984819884bb7a112d044fbd186f2,BUY,15,0.15,INTRADAY,MARKET,525.75,-20472.0,99.57,-40.94,29528.0,-44.12
87,NSE_FO:BANKNIFTY16FEB2341500CE [LOCAL],2023-02-10 09:15:00+05:30,3766f4bf8de145fca2260745835b17e4,BUY,15,380.0,INTRADAY,MARKET,2023-02-10 15:15:00+05:30,8c6c74544e85492db73f959c733bc171,SELL,15,348.25,INTRADAY,MARKET,-476.25,-20948.25,-8.36,-41.9,29051.75,-45.02
88,NSE_FO:BANKNIFTY16FEB2341700CE [LOCAL],2023-02-10 09:15:00+05:30,4965e08245404d299397b554dbbee3a5,BUY,15,299.0,INTRADAY,MARKET,2023-02-10 15:15:00+05:30,427db6f3baf0481bbbd40a179574ed15,SELL,15,244.8,INTRADAY,MARKET,-813.0,-21761.25,-18.13,-43.52,28238.75,-46.56
89,NSE_FO:BANKNIFTY16FEB2341900CE [LOCAL],2023-02-10 09:15:00+05:30,c144163425df4f729879d6fa76776ab3,SELL,15,199.0,INTRADAY,MARKET,2023-02-10 15:15:00+05:30,991ec264d65f4d06ae893abf2b5e795e,BUY,15,162.95,INTRADAY,MARKET,540.75,-21220.5,18.12,-42.44,28779.5,-45.54
90,NSE_FO:BANKNIFTY16FEB2341600CE [LOCAL],2023-02-13 09:15:00+05:30,e3de98ea95924577900b4b6d32355657,BUY,15,269.3,INTRADAY,MARKET,2023-02-13 15:15:00+05:30,8ab06e7399b34f718ff668627176f2e9,SELL,15,158.3,INTRADAY,MARKET,-1665.0,-22885.5,-41.22,-45.77,27114.5,-48.69
91,NSE_FO:BANKNIFTY16FEB2341800CE [LOCAL],2023-02-13 09:15:00+05:30,2b60d4c03be7462da1bb84a80f024f77,BUY,15,199.95,INTRADAY,MARKET,2023-02-13 15:15:00+05:30,29ea93a52f84440aa7c101238b746738,SELL,15,98.1,INTRADAY,MARKET,-1527.75,-24413.25,-50.94,-48.83,25586.75,-51.58
92,NSE_FO:BANKNIFTY16FEB2342000CE [LOCAL],2023-02-13 09:15:00+05:30,aa6c1e36d3b54488a9f77c6987e5adee,SELL,15,144.95,INTRADAY,MARKET,2023-02-13 15:15:00+05:30,5961774c06be427eaf947639102697c6,BUY,15,57.85,INTRADAY,MARKET,1306.5,-23106.75,60.09,-46.21,26893.25,-49.11
93,NSE_FO:BANKNIFTY16FEB2341400CE [LOCAL],2023-02-14 09:15:00+05:30,cb9c340d30824563aacdf38013fdb98a,BUY,15,256.35,INTRADAY,MARKET,2023-02-14 15:15:00+05:30,12ecce52f2064d8e862ed5af51c4664c,SELL,15,369.95,INTRADAY,MARKET,1704.0,-21402.75,44.31,-42.81,28597.25,-45.88
94,NSE_FO:BANKNIFTY16FEB2341600CE [LOCAL],2023-02-14 09:15:00+05:30,772d78001b7247e3a4876aab157fbc4d,BUY,15,156.55,INTRADAY,MARKET,2023-02-14 15:15:00+05:30,04f8df17a8514337b754a5d2a0c67f0f,SELL,15,243.35,INTRADAY,MARKET,1302.0,-20100.75,55.45,-40.2,29899.25,-43.42
95,NSE_FO:BANKNIFTY16FEB2341800CE [LOCAL],2023-02-14 09:15:00+05:30,14384355a3554b0bbcb6dd97dde5e1e1,SELL,15,119.95,INTRADAY,MARKET,2023-02-14 15:15:00+05:30,523b6f81ebc54334ae7c67ff950edcb7,BUY,15,145.0,INTRADAY,MARKET,-375.75,-20476.5,-20.88,-40.95,29523.5,-44.13
96,NSE_FO:BANKNIFTY16FEB2341700CE [LOCAL],2023-02-15 09:15:00+05:30,d6c13f31ab644f849af5ffb3b3111c22,BUY,15,205.25,INTRADAY,MARKET,2023-02-15 15:15:00+05:30,5a61408102584568a25072e16089e4ad,SELL,15,156.5,INTRADAY,MARKET,-731.25,-21207.75,-23.75,-42.42,28792.25,-45.51
97,NSE_FO:BANKNIFTY16FEB2341900CE [LOCAL],2023-02-15 09:15:00+05:30,e95a5c6aa22b4397a1c4ae919f813a5c,BUY,15,100.05,INTRADAY,MARKET,2023-02-15 15:15:00+05:30,0aff56cba1b5428bac6e790f782cc8d9,SELL,15,68.75,INTRADAY,MARKET,-469.5,-21677.25,-31.28,-43.35,28322.75,-46.4
98,NSE_FO:BANKNIFTY16FEB2342100CE [LOCAL],2023-02-15 09:15:00+05:30,7985f091ff2940bbae7c58b67b66d37d,SELL,15,47.05,INTRADAY,MARKET,2023-02-15 15:15:00+05:30,3c61a3a328cb4c989d9664b35de94c31,BUY,15,24.35,INTRADAY,MARKET,340.5,-21336.75,48.25,-42.67,28663.25,-45.76
99,NSE_FO:BANKNIFTY16FEB2341900CE [LOCAL],2023-02-16 09:15:00+05:30,3aa5f40b4a624f1b8e063d8200e678f7,BUY,15,92.55,INTRADAY,MARKET,2023-02-16 15:15:00+05:30,74c356e214244d53a55c15b1995f705c,SELL,15,0.35,INTRADAY,MARKET,-1383.0,-22719.75,-99.62,-45.44,27280.25,-48.37
100,NSE_FO:BANKNIFTY16FEB2342100CE [LOCAL],2023-02-16 09:15:00+05:30,161d3cadec52429a9e9b5d99fa7957bf,BUY,15,45.0,INTRADAY,MARKET,2023-02-16 15:15:00+05:30,974600ead3464b8c96c569091d58ab61,SELL,15,0.3,INTRADAY,MARKET,-670.5,-23390.25,-99.33,-46.78,26609.75,-49.64
101,NSE_FO:BANKNIFTY16FEB2342300CE [LOCAL],2023-02-16 09:15:00+05:30,03e17dd40df446a7852fc82d49a91b50,SELL,15,19.95,INTRADAY,MARKET,2023-02-16 15:15:00+05:30,46a6acc921b8435d80d102379159dfab,BUY,15,0.15,INTRADAY,MARKET,297.0,-23093.25,99.25,-46.19,26906.75,-49.08
102,NSE_FO:BANKNIFTY23FEB2341500CE [LOCAL],2023-02-17 09:15:00+05:30,6ebbc51e70d54c3f8834fcf44a6033e6,BUY,15,358.0,INTRADAY,MARKET,2023-02-17 15:15:00+05:30,00cc8975e71641e5984cf33bc6c5f563,SELL,15,195.55,INTRADAY,MARKET,-2436.75,-25530.0,-45.38,-51.06,24470.0,-53.69
103,NSE_FO:BANKNIFTY23FEB2341700CE [LOCAL],2023-02-17 09:15:00+05:30,4542bf346f8d4a38a968747861d9f707,BUY,15,300.0,INTRADAY,MARKET,2023-02-17 15:15:00+05:30,5711d8df1ce846019eea4beea7fea592,SELL,15,133.7,INTRADAY,MARKET,-2494.5,-28024.5,-55.43,-56.05,21975.5,-58.41
104,NSE_FO:BANKNIFTY23FEB2341900CE [LOCAL],2023-02-17 09:15:00+05:30,42b152b3087743fc93837b2451e56c7b,SELL,15,209.65,INTRADAY,MARKET,2023-02-17 15:15:00+05:30,e8481fec0bb547b7806b91a02cf589e6,BUY,15,89.7,INTRADAY,MARKET,1799.25,-26225.25,57.21,-52.45,23774.75,-55.01
105,NSE_FO:BANKNIFTY23FEB2341200CE [LOCAL],2023-02-20 09:15:00+05:30,d253b5fc1b7b436ea46da745c6de2061,BUY,15,343.05,INTRADAY,MARKET,2023-02-20 15:15:00+05:30,7fbdf0400ba14bf0b8434683a6bd1ada,SELL,15,125.0,INTRADAY,MARKET,-3270.75,-29496.0,-63.56,-58.99,20504.0,-61.2
106,NSE_FO:BANKNIFTY23FEB2341400CE [LOCAL],2023-02-20 09:15:00+05:30,9ac9d3deda094153bed7a7796ad1ed1a,BUY,15,222.15,INTRADAY,MARKET,2023-02-20 15:15:00+05:30,359cb2f13970421cb45843455f3cece8,SELL,15,85.55,INTRADAY,MARKET,-2049.0,-31545.0,-61.49,-63.09,18455.0,-65.07
107,NSE_FO:BANKNIFTY23FEB2341600CE [LOCAL],2023-02-20 09:15:00+05:30,1f1c946583ef46d19c88dee7127188c4,SELL,15,157.95,INTRADAY,MARKET,2023-02-20 15:15:00+05:30,7240ad6cd59649039ba58dc48130a144,BUY,15,57.95,INTRADAY,MARKET,1500.0,-30045.0,63.31,-60.09,19955.0,-62.24
108,NSE_FO:BANKNIFTY23FEB2340800CE [LOCAL],2023-02-21 09:15:00+05:30,23f0f1b8641740db90d669da553f1619,BUY,15,297.35,INTRADAY,MARKET,2023-02-21 15:15:00+05:30,c7646a98d1204920b6fff6d3ee230f13,SELL,15,167.0,INTRADAY,MARKET,-1955.25,-32000.25,-43.84,-64.0,17999.75,-65.94
109,NSE_FO:BANKNIFTY23FEB2341000CE [LOCAL],2023-02-21 09:15:00+05:30,fe559e9828c0457d9a7d46702ea64887,BUY,15,200.25,INTRADAY,MARKET,2023-02-21 15:15:00+05:30,0e7c3608af2a4ac28d157dc542b6b8b4,SELL,15,99.1,INTRADAY,MARKET,-1517.25,-33517.5,-50.51,-67.04,16482.5,-68.81
110,NSE_FO:BANKNIFTY23FEB2341200CE [LOCAL],2023-02-21 09:15:00+05:30,31617c4e970d4b2a8a26f82accf7d6d3,SELL,15,125.05,INTRADAY,MARKET,2023-02-21 15:15:00+05:30,fe583026ae0b4ffaa7ba94260743c587,BUY,15,60.5,INTRADAY,MARKET,968.25,-32549.25,51.62,-65.1,17450.75,-66.98
111,NSE_FO:BANKNIFTY23FEB2340500CE [LOCAL],2023-02-22 09:15:00+05:30,2482622b80a749e1ad49a45c58929c35,BUY,15,282.8,INTRADAY,MARKET,2023-02-22 15:15:00+05:30,5e2d0780a66140f581bc2ef18d92ce1b,SELL,15,36.9,INTRADAY,MARKET,-3688.5,-36237.75,-86.95,-72.48,13762.25,-73.96
112,NSE_FO:BANKNIFTY23FEB2340700CE [LOCAL],2023-02-22 09:15:00+05:30,891a2d0d016246c498d7348e8dd8f3d8,BUY,15,135.05,INTRADAY,MARKET,2023-02-22 15:15:00+05:30,709e991ceeae49a484f89c68cb1d5cf9,SELL,15,20.25,INTRADAY,MARKET,-1722.0,-37959.75,-85.01,-75.92,12040.25,-77.21
113,NSE_FO:BANKNIFTY23FEB2340900CE [LOCAL],2023-02-22 09:15:00+05:30,3a6e525791e943c6a5bbbd6fa84b85d7,SELL,15,85.15,INTRADAY,MARKET,2023-02-22 15:15:00+05:30,a7eed4767c6b467ebe3a58477cbb25f6,BUY,15,13.7,INTRADAY,MARKET,1071.75,-36888.0,83.91,-73.78,13112.0,-75.19
114,NSE_FO:BANKNIFTY23FEB2340000CE [LOCAL],2023-02-23 09:15:00+05:30,bc215a0e43d24afe9504cd56a2a9021d,BUY,15,199.7,INTRADAY,MARKET,2023-02-23 15:15:00+05:30,d4764d0c602546a59b727933d2ee1d9f,SELL,15,1.1,INTRADAY,MARKET,-2979.0,-39867.0,-99.45,-79.73,10133.0,-80.82
115,NSE_FO:BANKNIFTY23FEB2340200CE [LOCAL],2023-02-23 09:15:00+05:30,84c4885ea7d247659fb225f82a13927c,BUY,15,84.15,INTRADAY,MARKET,2023-02-23 15:15:00+05:30,3d029777e63049d18e4c5daf7ae381d2,SELL,15,0.45,INTRADAY,MARKET,-1255.5,-41122.5,-99.47,-82.24,8877.5,-83.2
116,NSE_FO:BANKNIFTY23FEB2340400CE [LOCAL],2023-02-23 09:15:00+05:30,e1dbd485d9f2427b9b4de8c54bb1ff2e,SELL,15,34.8,INTRADAY,MARKET,2023-02-23 15:15:00+05:30,90badbcf219e4faabb4b8120c05d2fde,BUY,15,0.3,INTRADAY,MARKET,517.5,-40605.0,99.14,-81.21,9395.0,-82.22
117,NSE_FO:BANKNIFTY02MAR2340300CE [LOCAL],2023-02-24 09:15:00+05:30,fbd101fbd81d4291a7e8af274a18b723,BUY,15,316.85,INTRADAY,MARKET,2023-02-24 15:15:00+05:30,cfea4c5c167245ac953a8720b433f8c6,SELL,15,178.0,INTRADAY,MARKET,-2082.75,-42687.75,-43.82,-85.38,7312.25,-86.16
118,NSE_FO:BANKNIFTY02MAR2340500CE [LOCAL],2023-02-24 09:15:00+05:30,5b8e0326499147cf8d08d3b0fa9c3e27,BUY,15,181.0,INTRADAY,MARKET,2023-02-24 15:15:00+05:30,b822be20fb8941e59f8945530211f9de,SELL,15,117.95,INTRADAY,MARKET,-945.75,-43633.5,-34.83,-87.27,6366.5,-87.95
119,NSE_FO:BANKNIFTY02MAR2340700CE [LOCAL],2023-02-24 09:15:00+05:30,a740eb55347247218442d93400e06610,SELL,15,168.75,INTRADAY,MARKET,2023-02-24 15:15:00+05:30,c56e784d85b54fa1a8d5608d8e9b2905,BUY,15,75.45,INTRADAY,MARKET,1399.5,-42234.0,55.29,-84.47,7766.0,-85.3
120,NSE_FO:BANKNIFTY02MAR2339800CE [LOCAL],2023-02-27 09:15:00+05:30,c94a08cecefb4fff9daad98fac2a5475,BUY,15,375.7,INTRADAY,MARKET,2023-02-27 15:15:00+05:30,d4c9b38b48454a6398a1bb134438ec6f,SELL,15,632.45,INTRADAY,MARKET,3851.25,-38382.75,68.34,-76.77,11617.25,-78.02
121,NSE_FO:BANKNIFTY02MAR2340000CE [LOCAL],2023-02-27 09:15:00+05:30,8dbb404b38384f2c99ecbb6a5b84ac2d,BUY,15,280.0,INTRADAY,MARKET,2023-02-27 15:15:00+05:30,97e57793d9d5498a871ecc9e3facc34b,SELL,15,472.55,INTRADAY,MARKET,2888.25,-35494.5,68.77,-70.99,14505.5,-72.55
122,NSE_FO:BANKNIFTY02MAR2340200CE [LOCAL],2023-02-27 09:15:00+05:30,5d6634d878004c539d165424f7d20067,SELL,15,162.55,INTRADAY,MARKET,2023-02-27 15:15:00+05:30,9ad72bc7f4004426bdbf3c66f5d1511a,BUY,15,336.1,INTRADAY,MARKET,-2603.25,-38097.75,-106.77,-76.2,11902.25,-77.48
123,NSE_FO:BANKNIFTY02MAR2340300CE [LOCAL],2023-02-28 09:15:00+05:30,90f57f0dc57644a7b3e16a30db7158bb,BUY,15,277.25,INTRADAY,MARKET,2023-02-28 15:15:00+05:30,951b67cba70e4e769d6818dfc380f627,SELL,15,277.25,INTRADAY,MARKET,0.0,-38097.75,0.0,-76.2,11902.25,-77.48
124,NSE_FO:BANKNIFTY02MAR2340500CE [LOCAL],2023-02-28 09:15:00+05:30,ab06692c69ae45c784f88ce8dcc541eb,BUY,15,179.3,INTRADAY,MARKET,2023-02-28 15:15:00+05:30,1308e6ca21b64530a664a6d4ac09b062,SELL,15,179.3,INTRADAY,MARKET,0.0,-38097.75,0.0,-76.2,11902.25,-77.48
125,NSE_FO:BANKNIFTY02MAR2340700CE [LOCAL],2023-02-28 09:15:00+05:30,71c3a94a239a44efa0c6a4d123ba62c8,SELL,15,108.6,INTRADAY,MARKET,2023-02-28 15:15:00+05:30,074e9b7cb327480d9179b23f81494364,BUY,15,108.6,INTRADAY,MARKET,-0.0,-38097.75,-0.0,-76.2,11902.25,-77.48
