,INST,EN_TIME,EN_ID,EN_TT,EN_Q,EN_PRICE,EN_CODE,EN_VAR,EX_TIME,EX_ID,EX_TT,EX_Q,EX_PRICE,EX_CODE,EX_VAR,P&L,ROI,P&L %,ROI %,Equity Curve,Drawdown %
0,NSE_EQ:SBIN,2023-01-02 09:45:00+05:30,10f89af4e39f44b4af43680b50065286,BUY,5,617.35,INTRADAY,MARKET,2023-01-02 12:45:00+05:30,3059bf420b3c443991171d825f25858c,SELL,5,613.65,INTRADAY,MARKET,-18.5,-18.5,-0.6,-0.04,49981.5,-0.04
1,NSE_EQ:SBIN,2023-01-02 12:45:00+05:30,d9a4d7cc862a4528984ee71786580185,SELL,5,613.65,INTRADAY,MARKET,2023-01-02 15:30:00+05:30,dd889123861b406aa3af3cd0db01b864,BUY,5,612.6,INTRADAY,MARKET,5.25,-13.25,0.17,-0.03,49986.75,-0.03
2,NSE_EQ:SBIN,2023-01-03 09:30:00+05:30,a623933ff0fc4cedb30b8ffd26acdc43,BUY,5,614.1,INTRADAY,MARKET,2023-01-03 12:15:00+05:30,e7747e62567e456a9776054aed3d1a98,SELL,5,611.55,INTRADAY,MARKET,-12.75,-26.0,-0.42,-0.05,49974.0,-0.05
3,NSE_EQ:SBIN,2023-01-03 12:15:00+05:30,1159ad678b384e1884e10f8c3340773d,SELL,5,611.55,INTRADAY,MARKET,2023-01-03 14:00:00+05:30,ea784bbdb4ad4a76ac86100e046b8262,BUY,5,613.8,INTRADAY,MARKET,-11.25,-37.25,-0.37,-0.07,49962.75,-0.07
4,NSE_EQ:SBIN,2023-01-03 14:00:00+05:30,4dba3714cabc4098a2d956e579314c0f,BUY,5,613.8,INTRADAY,MARKET,2023-01-03 15:30:00+05:30,2aa308d4820c4486b6f142671c3e4929,SELL,5,612.95,INTRADAY,MARKET,-4.25,-41.5,-0.14,-0.08,49958.5,-0.08
5,NSE_EQ:SBIN,2023-01-04 09:45:00+05:30,430f7230191b4e4f80ee50f13eb40759,SELL,5,610.05,INTRADAY,MARKET,2023-01-04 14:30:00+05:30,aa5b0915a34a49d9bf69c0bab8a56486,BUY,5,606.05,INTRADAY,MARKET,20.0,-21.5,0.66,-0.04,49978.5,-0.04
6,NSE_EQ:SBIN,2023-01-04 14:30:00+05:30,0dfa265afa14467ba5c286d260093db7,BUY,5,606.05,INTRADAY,MARKET,2023-01-04 15:00:00+05:30,d55daf1fa9584a2ba871e8e995ae286d,SELL,5,605.35,INTRADAY,MARKET,-3.5,-25.0,-0.12,-0.05,49975.0,-0.05
7,NSE_EQ:SBIN,2023-01-04 15:00:00+05:30,f15fc16fe35647bd9bf475d1eb05c519,SELL,5,605.35,INTRADAY,MARKET,2023-01-04 15:30:00+05:30,d9847c6cc7b1499187b0ac0554eeee7e,BUY,5,605.95,INTRADAY,MARKET,-3.0,-28.0,-0.1,-0.06,49972.0,-0.06
8,NSE_EQ:SBIN,2023-01-05 09:30:00+05:30,c1e20f0d20e843b18332190136e0778b,BUY,5,608.85,INTRADAY,MARKET,2023-01-05 12:30:00+05:30,adb4a835b93747c9af75e9f8915577e4,SELL,5,606.75,INTRADAY,MARKET,-10.5,-38.5,-0.34,-0.08,49961.5,-0.08
9,NSE_EQ:SBIN,2023-01-05 12:30:00+05:30,82d8a3e77cd64eedace74d0cd2148c21,SELL,5,606.75,INTRADAY,MARKET,2023-01-05 15:30:00+05:30,d5cf442316204972964d6e6082ce12e9,BUY,5,605.75,INTRADAY,MARKET,5.0,-33.5,0.16,-0.07,49966.5,-0.07
10,NSE_EQ:SBIN,2023-01-06 09:30:00+05:30,19a62d6289b04b1fa274ebc046296b01,BUY,5,604.9,INTRADAY,MARKET,2023-01-06 10:45:00+05:30,236d96579b3242f8a1b13955aa3f7667,SELL,5,603.6,INTRADAY,MARKET,-6.5,-40.0,-0.21,-0.08,49960.0,-0.08
11,NSE_EQ:SBIN,2023-01-06 10:45:00+05:30,672630350e6d4cf6be306c1237a8bd30,SELL,5,603.6,INTRADAY,MARKET,2023-01-06 15:30:00+05:30,6e87acbd8a3f4a3281e005fde10cae12,BUY,5,601.8,INTRADAY,MARKET,9.0,-31.0,0.3,-0.06,49969.0,-0.06
12,NSE_EQ:SBIN,2023-01-09 09:30:00+05:30,8185b92ab6994a7b9a833ce2023a6f72,BUY,5,602.75,INTRADAY,MARKET,2023-01-09 14:00:00+05:30,1f14e9079e584aceae0b94f6552c5b69,SELL,5,606.35,INTRADAY,MARKET,18.0,-13.0,0.6,-0.03,49987.0,-0.03
13,NSE_EQ:SBIN,2023-01-09 14:00:00+05:30,e68dff16ff87401096288d1cb1972d94,SELL,5,606.35,INTRADAY,MARKET,2023-01-09 15:15:00+05:30,a0e78a60269c4439832ce76ac07c24e1,BUY,5,608.05,INTRADAY,MARKET,-8.5,-21.5,-0.28,-0.04,49978.5,-0.04
14,NSE_EQ:SBIN,2023-01-09 15:15:00+05:30,291e22f1bff14763839bd23ed1abf73e,BUY,5,608.05,INTRADAY,MARKET,2023-01-09 15:30:00+05:30,5ee40d413c7c40f1a62fc2d5b04e17d9,SELL,5,608.3,INTRADAY,MARKET,1.25,-20.25,0.04,-0.04,49979.75,-0.04
15,NSE_EQ:SBIN,2023-01-10 09:45:00+05:30,17134a532e284b60affa10ccb6edd3d2,SELL,5,602.9,INTRADAY,MARKET,2023-01-10 14:30:00+05:30,7bd5d0f44b754103a690b2d038103158,BUY,5,593.7,INTRADAY,MARKET,46.0,25.75,1.53,0.05,50025.75,0.0
16,NSE_EQ:SBIN,2023-01-10 14:30:00+05:30,2e2707c0893e4dfe8317b407eb93f98a,BUY,5,593.7,INTRADAY,MARKET,2023-01-10 15:30:00+05:30,7e37f8ca4cb443948de5932f7f7461da,SELL,5,595.5,INTRADAY,MARKET,9.0,34.75,0.3,0.07,50034.75,0.0
17,NSE_EQ:SBIN,2023-01-11 13:15:00+05:30,8c03e80dea82481c9755322e607724be,SELL,5,596.3,INTRADAY,MARKET,2023-01-11 15:30:00+05:30,848cc11add1e40d1a4fdf0449832dba4,BUY,5,597.0,INTRADAY,MARKET,-3.5,31.25,-0.12,0.06,50031.25,-0.01
18,NSE_EQ:SBIN,2023-01-12 09:15:00+05:30,86ddf7c339184130ae01daccb3b78f85,BUY,5,597.9,INTRADAY,MARKET,2023-01-12 09:30:00+05:30,99cf84c5225644008ba45c226093a63a,SELL,5,595.15,INTRADAY,MARKET,-13.75,17.5,-0.46,0.03,50017.5,-0.03
19,NSE_EQ:SBIN,2023-01-12 09:30:00+05:30,3141b275ef5248419d47d54d42016e5d,SELL,5,595.15,INTRADAY,MARKET,2023-01-12 14:30:00+05:30,c39126d8d13d49ec98b2862ea1746213,BUY,5,594.5,INTRADAY,MARKET,3.25,20.75,0.11,0.04,50020.75,-0.03
20,NSE_EQ:SBIN,2023-01-12 14:30:00+05:30,7cbbf9b327db4180b20a1671c18d4c39,BUY,5,594.5,INTRADAY,MARKET,2023-01-12 15:30:00+05:30,07d2770d499c419ba534a1a5a3a358a8,SELL,5,594.95,INTRADAY,MARKET,2.25,23.0,0.08,0.05,50023.0,-0.02
21,NSE_EQ:SBIN,2023-01-13 12:00:00+05:30,33dd9232dace43b4b245ba5c79d4733c,SELL,5,595.3,INTRADAY,MARKET,2023-01-13 13:00:00+05:30,9a529f8be1f24f679b46710381280cf7,BUY,5,600.4,INTRADAY,MARKET,-25.5,-2.5,-0.86,-0.0,49997.5,-0.07
22,NSE_EQ:SBIN,2023-01-13 13:00:00+05:30,0decb6c7f15b49e083026068cd81101e,BUY,5,600.4,INTRADAY,MARKET,2023-01-13 15:30:00+05:30,ac7afe7ad70a453d9e1cfefdebacd1c3,SELL,5,600.7,INTRADAY,MARKET,1.5,-1.0,0.05,-0.0,49999.0,-0.07
23,NSE_EQ:SBIN,2023-01-16 12:45:00+05:30,db0eaf4d57534ce3a09dc11ccff1ab27,SELL,5,601.65,INTRADAY,MARKET,2023-01-16 13:30:00+05:30,cf157a9e001948bdb21b94239d15aa2f,BUY,5,604.95,INTRADAY,MARKET,-16.5,-17.5,-0.55,-0.03,49982.5,-0.1
24,NSE_EQ:SBIN,2023-01-16 13:30:00+05:30,96616ea979e54f9792aa71c27b299c01,BUY,5,604.95,INTRADAY,MARKET,2023-01-16 15:30:00+05:30,4486fb1d1a694902a57705533c09e0c9,SELL,5,603.05,INTRADAY,MARKET,-9.5,-27.0,-0.31,-0.05,49973.0,-0.12
25,NSE_EQ:SBIN,2023-01-17 09:30:00+05:30,49689b20dbe442f58e64ca8a902af266,SELL,5,603.65,INTRADAY,MARKET,2023-01-17 10:15:00+05:30,5eded60c69d84220b7d84607ed0fa7c3,BUY,5,605.35,INTRADAY,MARKET,-8.5,-35.5,-0.28,-0.07,49964.5,-0.14
26,NSE_EQ:SBIN,2023-01-17 10:15:00+05:30,786c9820bd5249b2833ed6758d1c4962,BUY,5,605.35,INTRADAY,MARKET,2023-01-17 12:15:00+05:30,cc1150441e244dd49ff41a31c7d2d49e,SELL,5,597.95,INTRADAY,MARKET,-37.0,-72.5,-1.22,-0.14,49927.5,-0.21
27,NSE_EQ:SBIN,2023-01-17 12:15:00+05:30,0d0657b1b91f4c1bb39f1f3a48af98a5,SELL,5,597.95,INTRADAY,MARKET,2023-01-17 15:30:00+05:30,b33c599a886b469e9f5baaa4de865423,BUY,5,593.45,INTRADAY,MARKET,22.5,-50.0,0.75,-0.1,49950.0,-0.17
28,NSE_EQ:SBIN,2023-01-18 09:30:00+05:30,5a816342e45a4c0084c3e2f1cff344c4,BUY,5,589.5,INTRADAY,MARKET,2023-01-18 10:45:00+05:30,588b5abba08142a6a9b17d256cfaf2ce,SELL,5,590.4,INTRADAY,MARKET,4.5,-45.5,0.15,-0.09,49954.5,-0.16
29,NSE_EQ:SBIN,2023-01-18 10:45:00+05:30,ebbeae7ff51643b49f7cf11cbbc6c7be,SELL,5,590.4,INTRADAY,MARKET,2023-01-18 12:45:00+05:30,b83888ad54f54c66b1f6682d3a5236ce,BUY,5,590.5,INTRADAY,MARKET,-0.5,-46.0,-0.02,-0.09,49954.0,-0.16
30,NSE_EQ:SBIN,2023-01-18 12:45:00+05:30,ddeb762295f24251b4a672456ca96064,BUY,5,590.5,INTRADAY,MARKET,2023-01-18 13:00:00+05:30,cd18cee3de8849ddb0b50f9410716319,SELL,5,589.2,INTRADAY,MARKET,-6.5,-52.5,-0.22,-0.1,49947.5,-0.17
31,NSE_EQ:SBIN,2023-01-18 13:00:00+05:30,bf0d78ed851c44f182ac27bca2675121,SELL,5,589.2,INTRADAY,MARKET,2023-01-18 13:45:00+05:30,b4bb5cec36b24adb9fed74802daeb638,BUY,5,593.35,INTRADAY,MARKET,-20.75,-73.25,-0.7,-0.15,49926.75,-0.22
32,NSE_EQ:SBIN,2023-01-18 13:45:00+05:30,d0de13ed90a34e3fb570c5619be0a933,BUY,5,593.35,INTRADAY,MARKET,2023-01-18 15:30:00+05:30,65bd533e5d2c4600a94d7f5f98fdc2cb,SELL,5,591.0,INTRADAY,MARKET,-11.75,-85.0,-0.4,-0.17,49915.0,-0.24
33,NSE_EQ:SBIN,2023-01-19 09:30:00+05:30,79f7bd762e87416fb0c0fdcddbdfc10a,SELL,5,588.95,INTRADAY,MARKET,2023-01-19 12:15:00+05:30,591dc650ddb74dcca5d91b29feefd4e3,BUY,5,589.75,INTRADAY,MARKET,-4.0,-89.0,-0.14,-0.18,49911.0,-0.25
34,NSE_EQ:SBIN,2023-01-19 12:15:00+05:30,cf6faf4279de4a8785aeb60cd1fd609f,BUY,5,589.75,INTRADAY,MARKET,2023-01-19 13:00:00+05:30,541e8255f4044898a6e35d72c97296e0,SELL,5,588.3,INTRADAY,MARKET,-7.25,-96.25,-0.25,-0.19,49903.75,-0.26
35,NSE_EQ:SBIN,2023-01-19 13:00:00+05:30,068ef2f3cb3f4318a930dbfef11fa27f,SELL,5,588.3,INTRADAY,MARKET,2023-01-19 15:30:00+05:30,04d4aae23b68467aa8a2cd48816f3d32,BUY,5,589.55,INTRADAY,MARKET,-6.25,-102.5,-0.21,-0.2,49897.5,-0.27
36,NSE_EQ:SBIN,2023-01-20 09:15:00+05:30,bdc63370031a4788a34ce6f309bfe989,BUY,5,593.8,INTRADAY,MARKET,2023-01-20 12:45:00+05:30,256518b9bb434b07a5c1245bb9b341e4,SELL,5,594.75,INTRADAY,MARKET,4.75,-97.75,0.16,-0.2,49902.25,-0.26
37,NSE_EQ:SBIN,2023-01-20 12:45:00+05:30,1911a085d8f347d39ba42697dfa8415f,SELL,5,594.75,INTRADAY,MARKET,2023-01-20 14:00:00+05:30,4753ffddd6164e9fb9d7675adb804a70,BUY,5,594.15,INTRADAY,MARKET,3.0,-94.75,0.1,-0.19,49905.25,-0.26
38,NSE_EQ:SBIN,2023-01-20 14:00:00+05:30,e72f7b4473ad44a2ac97594aa38b7974,BUY,5,594.15,INTRADAY,MARKET,2023-01-20 14:15:00+05:30,d5c0200f87f84604b5b5e8cbd7e7d306,SELL,5,593.6,INTRADAY,MARKET,-2.75,-97.5,-0.09,-0.19,49902.5,-0.26
39,NSE_EQ:SBIN,2023-01-20 14:15:00+05:30,f9d8156b8b5c432181d59a64e090163e,SELL,5,593.6,INTRADAY,MARKET,2023-01-20 15:30:00+05:30,dd9f80d1340a4ee4b14c0cee9bc33f5a,BUY,5,592.6,INTRADAY,MARKET,5.0,-92.5,0.17,-0.18,49907.5,-0.25
40,NSE_EQ:SBIN,2023-01-23 09:30:00+05:30,20bba5a8ae414e4bb41c616b0102ffc6,BUY,5,597.7,INTRADAY,MARKET,2023-01-23 14:45:00+05:30,12b76628b28640e4b46eaafc9074bdd2,SELL,5,599.0,INTRADAY,MARKET,6.5,-86.0,0.22,-0.17,49914.0,-0.24
41,NSE_EQ:SBIN,2023-01-23 14:45:00+05:30,9721065afc9745e9b7602bc1fc30d93b,SELL,5,599.0,INTRADAY,MARKET,2023-01-23 15:30:00+05:30,25bb02b45df246d189987c0c1fdd3e9d,BUY,5,601.0,INTRADAY,MARKET,-10.0,-96.0,-0.33,-0.19,49904.0,-0.26
42,NSE_EQ:SBIN,2023-01-24 09:30:00+05:30,789cddd67abd42f6869af53aa41c0c0f,BUY,5,603.2,INTRADAY,MARKET,2023-01-24 12:00:00+05:30,12ac360f213c48cd927ec22c9be10e68,SELL,5,598.0,INTRADAY,MARKET,-26.0,-122.0,-0.86,-0.24,49878.0,-0.31
43,NSE_EQ:SBIN,2023-01-24 12:00:00+05:30,25a46046cb0343deb7b054e35579b195,SELL,5,598.0,INTRADAY,MARKET,2023-01-24 15:30:00+05:30,aa7ab29f10434b9e922b3c9c59d97d19,BUY,5,593.9,INTRADAY,MARKET,20.5,-101.5,0.69,-0.2,49898.5,-0.27
44,NSE_EQ:SBIN,2023-01-25 14:45:00+05:30,8a60677b5a3c42d7beda502565f02ece,BUY,5,571.8,INTRADAY,MARKET,2023-01-25 15:15:00+05:30,b1e03501f7bb4f8f9c6b88962800baf2,SELL,5,569.0,INTRADAY,MARKET,-14.0,-115.5,-0.49,-0.23,49884.5,-0.3
45,NSE_EQ:SBIN,2023-01-25 15:15:00+05:30,ccba284a8c554a0ebfb04f86ba69e500,SELL,5,569.0,INTRADAY,MARKET,2023-01-25 15:30:00+05:30,3316d269d0dc4020942cf0a134fb2255,BUY,5,567.7,INTRADAY,MARKET,6.5,-109.0,0.23,-0.22,49891.0,-0.29
46,NSE_EQ:SBIN,2023-01-30 09:15:00+05:30,4c519b4b8b4e45608b761174db38f5d4,BUY,5,536.0,INTRADAY,MARKET,2023-01-30 11:00:00+05:30,a287fecaa8eb487d9ba121b21ca9bf02,SELL,5,533.85,INTRADAY,MARKET,-10.75,-119.75,-0.4,-0.24,49880.25,-0.31
47,NSE_EQ:SBIN,2023-01-30 11:00:00+05:30,0fe4942a262440f7b97f63572e30b942,SELL,5,533.85,INTRADAY,MARKET,2023-01-30 15:15:00+05:30,62a0d31982a345f59c88f9a494ee527d,BUY,5,540.85,INTRADAY,MARKET,-35.0,-154.75,-1.31,-0.31,49845.25,-0.38
48,NSE_EQ:SBIN,2023-01-30 15:15:00+05:30,6beb58bcf9274074b2e4ccf049550a04,BUY,5,540.85,INTRADAY,MARKET,2023-01-30 15:30:00+05:30,2bf3ea84fd684c10ba55bcf4275d7c76,SELL,5,541.3,INTRADAY,MARKET,2.25,-152.5,0.08,-0.3,49847.5,-0.37
49,NSE_EQ:SBIN,2023-01-31 14:30:00+05:30,a6220c9573294dfdb7715340ac2b6284,SELL,5,551.7,INTRADAY,MARKET,2023-01-31 15:30:00+05:30,276f20c66a1a4602bd9d1d50fbb2de05,BUY,5,556.95,INTRADAY,MARKET,-26.25,-178.75,-0.95,-0.36,49821.25,-0.43
50,NSE_EQ:SBIN,2023-02-01 09:30:00+05:30,38ea2401b8834d589320b599be41ebc0,BUY,5,556.7,INTRADAY,MARKET,2023-02-01 12:15:00+05:30,18b2d34e5e304373a632925f5d3e2f42,SELL,5,551.8,INTRADAY,MARKET,-24.5,-203.25,-0.88,-0.41,49796.75,-0.48
51,NSE_EQ:SBIN,2023-02-01 12:15:00+05:30,b6e55a7e5e56423fbbd1897875b28f69,SELL,5,551.8,INTRADAY,MARKET,2023-02-01 12:45:00+05:30,36389e575aa34addaa079bb2aea9eee6,BUY,5,556.55,INTRADAY,MARKET,-23.75,-227.0,-0.86,-0.45,49773.0,-0.52
52,NSE_EQ:SBIN,2023-02-01 12:45:00+05:30,e7648ae372454de39420cdb3cacaaffe,BUY,5,556.55,INTRADAY,MARKET,2023-02-01 14:00:00+05:30,a9731f852df349009a8846fb79b574c5,SELL,5,538.25,INTRADAY,MARKET,-91.5,-318.5,-3.29,-0.64,49681.5,-0.71
53,NSE_EQ:SBIN,2023-02-01 14:00:00+05:30,c5b50d626ce44c4481ba0c8656f119b5,SELL,5,538.25,INTRADAY,MARKET,2023-02-01 15:30:00+05:30,cb868cd870cd48d9b0e242d493ff4096,BUY,5,527.0,INTRADAY,MARKET,56.25,-262.25,2.09,-0.52,49737.75,-0.59
54,NSE_EQ:SBIN,2023-02-02 11:45:00+05:30,551bb31c21b344f9ab15bd0ea004ce23,BUY,5,522.0,INTRADAY,MARKET,2023-02-02 13:00:00+05:30,072303db1a63495aa37e6726affb46d4,SELL,5,524.0,INTRADAY,MARKET,10.0,-252.25,0.38,-0.5,49747.75,-0.57
55,NSE_EQ:SBIN,2023-02-02 13:00:00+05:30,239b4db3473041338b5fd1ec1b22598e,SELL,5,524.0,INTRADAY,MARKET,2023-02-02 13:15:00+05:30,04e6aff0b68e45978bbd3421d5d85689,BUY,5,521.6,INTRADAY,MARKET,12.0,-240.25,0.46,-0.48,49759.75,-0.55
56,NSE_EQ:SBIN,2023-02-02 13:15:00+05:30,ff61ebf39b5944cca2906a2cda1659b9,BUY,5,521.6,INTRADAY,MARKET,2023-02-02 13:45:00+05:30,35dc96b58787448b9d9987f59f7ad70d,SELL,5,519.9,INTRADAY,MARKET,-8.5,-248.75,-0.33,-0.5,49751.25,-0.57
57,NSE_EQ:SBIN,2023-02-02 13:45:00+05:30,9733eb6156724253a9c6df6e2c436a6d,SELL,5,519.9,INTRADAY,MARKET,2023-02-02 14:30:00+05:30,df7a8663df7b415eb905a60b7f0d9409,BUY,5,528.05,INTRADAY,MARKET,-40.75,-289.5,-1.57,-0.58,49710.5,-0.65
58,NSE_EQ:SBIN,2023-02-02 14:30:00+05:30,f6f4fd6f24b84af6867b57823cda16bd,BUY,5,528.05,INTRADAY,MARKET,2023-02-02 15:30:00+05:30,cb6b3e69ab6946b391ffb6463a6e71b1,SELL,5,532.05,INTRADAY,MARKET,20.0,-269.5,0.76,-0.54,49730.5,-0.61
59,NSE_EQ:SBIN,2023-02-03 11:15:00+05:30,19f7df84c92c4ecf9f3a45effc8f1231,SELL,5,525.55,INTRADAY,MARKET,2023-02-03 13:30:00+05:30,35b13780da1c4121b55cd07e7408d768,BUY,5,531.7,INTRADAY,MARKET,-30.75,-300.25,-1.17,-0.6,49699.75,-0.67
60,NSE_EQ:SBIN,2023-02-03 13:30:00+05:30,8e770d98c1b9475390c8cbe00bfd1d16,BUY,5,531.7,INTRADAY,MARKET,2023-02-03 15:30:00+05:30,96092db3be6d4e48954e5d43dd06628a,SELL,5,545.1,INTRADAY,MARKET,67.0,-233.25,2.52,-0.47,49766.75,-0.54
61,NSE_EQ:SBIN,2023-02-06 11:15:00+05:30,ba208c9f3dfd484e85d08c2cfb2263df,SELL,5,542.75,INTRADAY,MARKET,2023-02-06 12:45:00+05:30,41da7de7307d43da8a230a885898f533,BUY,5,545.1,INTRADAY,MARKET,-11.75,-245.0,-0.43,-0.49,49755.0,-0.56
62,NSE_EQ:SBIN,2023-02-06 12:45:00+05:30,e442e3b3eb09471e93a8b5f19d3c96b3,BUY,5,545.1,INTRADAY,MARKET,2023-02-06 13:00:00+05:30,eaf6598b02bc4bce9413a58d0a161733,SELL,5,546.25,INTRADAY,MARKET,5.75,-239.25,0.21,-0.48,49760.75,-0.55
63,NSE_EQ:SBIN,2023-02-06 13:00:00+05:30,1602eebf2b07466db50a502ba1ddf071,SELL,5,546.25,INTRADAY,MARKET,2023-02-06 13:30:00+05:30,40e4cdbb0c4740f498a53949618f1a0f,BUY,5,545.55,INTRADAY,MARKET,3.5,-235.75,0.13,-0.47,49764.25,-0.54
64,NSE_EQ:SBIN,2023-02-06 13:30:00+05:30,81037063550c4cf09eb9b735cd569cc2,BUY,5,545.55,INTRADAY,MARKET,2023-02-06 15:30:00+05:30,a8f08e863fa34f24b2bea34f8bdd90b5,SELL,5,543.55,INTRADAY,MARKET,-10.0,-245.75,-0.37,-0.49,49754.25,-0.56
65,NSE_EQ:SBIN,2023-02-07 09:15:00+05:30,1bc4d97bdfb440b6bb3df7d97a9fb749,SELL,5,548.0,INTRADAY,MARKET,2023-02-07 10:30:00+05:30,42b7807c6cb04eb09436786d36b3b915,BUY,5,547.9,INTRADAY,MARKET,0.5,-245.25,0.02,-0.49,49754.75,-0.56
66,NSE_EQ:SBIN,2023-02-07 10:30:00+05:30,795fb45d2cea414db51161d71e0b867a,BUY,5,547.9,INTRADAY,MARKET,2023-02-07 13:15:00+05:30,d40d6e516e1c4e5c990f04239f0bef90,SELL,5,543.1,INTRADAY,MARKET,-24.0,-269.25,-0.88,-0.54,49730.75,-0.61
67,NSE_EQ:SBIN,2023-02-07 13:15:00+05:30,d1eb13f933554be68e2800dbf37f9573,SELL,5,543.1,INTRADAY,MARKET,2023-02-07 15:30:00+05:30,9e89484b73654580aa197b8e68bea5ec,BUY,5,546.2,INTRADAY,MARKET,-15.5,-284.75,-0.57,-0.57,49715.25,-0.64
68,NSE_EQ:SBIN,2023-02-08 09:30:00+05:30,5353835edf5a44cea75d6fd15f676046,BUY,5,551.15,INTRADAY,MARKET,2023-02-08 11:45:00+05:30,12077acf5a45498ba504707ef073a7f7,SELL,5,549.8,INTRADAY,MARKET,-6.75,-291.5,-0.24,-0.58,49708.5,-0.65
69,NSE_EQ:SBIN,2023-02-08 11:45:00+05:30,d46b6a0430aa411eba4d4ae2c577645a,SELL,5,549.8,INTRADAY,MARKET,2023-02-08 14:00:00+05:30,e27512a385dd4dee9bf1351ea8e0f7ca,BUY,5,548.4,INTRADAY,MARKET,7.0,-284.5,0.25,-0.57,49715.5,-0.64
70,NSE_EQ:SBIN,2023-02-08 14:00:00+05:30,c7a036ae48674ec5871cc93ce3e3972a,BUY,5,548.4,INTRADAY,MARKET,2023-02-08 14:15:00+05:30,4b002a3b72cf4c56a3f2bc8874af7971,SELL,5,548.9,INTRADAY,MARKET,2.5,-282.0,0.09,-0.56,49718.0,-0.63
71,NSE_EQ:SBIN,2023-02-08 14:15:00+05:30,828bd539e0a84bbd8883e9c16eb89dc4,SELL,5,548.9,INTRADAY,MARKET,2023-02-08 14:45:00+05:30,5e75c941ea754982a6379c5a439fca0c,BUY,5,548.95,INTRADAY,MARKET,-0.25,-282.25,-0.01,-0.56,49717.75,-0.63
72,NSE_EQ:SBIN,2023-02-08 14:45:00+05:30,95af30ddb19245d0881a958ffe2ed64a,BUY,5,548.95,INTRADAY,MARKET,2023-02-08 15:30:00+05:30,d22286bc16794cf08b1dee7e2163a69d,SELL,5,550.4,INTRADAY,MARKET,7.25,-275.0,0.26,-0.55,49725.0,-0.62
73,NSE_EQ:SBIN,2023-02-09 10:00:00+05:30,3c148748d1654283b7cc99ae3c712c29,SELL,5,547.2,INTRADAY,MARKET,2023-02-09 12:45:00+05:30,5c48fdd3b6fa4a0f93cff0ee94baacfa,BUY,5,546.55,INTRADAY,MARKET,3.25,-271.75,0.12,-0.54,49728.25,-0.61
74,NSE_EQ:SBIN,2023-02-09 12:45:00+05:30,1db9f31da9ce4e379778a9333f9b266f,BUY,5,546.55,INTRADAY,MARKET,2023-02-09 13:15:00+05:30,de246e4121f34d12b6f4068ce46deea7,SELL,5,547.25,INTRADAY,MARKET,3.5,-268.25,0.13,-0.54,49731.75,-0.61
75,NSE_EQ:SBIN,2023-02-09 13:15:00+05:30,9d59773b7a1b4017a5a29c984a1e81e8,SELL,5,547.25,INTRADAY,MARKET,2023-02-09 13:45:00+05:30,9980e8aea7924e2ebe136492a7d74dc3,BUY,5,549.0,INTRADAY,MARKET,-8.75,-277.0,-0.32,-0.55,49723.0,-0.62
76,NSE_EQ:SBIN,2023-02-09 13:45:00+05:30,795caa4ca6324766980b02a41156b998,BUY,5,549.0,INTRADAY,MARKET,2023-02-09 15:30:00+05:30,f1c39ba497a6438eae0596ca082e3433,SELL,5,551.0,INTRADAY,MARKET,10.0,-267.0,0.36,-0.53,49733.0,-0.6
77,NSE_EQ:SBIN,2023-02-10 13:15:00+05:30,59acf0d464864e2ba6fa430a15782bd5,SELL,5,553.45,INTRADAY,MARKET,2023-02-10 15:30:00+05:30,f6414873458348bc84b9ae478e5deeef,BUY,5,552.9,INTRADAY,MARKET,2.75,-264.25,0.1,-0.53,49735.75,-0.6
78,NSE_EQ:SBIN,2023-02-13 14:30:00+05:30,b2568dd29faa41ce87244c5cb0bc6586,BUY,5,536.9,INTRADAY,MARKET,2023-02-13 15:30:00+05:30,cb618f9c3c654460833ca5241ab67d7c,SELL,5,537.1,INTRADAY,MARKET,1.0,-263.25,0.04,-0.53,49736.75,-0.6
79,NSE_EQ:SBIN,2023-02-14 09:45:00+05:30,ebe5af665e5e4b0a8e5ef8f8532fb361,SELL,5,532.6,INTRADAY,MARKET,2023-02-14 12:45:00+05:30,bc704980e943441d9dc7bcf6521acb49,BUY,5,534.7,INTRADAY,MARKET,-10.5,-273.75,-0.39,-0.55,49726.25,-0.62
80,NSE_EQ:SBIN,2023-02-14 12:45:00+05:30,ed6881b629a24c66a940e157c28eedcd,BUY,5,534.7,INTRADAY,MARKET,2023-02-14 15:30:00+05:30,46a8c590cefb4dffac25edcf2a58c2ae,SELL,5,541.0,INTRADAY,MARKET,31.5,-242.25,1.18,-0.48,49757.75,-0.55
81,NSE_EQ:SBIN,2023-02-15 11:00:00+05:30,0b4e9eef15604040ad8565028cb94a07,SELL,5,541.9,INTRADAY,MARKET,2023-02-15 11:45:00+05:30,36f1b359f1694fc7910e1d7e126166d4,BUY,5,543.45,INTRADAY,MARKET,-7.75,-250.0,-0.29,-0.5,49750.0,-0.57
82,NSE_EQ:SBIN,2023-02-15 11:45:00+05:30,f369ac00fc3547659ec0d0ba42a85d5d,BUY,5,543.45,INTRADAY,MARKET,2023-02-15 13:00:00+05:30,d3e2c2dd779e4548a987dafec55ffec4,SELL,5,541.2,INTRADAY,MARKET,-11.25,-261.25,-0.41,-0.52,49738.75,-0.59
83,NSE_EQ:SBIN,2023-02-15 13:00:00+05:30,0fae6c02b5ca458abdcfbb3af620917c,SELL,5,541.2,INTRADAY,MARKET,2023-02-15 15:15:00+05:30,73fd634bca4e4d519cfe371a5c90c2fa,BUY,5,542.05,INTRADAY,MARKET,-4.25,-265.5,-0.16,-0.53,49734.5,-0.6
84,NSE_EQ:SBIN,2023-02-15 15:15:00+05:30,66f36ce6e8904ca8a86251f8ab69bdd7,BUY,5,542.05,INTRADAY,MARKET,2023-02-15 15:30:00+05:30,abdceb2bdffb4918b71c07a990c5ad82,SELL,5,542.8,INTRADAY,MARKET,3.75,-261.75,0.14,-0.52,49738.25,-0.59
85,NSE_EQ:SBIN,2023-02-16 12:00:00+05:30,b18845202b6f4181beba8f42acbf3661,SELL,5,543.05,INTRADAY,MARKET,2023-02-16 13:45:00+05:30,e86243094d8e401aab1a495df584f2dc,BUY,5,542.9,INTRADAY,MARKET,0.75,-261.0,0.03,-0.52,49739.0,-0.59
86,NSE_EQ:SBIN,2023-02-16 13:45:00+05:30,23bde2f1a1884c53b079fb86d2e9f4c1,BUY,5,542.9,INTRADAY,MARKET,2023-02-16 15:15:00+05:30,9e1c162520ab44c49aee47711cea9ccc,SELL,5,540.35,INTRADAY,MARKET,-12.75,-273.75,-0.47,-0.55,49726.25,-0.62
87,NSE_EQ:SBIN,2023-02-16 15:15:00+05:30,cdfca392e75044bebc452c7abb25b918,SELL,5,540.35,INTRADAY,MARKET,2023-02-16 15:30:00+05:30,71258349c31c4d28ab56d457fb0b0ffa,BUY,5,539.0,INTRADAY,MARKET,6.75,-267.0,0.25,-0.53,49733.0,-0.6
88,NSE_EQ:SBIN,2023-02-20 09:30:00+05:30,f2c67ba542344f5699b232905aac069a,BUY,5,531.9,INTRADAY,MARKET,2023-02-20 11:00:00+05:30,d2138c3aab754f99b97da6d84e626681,SELL,5,529.3,INTRADAY,MARKET,-13.0,-280.0,-0.49,-0.56,49720.0,-0.63
89,NSE_EQ:SBIN,2023-02-20 11:00:00+05:30,cedd846a0ac54f93aed2f33e1bb4a976,SELL,5,529.3,INTRADAY,MARKET,2023-02-20 15:30:00+05:30,f2c24a7a1d704b349e742179e8c439ec,BUY,5,525.2,INTRADAY,MARKET,20.5,-259.5,0.77,-0.52,49740.5,-0.59
90,NSE_EQ:SBIN,2023-02-21 10:30:00+05:30,4c503fb6d97e4f0c8f5b055e74117128,BUY,5,527.9,INTRADAY,MARKET,2023-02-21 13:15:00+05:30,b0196aeacd224765be1becc8cd962778,SELL,5,525.2,INTRADAY,MARKET,-13.5,-273.0,-0.51,-0.55,49727.0,-0.62
91,NSE_EQ:SBIN,2023-02-21 13:15:00+05:30,bdc7d7aa0b0d4f1d80a3d14247acbd36,SELL,5,525.2,INTRADAY,MARKET,2023-02-21 15:30:00+05:30,3bdff96abff14bab9dcb0aa64428c415,BUY,5,523.8,INTRADAY,MARKET,7.0,-266.0,0.27,-0.53,49734.0,-0.6
92,NSE_EQ:SBIN,2023-02-22 14:45:00+05:30,87cc2010210b43938d6ffb7068be14ee,BUY,5,516.15,INTRADAY,MARKET,2023-02-22 15:30:00+05:30,4639fb4d5a9a4861b8d88616f2d07e2b,SELL,5,516.75,INTRADAY,MARKET,3.0,-263.0,0.12,-0.53,49737.0,-0.6
93,NSE_EQ:SBIN,2023-02-23 10:00:00+05:30,1b83aa1b009b41618725e2b022820e20,SELL,5,516.8,INTRADAY,MARKET,2023-02-23 10:15:00+05:30,f6ca1f7441d0452481aedaf0aa775c77,BUY,5,519.2,INTRADAY,MARKET,-12.0,-275.0,-0.46,-0.55,49725.0,-0.62
94,NSE_EQ:SBIN,2023-02-23 10:15:00+05:30,f926062ec4754cf0acfa42ffed64bf5b,BUY,5,519.2,INTRADAY,MARKET,2023-02-23 13:15:00+05:30,f122a71ac37f4d59b062c6d5fd8ca19c,SELL,5,520.5,INTRADAY,MARKET,6.5,-268.5,0.25,-0.54,49731.5,-0.61
95,NSE_EQ:SBIN,2023-02-23 13:15:00+05:30,d34782123c2745f69597e2c4c356a728,SELL,5,520.5,INTRADAY,MARKET,2023-02-23 14:00:00+05:30,d821e78f19ab41d385c990a8c7c787ab,BUY,5,522.1,INTRADAY,MARKET,-8.0,-276.5,-0.31,-0.55,49723.5,-0.62
96,NSE_EQ:SBIN,2023-02-23 14:00:00+05:30,87f5d3feec474e93a763a73325bf621b,BUY,5,522.1,INTRADAY,MARKET,2023-02-23 15:30:00+05:30,99c4cd81aac74666a422ea8d5273b56f,SELL,5,523.0,INTRADAY,MARKET,4.5,-272.0,0.17,-0.54,49728.0,-0.61
97,NSE_EQ:SBIN,2023-02-24 12:30:00+05:30,078377f9635547e0a69c274d94bcbc63,SELL,5,521.8,INTRADAY,MARKET,2023-02-24 15:30:00+05:30,44701e6a308744e5a0b3d2e76aa383ea,BUY,5,521.5,INTRADAY,MARKET,1.5,-270.5,0.06,-0.54,49729.5,-0.61
98,NSE_EQ:SBIN,2023-02-27 09:30:00+05:30,20974b27fc314939a5e357f16f32764b,BUY,5,524.75,INTRADAY,MARKET,2023-02-27 15:30:00+05:30,2b00f47e225a44c4b144819c0e5e8b11,SELL,5,527.5,INTRADAY,MARKET,13.75,-256.75,0.52,-0.51,49743.25,-0.58
99,NSE_EQ:SBIN,2023-02-28 09:30:00+05:30,f863b7ad08c2482086e4a24171231495,SELL,5,523.6,INTRADAY,MARKET,2023-02-28 12:45:00+05:30,906d6c8fd74f44a8979fa79d94f7de4f,BUY,5,525.8,INTRADAY,MARKET,-11.0,-267.75,-0.42,-0.54,49732.25,-0.6
100,NSE_EQ:SBIN,2023-02-28 12:45:00+05:30,1f451bce7e36428fac3d4a7ad45dd8b8,BUY,5,525.8,INTRADAY,MARKET,2023-02-28 14:15:00+05:30,2ae7b517a9e746a1b1fe2ae0c4f9f95d,SELL,5,522.15,INTRADAY,MARKET,-18.25,-286.0,-0.69,-0.57,49714.0,-0.64
101,NSE_EQ:SBIN,2023-02-28 14:15:00+05:30,d20adf9f113d4e39b788e9ac7fbb9978,SELL,5,522.15,INTRADAY,MARKET,2023-02-28 15:30:00+05:30,a1ddcab39f7e40349b659ba81e72cd98,BUY,5,522.45,INTRADAY,MARKET,-1.5,-287.5,-0.06,-0.57,49712.5,-0.64
102,NSE_EQ:SBIN,2023-03-01 09:30:00+05:30,ce254513dacc4a0fbf261e73d573f6dc,BUY,5,527.3,INTRADAY,MARKET,2023-03-01 15:30:00+05:30,60b21ff814354256b85abf92081b479e,SELL,5,536.25,INTRADAY,MARKET,44.75,-242.75,1.7,-0.49,49757.25,-0.55
103,NSE_EQ:SBIN,2023-03-02 13:00:00+05:30,5aef93a359ad410a9a72953463ea159c,SELL,5,535.85,INTRADAY,MARKET,2023-03-02 15:30:00+05:30,f4f7f381d23c4dfcafb8f16e367215ba,BUY,5,534.4,INTRADAY,MARKET,7.25,-235.5,0.27,-0.47,49764.5,-0.54
104,NSE_EQ:SBIN,2023-03-03 09:30:00+05:30,573e6f462d53471b85e5f182421b0bdc,BUY,5,552.0,INTRADAY,MARKET,2023-03-03 15:00:00+05:30,9083d33d0f92485785f2ea63abd4dc89,SELL,5,562.5,INTRADAY,MARKET,52.5,-183.0,1.9,-0.37,49817.0,-0.44
105,NSE_EQ:SBIN,2023-03-03 15:00:00+05:30,cae04b7988ef4918802b2b9587ed7396,SELL,5,562.5,INTRADAY,MARKET,2023-03-03 15:30:00+05:30,9e1c22b1325c4e3da5e4fc7a0ba540ee,BUY,5,560.95,INTRADAY,MARKET,7.75,-175.25,0.28,-0.35,49824.75,-0.42
106,NSE_EQ:SBIN,2023-03-06 09:15:00+05:30,6756eaf103b94088a6302d5736c3f18c,BUY,5,564.9,INTRADAY,MARKET,2023-03-06 12:30:00+05:30,46e1a6f24f024ab7ab6c87d8769b01ed,SELL,5,560.25,INTRADAY,MARKET,-23.25,-198.5,-0.82,-0.4,49801.5,-0.47
107,NSE_EQ:SBIN,2023-03-06 12:30:00+05:30,525b72ba379440fea51c384c40c4782f,SELL,5,560.25,INTRADAY,MARKET,2023-03-06 15:30:00+05:30,49de7099eb874d1a9d8950b264e15906,BUY,5,561.8,INTRADAY,MARKET,-7.75,-206.25,-0.28,-0.41,49793.75,-0.48
108,NSE_EQ:SBIN,2023-03-08 12:30:00+05:30,01b232dfe4e54a19877289054e267429,BUY,5,560.25,INTRADAY,MARKET,2023-03-08 13:00:00+05:30,e39953380e094d3d88a9bda2ff7c33f1,SELL,5,560.35,INTRADAY,MARKET,0.5,-205.75,0.02,-0.41,49794.25,-0.48
109,NSE_EQ:SBIN,2023-03-08 13:00:00+05:30,262635b4c3784ec7abb079b6bd37862e,SELL,5,560.35,INTRADAY,MARKET,2023-03-08 13:30:00+05:30,ac42e22431b4431f9807afbe1fe77584,BUY,5,560.55,INTRADAY,MARKET,-1.0,-206.75,-0.04,-0.41,49793.25,-0.48
110,NSE_EQ:SBIN,2023-03-08 13:30:00+05:30,e36ca51e249f413bb48cd7ce1a6e1b3e,BUY,5,560.55,INTRADAY,MARKET,2023-03-08 15:30:00+05:30,769d003cc4894066a844bd58be21aa22,SELL,5,563.5,INTRADAY,MARKET,14.75,-192.0,0.53,-0.38,49808.0,-0.45
111,NSE_EQ:SBIN,2023-03-09 11:00:00+05:30,ec2f82f47f09441fbc6e7490e99521bd,SELL,5,562.5,INTRADAY,MARKET,2023-03-09 12:45:00+05:30,26ee89c0de4c4f5e8a1c68c7f07681d5,BUY,5,561.9,INTRADAY,MARKET,3.0,-189.0,0.11,-0.38,49811.0,-0.45
112,NSE_EQ:SBIN,2023-03-09 12:45:00+05:30,fa65a7ec537d4bf28c48b3bbc543648e,BUY,5,561.9,INTRADAY,MARKET,2023-03-09 13:30:00+05:30,c937477c722c465cb288b49d75464612,SELL,5,562.35,INTRADAY,MARKET,2.25,-186.75,0.08,-0.37,49813.25,-0.44
113,NSE_EQ:SBIN,2023-03-09 13:30:00+05:30,4682071f687140fda93433987efb5c2f,SELL,5,562.35,INTRADAY,MARKET,2023-03-09 15:30:00+05:30,c3d61c73706f47fa9d041f3291ee004c,BUY,5,558.7,INTRADAY,MARKET,18.25,-168.5,0.65,-0.34,49831.5,-0.41
114,NSE_EQ:SBIN,2023-03-13 09:30:00+05:30,0b1dd6e35be74745921412cf01b6f39b,BUY,5,550.15,INTRADAY,MARKET,2023-03-13 11:15:00+05:30,869915abcaeb489b9abe54264bf6c333,SELL,5,544.1,INTRADAY,MARKET,-30.25,-198.75,-1.1,-0.4,49801.25,-0.47
115,NSE_EQ:SBIN,2023-03-13 11:15:00+05:30,a023c1bdf86d4002831b8d449488b085,SELL,5,544.1,INTRADAY,MARKET,2023-03-13 15:30:00+05:30,e134416584404acab07ea539ca493060,BUY,5,530.0,INTRADAY,MARKET,70.5,-128.25,2.59,-0.26,49871.75,-0.33
116,NSE_EQ:SBIN,2023-03-14 13:30:00+05:30,84e3029bdf904ca3a6845a906e3f5349,BUY,5,524.35,INTRADAY,MARKET,2023-03-14 14:30:00+05:30,509e642f4ae941e18025d23bb9c61fa6,SELL,5,523.6,INTRADAY,MARKET,-3.75,-132.0,-0.14,-0.26,49868.0,-0.33
117,NSE_EQ:SBIN,2023-03-14 14:30:00+05:30,6ce4612eb54845ec93649b9153c13564,SELL,5,523.6,INTRADAY,MARKET,2023-03-14 15:30:00+05:30,19b773930dbf4455ad18d396695d580e,BUY,5,526.0,INTRADAY,MARKET,-12.0,-144.0,-0.46,-0.29,49856.0,-0.36
118,NSE_EQ:SBIN,2023-03-15 09:30:00+05:30,f1875f36de864d62a58490bed0c0b5ad,BUY,5,529.3,INTRADAY,MARKET,2023-03-15 12:30:00+05:30,4c9f8de53a7d45a79bfe1edc670df10d,SELL,5,526.9,INTRADAY,MARKET,-12.0,-156.0,-0.45,-0.31,49844.0,-0.38
119,NSE_EQ:SBIN,2023-03-15 12:30:00+05:30,01c9751547a540cfb6b69c829347d42a,SELL,5,526.9,INTRADAY,MARKET,2023-03-15 15:30:00+05:30,f163578469964f15a959cfad3e81997a,BUY,5,517.15,INTRADAY,MARKET,48.75,-107.25,1.85,-0.21,49892.75,-0.28
120,NSE_EQ:SBIN,2023-03-16 11:45:00+05:30,c30cdf01224c497190f314b6cab786ac,BUY,5,521.6,INTRADAY,MARKET,2023-03-16 13:45:00+05:30,c8b74c3475954b269a0cf89ee9cfc14e,SELL,5,520.4,INTRADAY,MARKET,-6.0,-113.25,-0.23,-0.23,49886.75,-0.3
121,NSE_EQ:SBIN,2023-03-16 13:45:00+05:30,2e3847cab3a14c4581e1e23c0bf2285f,SELL,5,520.4,INTRADAY,MARKET,2023-03-16 14:15:00+05:30,e2c15a52eb504a49a7db64257697b437,BUY,5,526.45,INTRADAY,MARKET,-30.25,-143.5,-1.16,-0.29,49856.5,-0.36
122,NSE_EQ:SBIN,2023-03-16 14:15:00+05:30,18c6cfdd741f4d7eae5f1621236e8eb9,BUY,5,526.45,INTRADAY,MARKET,2023-03-16 15:30:00+05:30,65dfcd1bd39a43ac858dff7b51d368a1,SELL,5,525.65,INTRADAY,MARKET,-4.0,-147.5,-0.15,-0.3,49852.5,-0.36
123,NSE_EQ:SBIN,2023-03-17 11:15:00+05:30,ee35f430f5a748f2ab6ccddc18c153d6,SELL,5,521.5,INTRADAY,MARKET,2023-03-17 14:00:00+05:30,20b2a89112cc46bda41aa57abe34ff24,BUY,5,523.65,INTRADAY,MARKET,-10.75,-158.25,-0.41,-0.32,49841.75,-0.39
124,NSE_EQ:SBIN,2023-03-17 14:00:00+05:30,5880448f4942433e8ce1eeefb600f21a,BUY,5,523.65,INTRADAY,MARKET,2023-03-17 15:30:00+05:30,6470a72873eb4ba898f43cacc2bb9b6e,SELL,5,531.0,INTRADAY,MARKET,36.75,-121.5,1.4,-0.24,49878.5,-0.31
125,NSE_EQ:SBIN,2023-03-20 09:30:00+05:30,17fd1013d32b4e52ac75bedac5e10420,SELL,5,522.2,INTRADAY,MARKET,2023-03-20 15:15:00+05:30,86e1926ebf5f41cb8c7fb1c68bfed0d0,BUY,5,519.55,INTRADAY,MARKET,13.25,-108.25,0.51,-0.22,49891.75,-0.29
126,NSE_EQ:SBIN,2023-03-20 15:15:00+05:30,3b8594fb2a9f466bb47fcf5daa48012a,BUY,5,519.55,INTRADAY,MARKET,2023-03-20 15:30:00+05:30,d6ad567bb8e745a9af78a7d0d3c8e7fe,SELL,5,519.65,INTRADAY,MARKET,0.5,-107.75,0.02,-0.22,49892.25,-0.28
127,NSE_EQ:SBIN,2023-03-21 12:00:00+05:30,649ba8efd88e402bb3d68c4c8892fd5d,SELL,5,517.5,INTRADAY,MARKET,2023-03-21 12:45:00+05:30,ea5875b69e6b412485bd01de160d5487,BUY,5,518.85,INTRADAY,MARKET,-6.75,-114.5,-0.26,-0.23,49885.5,-0.3
128,NSE_EQ:SBIN,2023-03-21 12:45:00+05:30,594132524e4c4262974f634900ce460e,BUY,5,518.85,INTRADAY,MARKET,2023-03-21 13:15:00+05:30,abf8ef8ace11442f93ad600958296bcb,SELL,5,521.25,INTRADAY,MARKET,12.0,-102.5,0.46,-0.2,49897.5,-0.27
129,NSE_EQ:SBIN,2023-03-21 13:15:00+05:30,38b31cffea404cfbb5d59a44e7669ab1,SELL,5,521.25,INTRADAY,MARKET,2023-03-21 14:00:00+05:30,a96804baa7cc406886460c1108d135a7,BUY,5,521.05,INTRADAY,MARKET,1.0,-101.5,0.04,-0.2,49898.5,-0.27
130,NSE_EQ:SBIN,2023-03-21 14:00:00+05:30,2faeda9f3dcf4b9db491f8cfc3f31499,BUY,5,521.05,INTRADAY,MARKET,2023-03-21 15:30:00+05:30,7f2c7b15dcc64e06acbcd7e4f431beee,SELL,5,521.9,INTRADAY,MARKET,4.25,-97.25,0.16,-0.19,49902.75,-0.26
131,NSE_EQ:SBIN,2023-03-22 12:45:00+05:30,cdded4c5c8534381b4eacea4121094a2,SELL,5,524.5,INTRADAY,MARKET,2023-03-22 13:45:00+05:30,83d291fa37b94a9c9c20921445e53315,BUY,5,525.4,INTRADAY,MARKET,-4.5,-101.75,-0.17,-0.2,49898.25,-0.27
132,NSE_EQ:SBIN,2023-03-22 13:45:00+05:30,01c46a9a5dbc417aa591ddf719b03a07,BUY,5,525.4,INTRADAY,MARKET,2023-03-22 14:30:00+05:30,dc689fdb6e6d4efd9eaccd62e5a075a9,SELL,5,523.2,INTRADAY,MARKET,-11.0,-112.75,-0.42,-0.23,49887.25,-0.29
133,NSE_EQ:SBIN,2023-03-22 14:30:00+05:30,1d1a1e71ed0a4702ad43dba13e486b6f,SELL,5,523.2,INTRADAY,MARKET,2023-03-22 15:30:00+05:30,527bfc2305c74442b3d8596d0e9ea49f,BUY,5,521.1,INTRADAY,MARKET,10.5,-102.25,0.4,-0.2,49897.75,-0.27
134,NSE_EQ:SBIN,2023-03-23 12:30:00+05:30,9d45273f8a64460482ee48fc3da40d2c,BUY,5,517.7,INTRADAY,MARKET,2023-03-23 13:00:00+05:30,408e9e27f4eb46a5b791949abe87099f,SELL,5,518.9,INTRADAY,MARKET,6.0,-96.25,0.23,-0.19,49903.75,-0.26
135,NSE_EQ:SBIN,2023-03-23 13:00:00+05:30,2291eeee86c447349379edd8aac7f191,SELL,5,518.9,INTRADAY,MARKET,2023-03-23 14:00:00+05:30,f5f4a707cd9e405f888826b54ee556f9,BUY,5,518.1,INTRADAY,MARKET,4.0,-92.25,0.15,-0.18,49907.75,-0.25
136,NSE_EQ:SBIN,2023-03-23 14:00:00+05:30,80e975ad45494d0fb87516cb39b80193,BUY,5,518.1,INTRADAY,MARKET,2023-03-23 14:30:00+05:30,4743b27646d644b697e4e1ddd5297339,SELL,5,515.8,INTRADAY,MARKET,-11.5,-103.75,-0.44,-0.21,49896.25,-0.28
137,NSE_EQ:SBIN,2023-03-23 14:30:00+05:30,5cb57dc29c324f95ab88886b885fc4a7,SELL,5,515.8,INTRADAY,MARKET,2023-03-23 15:30:00+05:30,a5847c118f84433e8bd5e9aa9f777500,BUY,5,511.95,INTRADAY,MARKET,19.25,-84.5,0.75,-0.17,49915.5,-0.24
138,NSE_EQ:SBIN,2023-03-24 12:45:00+05:30,4dc38972be214112bc5ae56bf016a457,BUY,5,512.45,INTRADAY,MARKET,2023-03-24 14:15:00+05:30,f08798c070c5437f89c7389dc9c30755,SELL,5,510.65,INTRADAY,MARKET,-9.0,-93.5,-0.35,-0.19,49906.5,-0.26
139,NSE_EQ:SBIN,2023-03-24 14:15:00+05:30,cafb2e5a71084361b1aa862ea1ed3fd5,SELL,5,510.65,INTRADAY,MARKET,2023-03-24 15:30:00+05:30,1e9aaefd2f5d48478bbba9c86a7dad9d,BUY,5,505.05,INTRADAY,MARKET,28.0,-65.5,1.1,-0.13,49934.5,-0.2
140,NSE_EQ:SBIN,2023-03-27 11:30:00+05:30,ec5677cf9d8b4a80a9b2cefd0d9b011d,BUY,5,506.9,INTRADAY,MARKET,2023-03-27 15:30:00+05:30,01d2da739ded45229acdaac162e6f869,SELL,5,508.95,INTRADAY,MARKET,10.25,-55.25,0.4,-0.11,49944.75,-0.18
141,NSE_EQ:SBIN,2023-03-28 09:30:00+05:30,a3f1d1fb9d484aec93ef0f466608f80b,SELL,5,510.25,INTRADAY,MARKET,2023-03-28 15:15:00+05:30,2625090b752e49dbbc8ea89ac805ea16,BUY,5,507.8,INTRADAY,MARKET,12.25,-43.0,0.48,-0.09,49957.0,-0.16
142,NSE_EQ:SBIN,2023-03-28 15:15:00+05:30,ccdc6d7a93374238994ef39a8b7a4c38,BUY,5,507.8,INTRADAY,MARKET,2023-03-28 15:30:00+05:30,1cba44311a574d6f815d34524d0ef5d5,SELL,5,509.0,INTRADAY,MARKET,6.0,-37.0,0.24,-0.07,49963.0,-0.14
143,NSE_EQ:SBIN,2023-03-29 12:30:00+05:30,9db66da41b294c92a3d5d0d0bd7b6e6b,SELL,5,508.65,INTRADAY,MARKET,2023-03-29 13:30:00+05:30,832ce995d41344908382af36f9f71636,BUY,5,511.3,INTRADAY,MARKET,-13.25,-50.25,-0.52,-0.1,49949.75,-0.17
144,NSE_EQ:SBIN,2023-03-29 13:30:00+05:30,bdd4c1c7ed3640bc9ac05e11f2d6dde1,BUY,5,511.3,INTRADAY,MARKET,2023-03-29 15:30:00+05:30,3e0122f17ce247ab8ce3a1b27e895841,SELL,5,517.0,INTRADAY,MARKET,28.5,-21.75,1.11,-0.04,49978.25,-0.11
145,NSE_EQ:SBIN,2023-03-31 12:30:00+05:30,8327c04a2f5843aaa5be9b9b0b36fd91,SELL,5,521.35,INTRADAY,MARKET,2023-03-31 13:00:00+05:30,abe8b532eb49482aa531aae9c61a3797,BUY,5,521.55,INTRADAY,MARKET,-1.0,-22.75,-0.04,-0.05,49977.25,-0.11
146,NSE_EQ:SBIN,2023-03-31 13:00:00+05:30,06e5921418e44dbbaee4984f698184db,BUY,5,521.55,INTRADAY,MARKET,2023-03-31 15:30:00+05:30,bae5b9b760144725890cea70d27e76cd,SELL,5,524.4,INTRADAY,MARKET,14.25,-8.5,0.55,-0.02,49991.5,-0.09
