,INST,EN_TIME,EN_ID,EN_TT,EN_Q,EN_PRICE,EN_CODE,EN_VAR,EX_TIME,EX_ID,EX_TT,EX_Q,EX_PRICE,EX_CODE,EX_VAR,P&L,ROI,P&L %,ROI %,Equity Curve,Drawdown %
0,NSE_EQ:HEROMOTOCO,2023-01-02 12:15:00+05:30,dd02e1efd5db495084be8e4f72c16af9,SELL,2,2721.9,INTRADAY,MARKET,2023-01-02 15:30:00+05:30,c412e199f97142c7affbf26a23be909b,BUY,2,2715.55,INTRADAY,MARKET,12.7,12.7,0.23,0.03,50012.7,0.0
1,NSE_EQ:HEROMOTOCO,2023-01-05 10:15:00+05:30,6623d39936c94fba9716e0240b6dac56,BUY,2,2740.55,INTRADAY,MARKET,2023-01-05 13:15:00+05:30,7217e349adf843329f55d51844d94ab4,SELL,2,2738.7,INTRADAY,MARKET,-3.7,9.0,-0.07,0.02,50009.0,-0.01
2,NSE_EQ:HEROMOTOCO,2023-01-09 09:15:00+05:30,6c86375131a040b680534cde77de8a52,SELL,2,2757.0,INTRADAY,MARKET,2023-01-09 15:30:00+05:30,46c61dfbfa794f858270529ba98f0c30,BUY,2,2753.35,INTRADAY,MARKET,7.3,16.3,0.13,0.03,50016.3,0.0
3,NSE_EQ:HEROMOTOCO,2023-01-13 09:15:00+05:30,e687cabbb331455daa3a5a0db5fa9714,BUY,2,2683.3,INTRADAY,MARKET,2023-01-13 12:15:00+05:30,afecbc6449bd4b80be7ad621f209379f,SELL,2,2719.95,INTRADAY,MARKET,73.3,89.6,1.37,0.18,50089.600000000006,0.0
4,NSE_EQ:HEROMOTOCO,2023-01-18 14:15:00+05:30,7960516e845d412f9782d07be8427058,SELL,2,2759.95,INTRADAY,MARKET,2023-01-18 15:30:00+05:30,695f7a219dcc47a499553ec409d7a4fd,BUY,2,2771.95,INTRADAY,MARKET,-24.0,65.6,-0.43,0.13,50065.600000000006,-0.05
5,NSE_EQ:HEROMOTOCO,2023-01-23 11:15:00+05:30,ab1368ce160743cdb89a44807db0fd1d,BUY,2,2780.0,INTRADAY,MARKET,2023-01-23 15:30:00+05:30,ed4a542410f245578e64e0dc598dcfe9,SELL,2,2772.9,INTRADAY,MARKET,-14.2,51.4,-0.26,0.1,50051.40000000001,-0.08
6,NSE_EQ:HEROMOTOCO,2023-01-24 11:15:00+05:30,591203b4ae8e4bc28fc3400c7729f31b,SELL,2,2769.15,INTRADAY,MARKET,2023-01-24 15:30:00+05:30,a9c39c7985954b1cb1ec480248eb5cea,BUY,2,2773.9,INTRADAY,MARKET,-9.5,41.9,-0.17,0.08,50041.90000000001,-0.1
7,NSE_EQ:HEROMOTOCO,2023-01-25 14:15:00+05:30,14acb3b4e9004c9599a5e7d0f9cb209d,BUY,2,2790.45,INTRADAY,MARKET,2023-01-25 15:30:00+05:30,8665e4d02daa40ea8c2eaf9df7994202,SELL,2,2785.55,INTRADAY,MARKET,-9.8,32.1,-0.18,0.06,50032.100000000006,-0.11
8,NSE_EQ:HEROMOTOCO,2023-01-31 14:15:00+05:30,96c5ee5bca0f4dee865eaf9a46f781b4,BUY,2,2738.6,INTRADAY,MARKET,2023-01-31 15:30:00+05:30,765b339dc2ba48ff8e79d3b263325f70,SELL,2,2765.6,INTRADAY,MARKET,54.0,86.1,0.99,0.17,50086.100000000006,-0.01
9,NSE_EQ:HEROMOTOCO,2023-02-02 10:15:00+05:30,c04ce379e57e462b8da45fbc79835cdc,SELL,2,2686.7,INTRADAY,MARKET,2023-02-02 13:15:00+05:30,3a3dcbda01f644649b89191400d2fc71,BUY,2,2654.15,INTRADAY,MARKET,65.1,151.2,1.21,0.3,50151.200000000004,0.0
10,NSE_EQ:HEROMOTOCO,2023-02-06 10:15:00+05:30,698a6bd0988942d397f0aed01811d489,BUY,2,2686.5,INTRADAY,MARKET,2023-02-06 13:15:00+05:30,0f7897696462472a9975d94139aa95a9,SELL,2,2691.7,INTRADAY,MARKET,10.4,161.6,0.19,0.32,50161.600000000006,0.0
11,NSE_EQ:HEROMOTOCO,2023-02-07 13:15:00+05:30,49f9b40feb5b407780648e444e198034,SELL,2,2617.05,INTRADAY,MARKET,2023-02-07 15:30:00+05:30,5c0a0f1eb09c498081a7e5f4cedeb1ea,BUY,2,2655.05,INTRADAY,MARKET,-76.0,85.6,-1.45,0.17,50085.600000000006,-0.15
12,NSE_EQ:HEROMOTOCO,2023-02-10 12:15:00+05:30,7f341b47949b40d7ad42f91faed71413,BUY,2,2579.9,INTRADAY,MARKET,2023-02-10 15:15:00+05:30,b45509ed6e6345c781e9669655eaa9b8,SELL,2,2583.15,INTRADAY,MARKET,6.5,92.1,0.13,0.18,50092.100000000006,-0.14
13,NSE_EQ:HEROMOTOCO,2023-02-17 10:15:00+05:30,98f7fc5c18414c80a3b810f93ea130ae,SELL,2,2511.0,INTRADAY,MARKET,2023-02-17 14:15:00+05:30,fe27fa99ce5541eba632a85a1d237a93,BUY,2,2529.25,INTRADAY,MARKET,-36.5,55.6,-0.73,0.11,50055.600000000006,-0.21
14,NSE_EQ:HEROMOTOCO,2023-02-20 11:15:00+05:30,f098a719487644d3aab311dc8854d384,BUY,2,2533.8,INTRADAY,MARKET,2023-02-20 15:30:00+05:30,ffa9b6d6b8234f2ab21d051763e102b3,SELL,2,2527.8,INTRADAY,MARKET,-12.0,43.6,-0.24,0.09,50043.600000000006,-0.24
15,NSE_EQ:HEROMOTOCO,2023-02-22 11:15:00+05:30,b5bb51f23f514a899d545d6c9fb531bc,SELL,2,2518.65,INTRADAY,MARKET,2023-02-22 15:30:00+05:30,bc56ec443be34babb4aa16ca57d17434,BUY,2,2499.85,INTRADAY,MARKET,37.6,81.2,0.75,0.16,50081.200000000004,-0.16
16,NSE_EQ:HEROMOTOCO,2023-02-24 12:15:00+05:30,57420496594841169bcd03328db6bd72,BUY,2,2492.1,INTRADAY,MARKET,2023-02-24 15:30:00+05:30,61e35b0f4c1a4a8fbbb7f3605dc1dcd6,SELL,2,2485.2,INTRADAY,MARKET,-13.8,67.4,-0.28,0.13,50067.4,-0.19
17,NSE_EQ:HEROMOTOCO,2023-03-01 10:15:00+05:30,afff89ab03134afeb6d44269ed28115b,BUY,2,2436.3,INTRADAY,MARKET,2023-03-01 14:15:00+05:30,6e00a63517004ab58637d82312adf6dc,SELL,2,2425.0,INTRADAY,MARKET,-22.6,44.8,-0.46,0.09,50044.8,-0.23
18,NSE_EQ:HEROMOTOCO,2023-03-08 11:15:00+05:30,0130ad85ceb84a0795b5a515aec7b94f,SELL,2,2470.65,INTRADAY,MARKET,2023-03-08 15:15:00+05:30,778a454623d1475b96e52dbed33edfa2,BUY,2,2479.85,INTRADAY,MARKET,-18.4,26.4,-0.37,0.05,50026.4,-0.27
19,NSE_EQ:HEROMOTOCO,2023-03-15 11:15:00+05:30,ef3ef249d1fd466dbe37000986ac24b4,BUY,2,2386.8,INTRADAY,MARKET,2023-03-15 15:15:00+05:30,9ef125f51c1245b9b7e4d5831fc76ecc,SELL,2,2376.4,INTRADAY,MARKET,-20.8,5.6,-0.44,0.01,50005.6,-0.31
20,NSE_EQ:HEROMOTOCO,2023-03-17 11:15:00+05:30,b8815e21e63a48198779a224fda0ac08,SELL,2,2353.95,INTRADAY,MARKET,2023-03-17 15:15:00+05:30,e75d31e1cec141c58ac15b09daab3579,BUY,2,2357.15,INTRADAY,MARKET,-6.4,-0.8,-0.14,-0.0,49999.2,-0.32
21,NSE_EQ:HEROMOTOCO,2023-03-21 10:15:00+05:30,4dd0bf80a08346ffb1a0194cb6f093a1,BUY,2,2344.55,INTRADAY,MARKET,2023-03-21 13:15:00+05:30,41427f50acaa43299ac5ad04fc46cfc9,SELL,2,2348.7,INTRADAY,MARKET,8.3,7.5,0.18,0.01,50007.5,-0.31
22,NSE_EQ:HEROMOTOCO,2023-03-24 11:15:00+05:30,d4575e5548424df39f36949f1c17cef9,SELL,2,2343.85,INTRADAY,MARKET,2023-03-24 14:15:00+05:30,f4cf6469c68f4d1b81aaa1e38d5345a6,BUY,2,2329.25,INTRADAY,MARKET,29.2,36.7,0.62,0.07,50036.7,-0.25
23,NSE_EQ:HEROMOTOCO,2023-03-29 12:15:00+05:30,b4e65c3b47674facb4109926a707a99a,BUY,2,2285.85,INTRADAY,MARKET,2023-03-29 15:30:00+05:30,f1d79c9db8824dc3b0aa3f1746171d36,SELL,2,2305.95,INTRADAY,MARKET,40.2,76.9,0.88,0.15,50076.899999999994,-0.17
